ok  	github.com/otuschhoff/rados-go	1.643s
?   	github.com/otuschhoff/rados-go/examples/atomic	[no test files]
?   	github.com/otuschhoff/rados-go/examples/basic	[no test files]
ok  	github.com/otuschhoff/rados-go/integration/p03/probe	4.050s
ok  	github.com/otuschhoff/rados-go/integration/p03/rfc8009-oracle	3.717s
?   	github.com/otuschhoff/rados-go/integration/p04/probe	[no test files]
?   	github.com/otuschhoff/rados-go/integration/p06/probe	[no test files]
?   	github.com/otuschhoff/rados-go/integration/p07/benchmark	[no test files]
?   	github.com/otuschhoff/rados-go/integration/p07/probe	[no test files]
ok  	github.com/otuschhoff/rados-go/integration/p07/timing-summary	3.005s
?   	github.com/otuschhoff/rados-go/integration/p08/probe	[no test files]
?   	github.com/otuschhoff/rados-go/integration/p09/probe	[no test files]
?   	github.com/otuschhoff/rados-go/integration/p10/probe	[no test files]
?   	github.com/otuschhoff/rados-go/integration/p11/probe	[no test files]
?   	github.com/otuschhoff/rados-go/integration/p12/platform-probe	[no test files]
?   	github.com/otuschhoff/rados-go/integration/p13/probe	[no test files]
ok  	github.com/otuschhoff/rados-go/internal/cephx	2.626s
ok  	github.com/otuschhoff/rados-go/internal/crush	3.498s
ok  	github.com/otuschhoff/rados-go/internal/encoding	1.821s
ok  	github.com/otuschhoff/rados-go/internal/maps	2.998s
ok  	github.com/otuschhoff/rados-go/internal/mgr	4.512s
ok  	github.com/otuschhoff/rados-go/internal/mon	4.495s
ok  	github.com/otuschhoff/rados-go/internal/msgr	4.487s
ok  	github.com/otuschhoff/rados-go/internal/objecter	5.107s
ok  	github.com/otuschhoff/rados-go/internal/osd	3.052s
ok  	github.com/otuschhoff/rados-go/internal/p12fuzzcontract	3.059s
ok  	github.com/otuschhoff/rados-go/internal/p12fuzzevidence	3.477s
ok  	github.com/otuschhoff/rados-go/internal/p12qualcontract	3.332s
ok  	github.com/otuschhoff/rados-go/internal/perfbaseline	3.539s
ok  	github.com/otuschhoff/rados-go/internal/protocol	3.565s
ok  	github.com/otuschhoff/rados-go/tools/api-inventory	3.431s
ok  	github.com/otuschhoff/rados-go/tools/p00-verify	3.601s
ok  	github.com/otuschhoff/rados-go/tools/p01-verify	2.950s
ok  	github.com/otuschhoff/rados-go/tools/p02-verify	2.912s
ok  	github.com/otuschhoff/rados-go/tools/p03-verify	3.237s
?   	github.com/otuschhoff/rados-go/tools/p04-verify	[no test files]
?   	github.com/otuschhoff/rados-go/tools/p05-verify	[no test files]
?   	github.com/otuschhoff/rados-go/tools/p06-verify	[no test files]
ok  	github.com/otuschhoff/rados-go/tools/p07-verify	3.226s
ok  	github.com/otuschhoff/rados-go/tools/p08-verify	3.195s
ok  	github.com/otuschhoff/rados-go/tools/p09-verify	3.477s
ok  	github.com/otuschhoff/rados-go/tools/p10-verify	3.498s
ok  	github.com/otuschhoff/rados-go/tools/p11-verify	3.475s
ok  	github.com/otuschhoff/rados-go/tools/p12-fuzz	3.481s
ok  	github.com/otuschhoff/rados-go/tools/p12-qualify	3.459s
ok  	github.com/otuschhoff/rados-go/tools/p12-release	3.517s
ok  	github.com/otuschhoff/rados-go/tools/p12-verify	5.871s
ok  	github.com/otuschhoff/rados-go/tools/p13-verify	3.451s
ok  	github.com/otuschhoff/rados-go/tools/perf-baseline	5.592s
ok  	github.com/otuschhoff/rados-go/tools/perf-mode-check	3.741s
