{"Time":"2026-09-30T18:35:13.057774+02:00","Action":"start","Package":"github.com/otuschhoff/rados-go/internal/maps"}
{"Time":"2026-09-30T18:35:13.098847+02:00","Action":"start","Package":"github.com/otuschhoff/rados-go/internal/msgr"}
{"Time":"2026-09-30T18:35:14.061928+02:00","Action":"run","Package":"github.com/otuschhoff/rados-go/internal/maps","Test":"TestPerformancePlacementFixtures"}
{"Time":"2026-09-30T18:35:14.061999+02:00","Action":"output","Package":"github.com/otuschhoff/rados-go/internal/maps","Test":"TestPerformancePlacementFixtures","Output":"=== RUN   TestPerformancePlacementFixtures\n","OutputType":"frame"}
{"Time":"2026-09-30T18:35:14.062152+02:00","Action":"run","Package":"github.com/otuschhoff/rados-go/internal/maps","Test":"TestPerformancePlacementFixtures/UnrelatedBuckets=0"}
{"Time":"2026-09-30T18:35:14.062167+02:00","Action":"output","Package":"github.com/otuschhoff/rados-go/internal/maps","Test":"TestPerformancePlacementFixtures/UnrelatedBuckets=0","Output":"=== RUN   TestPerformancePlacementFixtures/UnrelatedBuckets=0\n","OutputType":"frame"}
{"Time":"2026-09-30T18:35:14.062708+02:00","Action":"output","Package":"github.com/otuschhoff/rados-go/internal/maps","Test":"TestPerformancePlacementFixtures/UnrelatedBuckets=0","Output":"--- PASS: TestPerformancePlacementFixtures/UnrelatedBuckets=0 (0.00s)\n","OutputType":"frame"}
{"Time":"2026-09-30T18:35:14.062717+02:00","Action":"pass","Package":"github.com/otuschhoff/rados-go/internal/maps","Test":"TestPerformancePlacementFixtures/UnrelatedBuckets=0","Elapsed":0}
{"Time":"2026-09-30T18:35:14.062733+02:00","Action":"run","Package":"github.com/otuschhoff/rados-go/internal/maps","Test":"TestPerformancePlacementFixtures/UnrelatedBuckets=64"}
{"Time":"2026-09-30T18:35:14.062735+02:00","Action":"output","Package":"github.com/otuschhoff/rados-go/internal/maps","Test":"TestPerformancePlacementFixtures/UnrelatedBuckets=64","Output":"=== RUN   TestPerformancePlacementFixtures/UnrelatedBuckets=64\n","OutputType":"frame"}
{"Time":"2026-09-30T18:35:14.063023+02:00","Action":"output","Package":"github.com/otuschhoff/rados-go/internal/maps","Test":"TestPerformancePlacementFixtures/UnrelatedBuckets=64","Output":"--- PASS: TestPerformancePlacementFixtures/UnrelatedBuckets=64 (0.00s)\n","OutputType":"frame"}
{"Time":"2026-09-30T18:35:14.06303+02:00","Action":"pass","Package":"github.com/otuschhoff/rados-go/internal/maps","Test":"TestPerformancePlacementFixtures/UnrelatedBuckets=64","Elapsed":0}
{"Time":"2026-09-30T18:35:14.063032+02:00","Action":"run","Package":"github.com/otuschhoff/rados-go/internal/maps","Test":"TestPerformancePlacementFixtures/UnrelatedBuckets=1024"}
{"Time":"2026-09-30T18:35:14.063036+02:00","Action":"output","Package":"github.com/otuschhoff/rados-go/internal/maps","Test":"TestPerformancePlacementFixtures/UnrelatedBuckets=1024","Output":"=== RUN   TestPerformancePlacementFixtures/UnrelatedBuckets=1024\n","OutputType":"frame"}
{"Time":"2026-09-30T18:35:14.063754+02:00","Action":"output","Package":"github.com/otuschhoff/rados-go/internal/maps","Test":"TestPerformancePlacementFixtures/UnrelatedBuckets=1024","Output":"--- PASS: TestPerformancePlacementFixtures/UnrelatedBuckets=1024 (0.00s)\n","OutputType":"frame"}
{"Time":"2026-09-30T18:35:14.063764+02:00","Action":"pass","Package":"github.com/otuschhoff/rados-go/internal/maps","Test":"TestPerformancePlacementFixtures/UnrelatedBuckets=1024","Elapsed":0}
{"Time":"2026-09-30T18:35:14.063772+02:00","Action":"run","Package":"github.com/otuschhoff/rados-go/internal/maps","Test":"TestPerformancePlacementFixtures/UnrelatedBuckets=4096"}
{"Time":"2026-09-30T18:35:14.063774+02:00","Action":"output","Package":"github.com/otuschhoff/rados-go/internal/maps","Test":"TestPerformancePlacementFixtures/UnrelatedBuckets=4096","Output":"=== RUN   TestPerformancePlacementFixtures/UnrelatedBuckets=4096\n","OutputType":"frame"}
{"Time":"2026-09-30T18:35:14.067178+02:00","Action":"output","Package":"github.com/otuschhoff/rados-go/internal/maps","Test":"TestPerformancePlacementFixtures/UnrelatedBuckets=4096","Output":"--- PASS: TestPerformancePlacementFixtures/UnrelatedBuckets=4096 (0.00s)\n","OutputType":"frame"}
{"Time":"2026-09-30T18:35:14.067188+02:00","Action":"pass","Package":"github.com/otuschhoff/rados-go/internal/maps","Test":"TestPerformancePlacementFixtures/UnrelatedBuckets=4096","Elapsed":0}
{"Time":"2026-09-30T18:35:14.067191+02:00","Action":"output","Package":"github.com/otuschhoff/rados-go/internal/maps","Test":"TestPerformancePlacementFixtures","Output":"--- PASS: TestPerformancePlacementFixtures (0.01s)\n","OutputType":"frame"}
{"Time":"2026-09-30T18:35:14.067194+02:00","Action":"pass","Package":"github.com/otuschhoff/rados-go/internal/maps","Test":"TestPerformancePlacementFixtures","Elapsed":0.01}
{"Time":"2026-09-30T18:35:14.067202+02:00","Action":"run","Package":"github.com/otuschhoff/rados-go/internal/maps","Test":"TestPerformanceIncrementalFixtures"}
{"Time":"2026-09-30T18:35:14.067206+02:00","Action":"output","Package":"github.com/otuschhoff/rados-go/internal/maps","Test":"TestPerformanceIncrementalFixtures","Output":"=== RUN   TestPerformanceIncrementalFixtures\n","OutputType":"frame"}
{"Time":"2026-09-30T18:35:14.067211+02:00","Action":"run","Package":"github.com/otuschhoff/rados-go/internal/maps","Test":"TestPerformanceIncrementalFixtures/OSDs=4/OverridePGs=0"}
{"Time":"2026-09-30T18:35:14.067213+02:00","Action":"output","Package":"github.com/otuschhoff/rados-go/internal/maps","Test":"TestPerformanceIncrementalFixtures/OSDs=4/OverridePGs=0","Output":"=== RUN   TestPerformanceIncrementalFixtures/OSDs=4/OverridePGs=0\n","OutputType":"frame"}
{"Time":"2026-09-30T18:35:14.067296+02:00","Action":"output","Package":"github.com/otuschhoff/rados-go/internal/maps","Test":"TestPerformanceIncrementalFixtures/OSDs=4/OverridePGs=0","Output":"--- PASS: TestPerformanceIncrementalFixtures/OSDs=4/OverridePGs=0 (0.00s)\n","OutputType":"frame"}
{"Time":"2026-09-30T18:35:14.067304+02:00","Action":"pass","Package":"github.com/otuschhoff/rados-go/internal/maps","Test":"TestPerformanceIncrementalFixtures/OSDs=4/OverridePGs=0","Elapsed":0}
{"Time":"2026-09-30T18:35:14.067321+02:00","Action":"run","Package":"github.com/otuschhoff/rados-go/internal/maps","Test":"TestPerformanceIncrementalFixtures/OSDs=64/OverridePGs=0"}
{"Time":"2026-09-30T18:35:14.067325+02:00","Action":"output","Package":"github.com/otuschhoff/rados-go/internal/maps","Test":"TestPerformanceIncrementalFixtures/OSDs=64/OverridePGs=0","Output":"=== RUN   TestPerformanceIncrementalFixtures/OSDs=64/OverridePGs=0\n","OutputType":"frame"}
{"Time":"2026-09-30T18:35:14.067419+02:00","Action":"output","Package":"github.com/otuschhoff/rados-go/internal/maps","Test":"TestPerformanceIncrementalFixtures/OSDs=64/OverridePGs=0","Output":"--- PASS: TestPerformanceIncrementalFixtures/OSDs=64/OverridePGs=0 (0.00s)\n","OutputType":"frame"}
{"Time":"2026-09-30T18:35:14.067426+02:00","Action":"pass","Package":"github.com/otuschhoff/rados-go/internal/maps","Test":"TestPerformanceIncrementalFixtures/OSDs=64/OverridePGs=0","Elapsed":0}
{"Time":"2026-09-30T18:35:14.067429+02:00","Action":"run","Package":"github.com/otuschhoff/rados-go/internal/maps","Test":"TestPerformanceIncrementalFixtures/OSDs=1024/OverridePGs=0"}
{"Time":"2026-09-30T18:35:14.067431+02:00","Action":"output","Package":"github.com/otuschhoff/rados-go/internal/maps","Test":"TestPerformanceIncrementalFixtures/OSDs=1024/OverridePGs=0","Output":"=== RUN   TestPerformanceIncrementalFixtures/OSDs=1024/OverridePGs=0\n","OutputType":"frame"}
{"Time":"2026-09-30T18:35:14.06885+02:00","Action":"output","Package":"github.com/otuschhoff/rados-go/internal/maps","Test":"TestPerformanceIncrementalFixtures/OSDs=1024/OverridePGs=0","Output":"--- PASS: TestPerformanceIncrementalFixtures/OSDs=1024/OverridePGs=0 (0.00s)\n","OutputType":"frame"}
{"Time":"2026-09-30T18:35:14.068856+02:00","Action":"pass","Package":"github.com/otuschhoff/rados-go/internal/maps","Test":"TestPerformanceIncrementalFixtures/OSDs=1024/OverridePGs=0","Elapsed":0}
{"Time":"2026-09-30T18:35:14.068858+02:00","Action":"run","Package":"github.com/otuschhoff/rados-go/internal/maps","Test":"TestPerformanceIncrementalFixtures/OSDs=4096/OverridePGs=0"}
{"Time":"2026-09-30T18:35:14.068859+02:00","Action":"output","Package":"github.com/otuschhoff/rados-go/internal/maps","Test":"TestPerformanceIncrementalFixtures/OSDs=4096/OverridePGs=0","Output":"=== RUN   TestPerformanceIncrementalFixtures/OSDs=4096/OverridePGs=0\n","OutputType":"frame"}
{"Time":"2026-09-30T18:35:14.075691+02:00","Action":"output","Package":"github.com/otuschhoff/rados-go/internal/maps","Test":"TestPerformanceIncrementalFixtures/OSDs=4096/OverridePGs=0","Output":"--- PASS: TestPerformanceIncrementalFixtures/OSDs=4096/OverridePGs=0 (0.01s)\n","OutputType":"frame"}
{"Time":"2026-09-30T18:35:14.075713+02:00","Action":"pass","Package":"github.com/otuschhoff/rados-go/internal/maps","Test":"TestPerformanceIncrementalFixtures/OSDs=4096/OverridePGs=0","Elapsed":0.01}
{"Time":"2026-09-30T18:35:14.075717+02:00","Action":"run","Package":"github.com/otuschhoff/rados-go/internal/maps","Test":"TestPerformanceIncrementalFixtures/OSDs=4/OverridePGs=64"}
{"Time":"2026-09-30T18:35:14.075719+02:00","Action":"output","Package":"github.com/otuschhoff/rados-go/internal/maps","Test":"TestPerformanceIncrementalFixtures/OSDs=4/OverridePGs=64","Output":"=== RUN   TestPerformanceIncrementalFixtures/OSDs=4/OverridePGs=64\n","OutputType":"frame"}
{"Time":"2026-09-30T18:35:14.076031+02:00","Action":"output","Package":"github.com/otuschhoff/rados-go/internal/maps","Test":"TestPerformanceIncrementalFixtures/OSDs=4/OverridePGs=64","Output":"--- PASS: TestPerformanceIncrementalFixtures/OSDs=4/OverridePGs=64 (0.00s)\n","OutputType":"frame"}
{"Time":"2026-09-30T18:35:14.076039+02:00","Action":"pass","Package":"github.com/otuschhoff/rados-go/internal/maps","Test":"TestPerformanceIncrementalFixtures/OSDs=4/OverridePGs=64","Elapsed":0}
{"Time":"2026-09-30T18:35:14.076042+02:00","Action":"run","Package":"github.com/otuschhoff/rados-go/internal/maps","Test":"TestPerformanceIncrementalFixtures/OSDs=4/OverridePGs=1024"}
{"Time":"2026-09-30T18:35:14.076043+02:00","Action":"output","Package":"github.com/otuschhoff/rados-go/internal/maps","Test":"TestPerformanceIncrementalFixtures/OSDs=4/OverridePGs=1024","Output":"=== RUN   TestPerformanceIncrementalFixtures/OSDs=4/OverridePGs=1024\n","OutputType":"frame"}
{"Time":"2026-09-30T18:35:14.081525+02:00","Action":"output","Package":"github.com/otuschhoff/rados-go/internal/maps","Test":"TestPerformanceIncrementalFixtures/OSDs=4/OverridePGs=1024","Output":"--- PASS: TestPerformanceIncrementalFixtures/OSDs=4/OverridePGs=1024 (0.01s)\n","OutputType":"frame"}
{"Time":"2026-09-30T18:35:14.081541+02:00","Action":"pass","Package":"github.com/otuschhoff/rados-go/internal/maps","Test":"TestPerformanceIncrementalFixtures/OSDs=4/OverridePGs=1024","Elapsed":0.01}
{"Time":"2026-09-30T18:35:14.081546+02:00","Action":"run","Package":"github.com/otuschhoff/rados-go/internal/maps","Test":"TestPerformanceIncrementalFixtures/OSDs=4/OverridePGs=4096"}
{"Time":"2026-09-30T18:35:14.081548+02:00","Action":"output","Package":"github.com/otuschhoff/rados-go/internal/maps","Test":"TestPerformanceIncrementalFixtures/OSDs=4/OverridePGs=4096","Output":"=== RUN   TestPerformanceIncrementalFixtures/OSDs=4/OverridePGs=4096\n","OutputType":"frame"}
{"Time":"2026-09-30T18:35:14.105554+02:00","Action":"output","Package":"github.com/otuschhoff/rados-go/internal/maps","Test":"TestPerformanceIncrementalFixtures/OSDs=4/OverridePGs=4096","Output":"--- PASS: TestPerformanceIncrementalFixtures/OSDs=4/OverridePGs=4096 (0.02s)\n","OutputType":"frame"}
{"Time":"2026-09-30T18:35:14.105576+02:00","Action":"pass","Package":"github.com/otuschhoff/rados-go/internal/maps","Test":"TestPerformanceIncrementalFixtures/OSDs=4/OverridePGs=4096","Elapsed":0.02}
{"Time":"2026-09-30T18:35:14.105581+02:00","Action":"output","Package":"github.com/otuschhoff/rados-go/internal/maps","Test":"TestPerformanceIncrementalFixtures","Output":"--- PASS: TestPerformanceIncrementalFixtures (0.04s)\n","OutputType":"frame"}
{"Time":"2026-09-30T18:35:14.105584+02:00","Action":"pass","Package":"github.com/otuschhoff/rados-go/internal/maps","Test":"TestPerformanceIncrementalFixtures","Elapsed":0.04}
{"Time":"2026-09-30T18:35:14.105586+02:00","Action":"output","Package":"github.com/otuschhoff/rados-go/internal/maps","Output":"PASS\n","OutputType":"frame"}
{"Time":"2026-09-30T18:35:14.106813+02:00","Action":"output","Package":"github.com/otuschhoff/rados-go/internal/maps","Output":"ok  \tgithub.com/otuschhoff/rados-go/internal/maps\t1.049s\n"}
{"Time":"2026-09-30T18:35:14.106837+02:00","Action":"pass","Package":"github.com/otuschhoff/rados-go/internal/maps","Elapsed":1.049}
{"Time":"2026-09-30T18:35:14.936875+02:00","Action":"run","Package":"github.com/otuschhoff/rados-go/internal/msgr","Test":"TestPerformanceQueueFixture"}
{"Time":"2026-09-30T18:35:14.936936+02:00","Action":"output","Package":"github.com/otuschhoff/rados-go/internal/msgr","Test":"TestPerformanceQueueFixture","Output":"=== RUN   TestPerformanceQueueFixture\n","OutputType":"frame"}
{"Time":"2026-09-30T18:35:14.936946+02:00","Action":"run","Package":"github.com/otuschhoff/rados-go/internal/msgr","Test":"TestPerformanceQueueFixture/depth=1/drain=false"}
{"Time":"2026-09-30T18:35:14.936954+02:00","Action":"output","Package":"github.com/otuschhoff/rados-go/internal/msgr","Test":"TestPerformanceQueueFixture/depth=1/drain=false","Output":"=== RUN   TestPerformanceQueueFixture/depth=1/drain=false\n","OutputType":"frame"}
{"Time":"2026-09-30T18:35:14.937084+02:00","Action":"output","Package":"github.com/otuschhoff/rados-go/internal/msgr","Test":"TestPerformanceQueueFixture/depth=1/drain=false","Output":"--- PASS: TestPerformanceQueueFixture/depth=1/drain=false (0.00s)\n","OutputType":"frame"}
{"Time":"2026-09-30T18:35:14.937089+02:00","Action":"pass","Package":"github.com/otuschhoff/rados-go/internal/msgr","Test":"TestPerformanceQueueFixture/depth=1/drain=false","Elapsed":0}
{"Time":"2026-09-30T18:35:14.937106+02:00","Action":"run","Package":"github.com/otuschhoff/rados-go/internal/msgr","Test":"TestPerformanceQueueFixture/depth=1/drain=true"}
{"Time":"2026-09-30T18:35:14.937109+02:00","Action":"output","Package":"github.com/otuschhoff/rados-go/internal/msgr","Test":"TestPerformanceQueueFixture/depth=1/drain=true","Output":"=== RUN   TestPerformanceQueueFixture/depth=1/drain=true\n","OutputType":"frame"}
{"Time":"2026-09-30T18:35:14.937113+02:00","Action":"output","Package":"github.com/otuschhoff/rados-go/internal/msgr","Test":"TestPerformanceQueueFixture/depth=1/drain=true","Output":"--- PASS: TestPerformanceQueueFixture/depth=1/drain=true (0.00s)\n","OutputType":"frame"}
{"Time":"2026-09-30T18:35:14.937116+02:00","Action":"pass","Package":"github.com/otuschhoff/rados-go/internal/msgr","Test":"TestPerformanceQueueFixture/depth=1/drain=true","Elapsed":0}
{"Time":"2026-09-30T18:35:14.937118+02:00","Action":"run","Package":"github.com/otuschhoff/rados-go/internal/msgr","Test":"TestPerformanceQueueFixture/depth=64/drain=false"}
{"Time":"2026-09-30T18:35:14.937125+02:00","Action":"output","Package":"github.com/otuschhoff/rados-go/internal/msgr","Test":"TestPerformanceQueueFixture/depth=64/drain=false","Output":"=== RUN   TestPerformanceQueueFixture/depth=64/drain=false\n","OutputType":"frame"}
{"Time":"2026-09-30T18:35:14.937236+02:00","Action":"output","Package":"github.com/otuschhoff/rados-go/internal/msgr","Test":"TestPerformanceQueueFixture/depth=64/drain=false","Output":"--- PASS: TestPerformanceQueueFixture/depth=64/drain=false (0.00s)\n","OutputType":"frame"}
{"Time":"2026-09-30T18:35:14.937285+02:00","Action":"pass","Package":"github.com/otuschhoff/rados-go/internal/msgr","Test":"TestPerformanceQueueFixture/depth=64/drain=false","Elapsed":0}
{"Time":"2026-09-30T18:35:14.937303+02:00","Action":"run","Package":"github.com/otuschhoff/rados-go/internal/msgr","Test":"TestPerformanceQueueFixture/depth=64/drain=true"}
{"Time":"2026-09-30T18:35:14.937306+02:00","Action":"output","Package":"github.com/otuschhoff/rados-go/internal/msgr","Test":"TestPerformanceQueueFixture/depth=64/drain=true","Output":"=== RUN   TestPerformanceQueueFixture/depth=64/drain=true\n","OutputType":"frame"}
{"Time":"2026-09-30T18:35:14.937427+02:00","Action":"output","Package":"github.com/otuschhoff/rados-go/internal/msgr","Test":"TestPerformanceQueueFixture/depth=64/drain=true","Output":"--- PASS: TestPerformanceQueueFixture/depth=64/drain=true (0.00s)\n","OutputType":"frame"}
{"Time":"2026-09-30T18:35:14.937534+02:00","Action":"pass","Package":"github.com/otuschhoff/rados-go/internal/msgr","Test":"TestPerformanceQueueFixture/depth=64/drain=true","Elapsed":0}
{"Time":"2026-09-30T18:35:14.93754+02:00","Action":"run","Package":"github.com/otuschhoff/rados-go/internal/msgr","Test":"TestPerformanceQueueFixture/depth=1024/drain=false"}
{"Time":"2026-09-30T18:35:14.937551+02:00","Action":"output","Package":"github.com/otuschhoff/rados-go/internal/msgr","Test":"TestPerformanceQueueFixture/depth=1024/drain=false","Output":"=== RUN   TestPerformanceQueueFixture/depth=1024/drain=false\n","OutputType":"frame"}
{"Time":"2026-09-30T18:35:14.941285+02:00","Action":"output","Package":"github.com/otuschhoff/rados-go/internal/msgr","Test":"TestPerformanceQueueFixture/depth=1024/drain=false","Output":"--- PASS: TestPerformanceQueueFixture/depth=1024/drain=false (0.00s)\n","OutputType":"frame"}
{"Time":"2026-09-30T18:35:14.941299+02:00","Action":"pass","Package":"github.com/otuschhoff/rados-go/internal/msgr","Test":"TestPerformanceQueueFixture/depth=1024/drain=false","Elapsed":0}
{"Time":"2026-09-30T18:35:14.941302+02:00","Action":"run","Package":"github.com/otuschhoff/rados-go/internal/msgr","Test":"TestPerformanceQueueFixture/depth=1024/drain=true"}
{"Time":"2026-09-30T18:35:14.941304+02:00","Action":"output","Package":"github.com/otuschhoff/rados-go/internal/msgr","Test":"TestPerformanceQueueFixture/depth=1024/drain=true","Output":"=== RUN   TestPerformanceQueueFixture/depth=1024/drain=true\n","OutputType":"frame"}
{"Time":"2026-09-30T18:35:14.943126+02:00","Action":"output","Package":"github.com/otuschhoff/rados-go/internal/msgr","Test":"TestPerformanceQueueFixture/depth=1024/drain=true","Output":"--- PASS: TestPerformanceQueueFixture/depth=1024/drain=true (0.00s)\n","OutputType":"frame"}
{"Time":"2026-09-30T18:35:14.943134+02:00","Action":"pass","Package":"github.com/otuschhoff/rados-go/internal/msgr","Test":"TestPerformanceQueueFixture/depth=1024/drain=true","Elapsed":0}
{"Time":"2026-09-30T18:35:14.943137+02:00","Action":"run","Package":"github.com/otuschhoff/rados-go/internal/msgr","Test":"TestPerformanceQueueFixture/depth=4096/drain=false"}
{"Time":"2026-09-30T18:35:14.943139+02:00","Action":"output","Package":"github.com/otuschhoff/rados-go/internal/msgr","Test":"TestPerformanceQueueFixture/depth=4096/drain=false","Output":"=== RUN   TestPerformanceQueueFixture/depth=4096/drain=false\n","OutputType":"frame"}
{"Time":"2026-09-30T18:35:14.996936+02:00","Action":"output","Package":"github.com/otuschhoff/rados-go/internal/msgr","Test":"TestPerformanceQueueFixture/depth=4096/drain=false","Output":"--- PASS: TestPerformanceQueueFixture/depth=4096/drain=false (0.05s)\n","OutputType":"frame"}
{"Time":"2026-09-30T18:35:14.996957+02:00","Action":"pass","Package":"github.com/otuschhoff/rados-go/internal/msgr","Test":"TestPerformanceQueueFixture/depth=4096/drain=false","Elapsed":0.05}
{"Time":"2026-09-30T18:35:14.996961+02:00","Action":"run","Package":"github.com/otuschhoff/rados-go/internal/msgr","Test":"TestPerformanceQueueFixture/depth=4096/drain=true"}
{"Time":"2026-09-30T18:35:14.996963+02:00","Action":"output","Package":"github.com/otuschhoff/rados-go/internal/msgr","Test":"TestPerformanceQueueFixture/depth=4096/drain=true","Output":"=== RUN   TestPerformanceQueueFixture/depth=4096/drain=true\n","OutputType":"frame"}
{"Time":"2026-09-30T18:35:15.001298+02:00","Action":"output","Package":"github.com/otuschhoff/rados-go/internal/msgr","Test":"TestPerformanceQueueFixture/depth=4096/drain=true","Output":"--- PASS: TestPerformanceQueueFixture/depth=4096/drain=true (0.00s)\n","OutputType":"frame"}
{"Time":"2026-09-30T18:35:15.001311+02:00","Action":"pass","Package":"github.com/otuschhoff/rados-go/internal/msgr","Test":"TestPerformanceQueueFixture/depth=4096/drain=true","Elapsed":0}
{"Time":"2026-09-30T18:35:15.001315+02:00","Action":"output","Package":"github.com/otuschhoff/rados-go/internal/msgr","Test":"TestPerformanceQueueFixture","Output":"--- PASS: TestPerformanceQueueFixture (0.06s)\n","OutputType":"frame"}
{"Time":"2026-09-30T18:35:15.001317+02:00","Action":"pass","Package":"github.com/otuschhoff/rados-go/internal/msgr","Test":"TestPerformanceQueueFixture","Elapsed":0.06}
{"Time":"2026-09-30T18:35:15.001319+02:00","Action":"run","Package":"github.com/otuschhoff/rados-go/internal/msgr","Test":"TestPerformanceSubmissionReplayFixture"}
{"Time":"2026-09-30T18:35:15.00132+02:00","Action":"output","Package":"github.com/otuschhoff/rados-go/internal/msgr","Test":"TestPerformanceSubmissionReplayFixture","Output":"=== RUN   TestPerformanceSubmissionReplayFixture\n","OutputType":"frame"}
{"Time":"2026-09-30T18:35:15.001392+02:00","Action":"run","Package":"github.com/otuschhoff/rados-go/internal/msgr","Test":"TestPerformanceSubmissionReplayFixture/crc/bytes=4096/replay=false"}
{"Time":"2026-09-30T18:35:15.001405+02:00","Action":"output","Package":"github.com/otuschhoff/rados-go/internal/msgr","Test":"TestPerformanceSubmissionReplayFixture/crc/bytes=4096/replay=false","Output":"=== RUN   TestPerformanceSubmissionReplayFixture/crc/bytes=4096/replay=false\n","OutputType":"frame"}
{"Time":"2026-09-30T18:35:15.001868+02:00","Action":"output","Package":"github.com/otuschhoff/rados-go/internal/msgr","Test":"TestPerformanceSubmissionReplayFixture/crc/bytes=4096/replay=false","Output":"--- PASS: TestPerformanceSubmissionReplayFixture/crc/bytes=4096/replay=false (0.00s)\n","OutputType":"frame"}
{"Time":"2026-09-30T18:35:15.001882+02:00","Action":"pass","Package":"github.com/otuschhoff/rados-go/internal/msgr","Test":"TestPerformanceSubmissionReplayFixture/crc/bytes=4096/replay=false","Elapsed":0}
{"Time":"2026-09-30T18:35:15.001889+02:00","Action":"run","Package":"github.com/otuschhoff/rados-go/internal/msgr","Test":"TestPerformanceSubmissionReplayFixture/crc/bytes=4096/replay=true"}
{"Time":"2026-09-30T18:35:15.001907+02:00","Action":"output","Package":"github.com/otuschhoff/rados-go/internal/msgr","Test":"TestPerformanceSubmissionReplayFixture/crc/bytes=4096/replay=true","Output":"=== RUN   TestPerformanceSubmissionReplayFixture/crc/bytes=4096/replay=true\n","OutputType":"frame"}
{"Time":"2026-09-30T18:35:15.001928+02:00","Action":"output","Package":"github.com/otuschhoff/rados-go/internal/msgr","Test":"TestPerformanceSubmissionReplayFixture/crc/bytes=4096/replay=true","Output":"--- PASS: TestPerformanceSubmissionReplayFixture/crc/bytes=4096/replay=true (0.00s)\n","OutputType":"frame"}
{"Time":"2026-09-30T18:35:15.001936+02:00","Action":"pass","Package":"github.com/otuschhoff/rados-go/internal/msgr","Test":"TestPerformanceSubmissionReplayFixture/crc/bytes=4096/replay=true","Elapsed":0}
{"Time":"2026-09-30T18:35:15.001939+02:00","Action":"run","Package":"github.com/otuschhoff/rados-go/internal/msgr","Test":"TestPerformanceSubmissionReplayFixture/crc/bytes=65536/replay=false"}
{"Time":"2026-09-30T18:35:15.001945+02:00","Action":"output","Package":"github.com/otuschhoff/rados-go/internal/msgr","Test":"TestPerformanceSubmissionReplayFixture/crc/bytes=65536/replay=false","Output":"=== RUN   TestPerformanceSubmissionReplayFixture/crc/bytes=65536/replay=false\n","OutputType":"frame"}
{"Time":"2026-09-30T18:35:15.002063+02:00","Action":"output","Package":"github.com/otuschhoff/rados-go/internal/msgr","Test":"TestPerformanceSubmissionReplayFixture/crc/bytes=65536/replay=false","Output":"--- PASS: TestPerformanceSubmissionReplayFixture/crc/bytes=65536/replay=false (0.00s)\n","OutputType":"frame"}
{"Time":"2026-09-30T18:35:15.002069+02:00","Action":"pass","Package":"github.com/otuschhoff/rados-go/internal/msgr","Test":"TestPerformanceSubmissionReplayFixture/crc/bytes=65536/replay=false","Elapsed":0}
{"Time":"2026-09-30T18:35:15.002071+02:00","Action":"run","Package":"github.com/otuschhoff/rados-go/internal/msgr","Test":"TestPerformanceSubmissionReplayFixture/crc/bytes=65536/replay=true"}
{"Time":"2026-09-30T18:35:15.002073+02:00","Action":"output","Package":"github.com/otuschhoff/rados-go/internal/msgr","Test":"TestPerformanceSubmissionReplayFixture/crc/bytes=65536/replay=true","Output":"=== RUN   TestPerformanceSubmissionReplayFixture/crc/bytes=65536/replay=true\n","OutputType":"frame"}
{"Time":"2026-09-30T18:35:15.002215+02:00","Action":"output","Package":"github.com/otuschhoff/rados-go/internal/msgr","Test":"TestPerformanceSubmissionReplayFixture/crc/bytes=65536/replay=true","Output":"--- PASS: TestPerformanceSubmissionReplayFixture/crc/bytes=65536/replay=true (0.00s)\n","OutputType":"frame"}
{"Time":"2026-09-30T18:35:15.00222+02:00","Action":"pass","Package":"github.com/otuschhoff/rados-go/internal/msgr","Test":"TestPerformanceSubmissionReplayFixture/crc/bytes=65536/replay=true","Elapsed":0}
{"Time":"2026-09-30T18:35:15.002222+02:00","Action":"run","Package":"github.com/otuschhoff/rados-go/internal/msgr","Test":"TestPerformanceSubmissionReplayFixture/crc/bytes=4194304/replay=false"}
{"Time":"2026-09-30T18:35:15.002223+02:00","Action":"output","Package":"github.com/otuschhoff/rados-go/internal/msgr","Test":"TestPerformanceSubmissionReplayFixture/crc/bytes=4194304/replay=false","Output":"=== RUN   TestPerformanceSubmissionReplayFixture/crc/bytes=4194304/replay=false\n","OutputType":"frame"}
{"Time":"2026-09-30T18:35:15.008071+02:00","Action":"output","Package":"github.com/otuschhoff/rados-go/internal/msgr","Test":"TestPerformanceSubmissionReplayFixture/crc/bytes=4194304/replay=false","Output":"--- PASS: TestPerformanceSubmissionReplayFixture/crc/bytes=4194304/replay=false (0.01s)\n","OutputType":"frame"}
{"Time":"2026-09-30T18:35:15.008092+02:00","Action":"pass","Package":"github.com/otuschhoff/rados-go/internal/msgr","Test":"TestPerformanceSubmissionReplayFixture/crc/bytes=4194304/replay=false","Elapsed":0.01}
{"Time":"2026-09-30T18:35:15.008102+02:00","Action":"run","Package":"github.com/otuschhoff/rados-go/internal/msgr","Test":"TestPerformanceSubmissionReplayFixture/crc/bytes=4194304/replay=true"}
{"Time":"2026-09-30T18:35:15.008104+02:00","Action":"output","Package":"github.com/otuschhoff/rados-go/internal/msgr","Test":"TestPerformanceSubmissionReplayFixture/crc/bytes=4194304/replay=true","Output":"=== RUN   TestPerformanceSubmissionReplayFixture/crc/bytes=4194304/replay=true\n","OutputType":"frame"}
{"Time":"2026-09-30T18:35:15.01462+02:00","Action":"output","Package":"github.com/otuschhoff/rados-go/internal/msgr","Test":"TestPerformanceSubmissionReplayFixture/crc/bytes=4194304/replay=true","Output":"--- PASS: TestPerformanceSubmissionReplayFixture/crc/bytes=4194304/replay=true (0.01s)\n","OutputType":"frame"}
{"Time":"2026-09-30T18:35:15.014638+02:00","Action":"pass","Package":"github.com/otuschhoff/rados-go/internal/msgr","Test":"TestPerformanceSubmissionReplayFixture/crc/bytes=4194304/replay=true","Elapsed":0.01}
{"Time":"2026-09-30T18:35:15.014642+02:00","Action":"run","Package":"github.com/otuschhoff/rados-go/internal/msgr","Test":"TestPerformanceSubmissionReplayFixture/secure/bytes=4096/replay=false"}
{"Time":"2026-09-30T18:35:15.014643+02:00","Action":"output","Package":"github.com/otuschhoff/rados-go/internal/msgr","Test":"TestPerformanceSubmissionReplayFixture/secure/bytes=4096/replay=false","Output":"=== RUN   TestPerformanceSubmissionReplayFixture/secure/bytes=4096/replay=false\n","OutputType":"frame"}
{"Time":"2026-09-30T18:35:15.014736+02:00","Action":"output","Package":"github.com/otuschhoff/rados-go/internal/msgr","Test":"TestPerformanceSubmissionReplayFixture/secure/bytes=4096/replay=false","Output":"--- PASS: TestPerformanceSubmissionReplayFixture/secure/bytes=4096/replay=false (0.00s)\n","OutputType":"frame"}
{"Time":"2026-09-30T18:35:15.014741+02:00","Action":"pass","Package":"github.com/otuschhoff/rados-go/internal/msgr","Test":"TestPerformanceSubmissionReplayFixture/secure/bytes=4096/replay=false","Elapsed":0}
{"Time":"2026-09-30T18:35:15.014742+02:00","Action":"run","Package":"github.com/otuschhoff/rados-go/internal/msgr","Test":"TestPerformanceSubmissionReplayFixture/secure/bytes=4096/replay=true"}
{"Time":"2026-09-30T18:35:15.014744+02:00","Action":"output","Package":"github.com/otuschhoff/rados-go/internal/msgr","Test":"TestPerformanceSubmissionReplayFixture/secure/bytes=4096/replay=true","Output":"=== RUN   TestPerformanceSubmissionReplayFixture/secure/bytes=4096/replay=true\n","OutputType":"frame"}
{"Time":"2026-09-30T18:35:15.014839+02:00","Action":"output","Package":"github.com/otuschhoff/rados-go/internal/msgr","Test":"TestPerformanceSubmissionReplayFixture/secure/bytes=4096/replay=true","Output":"--- PASS: TestPerformanceSubmissionReplayFixture/secure/bytes=4096/replay=true (0.00s)\n","OutputType":"frame"}
{"Time":"2026-09-30T18:35:15.014843+02:00","Action":"pass","Package":"github.com/otuschhoff/rados-go/internal/msgr","Test":"TestPerformanceSubmissionReplayFixture/secure/bytes=4096/replay=true","Elapsed":0}
{"Time":"2026-09-30T18:35:15.014845+02:00","Action":"run","Package":"github.com/otuschhoff/rados-go/internal/msgr","Test":"TestPerformanceSubmissionReplayFixture/secure/bytes=65536/replay=false"}
{"Time":"2026-09-30T18:35:15.014846+02:00","Action":"output","Package":"github.com/otuschhoff/rados-go/internal/msgr","Test":"TestPerformanceSubmissionReplayFixture/secure/bytes=65536/replay=false","Output":"=== RUN   TestPerformanceSubmissionReplayFixture/secure/bytes=65536/replay=false\n","OutputType":"frame"}
{"Time":"2026-09-30T18:35:15.014999+02:00","Action":"output","Package":"github.com/otuschhoff/rados-go/internal/msgr","Test":"TestPerformanceSubmissionReplayFixture/secure/bytes=65536/replay=false","Output":"--- PASS: TestPerformanceSubmissionReplayFixture/secure/bytes=65536/replay=false (0.00s)\n","OutputType":"frame"}
{"Time":"2026-09-30T18:35:15.015015+02:00","Action":"pass","Package":"github.com/otuschhoff/rados-go/internal/msgr","Test":"TestPerformanceSubmissionReplayFixture/secure/bytes=65536/replay=false","Elapsed":0}
{"Time":"2026-09-30T18:35:15.015019+02:00","Action":"run","Package":"github.com/otuschhoff/rados-go/internal/msgr","Test":"TestPerformanceSubmissionReplayFixture/secure/bytes=65536/replay=true"}
{"Time":"2026-09-30T18:35:15.01502+02:00","Action":"output","Package":"github.com/otuschhoff/rados-go/internal/msgr","Test":"TestPerformanceSubmissionReplayFixture/secure/bytes=65536/replay=true","Output":"=== RUN   TestPerformanceSubmissionReplayFixture/secure/bytes=65536/replay=true\n","OutputType":"frame"}
{"Time":"2026-09-30T18:35:15.015187+02:00","Action":"output","Package":"github.com/otuschhoff/rados-go/internal/msgr","Test":"TestPerformanceSubmissionReplayFixture/secure/bytes=65536/replay=true","Output":"--- PASS: TestPerformanceSubmissionReplayFixture/secure/bytes=65536/replay=true (0.00s)\n","OutputType":"frame"}
{"Time":"2026-09-30T18:35:15.015197+02:00","Action":"pass","Package":"github.com/otuschhoff/rados-go/internal/msgr","Test":"TestPerformanceSubmissionReplayFixture/secure/bytes=65536/replay=true","Elapsed":0}
{"Time":"2026-09-30T18:35:15.015199+02:00","Action":"run","Package":"github.com/otuschhoff/rados-go/internal/msgr","Test":"TestPerformanceSubmissionReplayFixture/secure/bytes=4194304/replay=false"}
{"Time":"2026-09-30T18:35:15.015208+02:00","Action":"output","Package":"github.com/otuschhoff/rados-go/internal/msgr","Test":"TestPerformanceSubmissionReplayFixture/secure/bytes=4194304/replay=false","Output":"=== RUN   TestPerformanceSubmissionReplayFixture/secure/bytes=4194304/replay=false\n","OutputType":"frame"}
{"Time":"2026-09-30T18:35:15.018888+02:00","Action":"output","Package":"github.com/otuschhoff/rados-go/internal/msgr","Test":"TestPerformanceSubmissionReplayFixture/secure/bytes=4194304/replay=false","Output":"--- PASS: TestPerformanceSubmissionReplayFixture/secure/bytes=4194304/replay=false (0.00s)\n","OutputType":"frame"}
{"Time":"2026-09-30T18:35:15.018902+02:00","Action":"pass","Package":"github.com/otuschhoff/rados-go/internal/msgr","Test":"TestPerformanceSubmissionReplayFixture/secure/bytes=4194304/replay=false","Elapsed":0}
{"Time":"2026-09-30T18:35:15.018922+02:00","Action":"run","Package":"github.com/otuschhoff/rados-go/internal/msgr","Test":"TestPerformanceSubmissionReplayFixture/secure/bytes=4194304/replay=true"}
{"Time":"2026-09-30T18:35:15.018924+02:00","Action":"output","Package":"github.com/otuschhoff/rados-go/internal/msgr","Test":"TestPerformanceSubmissionReplayFixture/secure/bytes=4194304/replay=true","Output":"=== RUN   TestPerformanceSubmissionReplayFixture/secure/bytes=4194304/replay=true\n","OutputType":"frame"}
{"Time":"2026-09-30T18:35:15.024562+02:00","Action":"output","Package":"github.com/otuschhoff/rados-go/internal/msgr","Test":"TestPerformanceSubmissionReplayFixture/secure/bytes=4194304/replay=true","Output":"--- PASS: TestPerformanceSubmissionReplayFixture/secure/bytes=4194304/replay=true (0.01s)\n","OutputType":"frame"}
{"Time":"2026-09-30T18:35:15.024587+02:00","Action":"pass","Package":"github.com/otuschhoff/rados-go/internal/msgr","Test":"TestPerformanceSubmissionReplayFixture/secure/bytes=4194304/replay=true","Elapsed":0.01}
{"Time":"2026-09-30T18:35:15.024591+02:00","Action":"output","Package":"github.com/otuschhoff/rados-go/internal/msgr","Test":"TestPerformanceSubmissionReplayFixture","Output":"--- PASS: TestPerformanceSubmissionReplayFixture (0.02s)\n","OutputType":"frame"}
{"Time":"2026-09-30T18:35:15.024593+02:00","Action":"pass","Package":"github.com/otuschhoff/rados-go/internal/msgr","Test":"TestPerformanceSubmissionReplayFixture","Elapsed":0.02}
{"Time":"2026-09-30T18:35:15.024595+02:00","Action":"run","Package":"github.com/otuschhoff/rados-go/internal/msgr","Test":"TestPerformanceIdleConnectionsFixture"}
{"Time":"2026-09-30T18:35:15.024598+02:00","Action":"output","Package":"github.com/otuschhoff/rados-go/internal/msgr","Test":"TestPerformanceIdleConnectionsFixture","Output":"=== RUN   TestPerformanceIdleConnectionsFixture\n","OutputType":"frame"}
{"Time":"2026-09-30T18:35:15.0246+02:00","Action":"run","Package":"github.com/otuschhoff/rados-go/internal/msgr","Test":"TestPerformanceIdleConnectionsFixture/crc/count=1"}
{"Time":"2026-09-30T18:35:15.024601+02:00","Action":"output","Package":"github.com/otuschhoff/rados-go/internal/msgr","Test":"TestPerformanceIdleConnectionsFixture/crc/count=1","Output":"=== RUN   TestPerformanceIdleConnectionsFixture/crc/count=1\n","OutputType":"frame"}
{"Time":"2026-09-30T18:35:15.024658+02:00","Action":"output","Package":"github.com/otuschhoff/rados-go/internal/msgr","Test":"TestPerformanceIdleConnectionsFixture/crc/count=1","Output":"--- PASS: TestPerformanceIdleConnectionsFixture/crc/count=1 (0.00s)\n","OutputType":"frame"}
{"Time":"2026-09-30T18:35:15.024669+02:00","Action":"pass","Package":"github.com/otuschhoff/rados-go/internal/msgr","Test":"TestPerformanceIdleConnectionsFixture/crc/count=1","Elapsed":0}
{"Time":"2026-09-30T18:35:15.024671+02:00","Action":"run","Package":"github.com/otuschhoff/rados-go/internal/msgr","Test":"TestPerformanceIdleConnectionsFixture/crc/count=16"}
{"Time":"2026-09-30T18:35:15.024673+02:00","Action":"output","Package":"github.com/otuschhoff/rados-go/internal/msgr","Test":"TestPerformanceIdleConnectionsFixture/crc/count=16","Output":"=== RUN   TestPerformanceIdleConnectionsFixture/crc/count=16\n","OutputType":"frame"}
{"Time":"2026-09-30T18:35:15.025249+02:00","Action":"output","Package":"github.com/otuschhoff/rados-go/internal/msgr","Test":"TestPerformanceIdleConnectionsFixture/crc/count=16","Output":"--- PASS: TestPerformanceIdleConnectionsFixture/crc/count=16 (0.00s)\n","OutputType":"frame"}
{"Time":"2026-09-30T18:35:15.025254+02:00","Action":"pass","Package":"github.com/otuschhoff/rados-go/internal/msgr","Test":"TestPerformanceIdleConnectionsFixture/crc/count=16","Elapsed":0}
{"Time":"2026-09-30T18:35:15.025256+02:00","Action":"run","Package":"github.com/otuschhoff/rados-go/internal/msgr","Test":"TestPerformanceIdleConnectionsFixture/crc/count=128"}
{"Time":"2026-09-30T18:35:15.025257+02:00","Action":"output","Package":"github.com/otuschhoff/rados-go/internal/msgr","Test":"TestPerformanceIdleConnectionsFixture/crc/count=128","Output":"=== RUN   TestPerformanceIdleConnectionsFixture/crc/count=128\n","OutputType":"frame"}
{"Time":"2026-09-30T18:35:15.031508+02:00","Action":"output","Package":"github.com/otuschhoff/rados-go/internal/msgr","Test":"TestPerformanceIdleConnectionsFixture/crc/count=128","Output":"--- PASS: TestPerformanceIdleConnectionsFixture/crc/count=128 (0.01s)\n","OutputType":"frame"}
{"Time":"2026-09-30T18:35:15.031524+02:00","Action":"pass","Package":"github.com/otuschhoff/rados-go/internal/msgr","Test":"TestPerformanceIdleConnectionsFixture/crc/count=128","Elapsed":0.01}
{"Time":"2026-09-30T18:35:15.031528+02:00","Action":"run","Package":"github.com/otuschhoff/rados-go/internal/msgr","Test":"TestPerformanceIdleConnectionsFixture/secure/count=1"}
{"Time":"2026-09-30T18:35:15.031529+02:00","Action":"output","Package":"github.com/otuschhoff/rados-go/internal/msgr","Test":"TestPerformanceIdleConnectionsFixture/secure/count=1","Output":"=== RUN   TestPerformanceIdleConnectionsFixture/secure/count=1\n","OutputType":"frame"}
{"Time":"2026-09-30T18:35:15.031533+02:00","Action":"output","Package":"github.com/otuschhoff/rados-go/internal/msgr","Test":"TestPerformanceIdleConnectionsFixture/secure/count=1","Output":"--- PASS: TestPerformanceIdleConnectionsFixture/secure/count=1 (0.00s)\n","OutputType":"frame"}
{"Time":"2026-09-30T18:35:15.031535+02:00","Action":"pass","Package":"github.com/otuschhoff/rados-go/internal/msgr","Test":"TestPerformanceIdleConnectionsFixture/secure/count=1","Elapsed":0}
{"Time":"2026-09-30T18:35:15.031537+02:00","Action":"run","Package":"github.com/otuschhoff/rados-go/internal/msgr","Test":"TestPerformanceIdleConnectionsFixture/secure/count=16"}
{"Time":"2026-09-30T18:35:15.031538+02:00","Action":"output","Package":"github.com/otuschhoff/rados-go/internal/msgr","Test":"TestPerformanceIdleConnectionsFixture/secure/count=16","Output":"=== RUN   TestPerformanceIdleConnectionsFixture/secure/count=16\n","OutputType":"frame"}
{"Time":"2026-09-30T18:35:15.031772+02:00","Action":"output","Package":"github.com/otuschhoff/rados-go/internal/msgr","Test":"TestPerformanceIdleConnectionsFixture/secure/count=16","Output":"--- PASS: TestPerformanceIdleConnectionsFixture/secure/count=16 (0.00s)\n","OutputType":"frame"}
{"Time":"2026-09-30T18:35:15.031777+02:00","Action":"pass","Package":"github.com/otuschhoff/rados-go/internal/msgr","Test":"TestPerformanceIdleConnectionsFixture/secure/count=16","Elapsed":0}
{"Time":"2026-09-30T18:35:15.031779+02:00","Action":"run","Package":"github.com/otuschhoff/rados-go/internal/msgr","Test":"TestPerformanceIdleConnectionsFixture/secure/count=128"}
{"Time":"2026-09-30T18:35:15.03178+02:00","Action":"output","Package":"github.com/otuschhoff/rados-go/internal/msgr","Test":"TestPerformanceIdleConnectionsFixture/secure/count=128","Output":"=== RUN   TestPerformanceIdleConnectionsFixture/secure/count=128\n","OutputType":"frame"}
{"Time":"2026-09-30T18:35:15.036216+02:00","Action":"output","Package":"github.com/otuschhoff/rados-go/internal/msgr","Test":"TestPerformanceIdleConnectionsFixture/secure/count=128","Output":"--- PASS: TestPerformanceIdleConnectionsFixture/secure/count=128 (0.00s)\n","OutputType":"frame"}
{"Time":"2026-09-30T18:35:15.036236+02:00","Action":"pass","Package":"github.com/otuschhoff/rados-go/internal/msgr","Test":"TestPerformanceIdleConnectionsFixture/secure/count=128","Elapsed":0}
{"Time":"2026-09-30T18:35:15.03624+02:00","Action":"output","Package":"github.com/otuschhoff/rados-go/internal/msgr","Test":"TestPerformanceIdleConnectionsFixture","Output":"--- PASS: TestPerformanceIdleConnectionsFixture (0.01s)\n","OutputType":"frame"}
{"Time":"2026-09-30T18:35:15.036242+02:00","Action":"pass","Package":"github.com/otuschhoff/rados-go/internal/msgr","Test":"TestPerformanceIdleConnectionsFixture","Elapsed":0.01}
{"Time":"2026-09-30T18:35:15.036245+02:00","Action":"output","Package":"github.com/otuschhoff/rados-go/internal/msgr","Output":"PASS\n","OutputType":"frame"}
{"Time":"2026-09-30T18:35:15.038464+02:00","Action":"output","Package":"github.com/otuschhoff/rados-go/internal/msgr","Output":"ok  \tgithub.com/otuschhoff/rados-go/internal/msgr\t1.940s\n"}
{"Time":"2026-09-30T18:35:15.038484+02:00","Action":"pass","Package":"github.com/otuschhoff/rados-go/internal/msgr","Elapsed":1.94}
