goos: darwin
goarch: arm64
pkg: github.com/otuschhoff/rados-go/internal/msgr
cpu: Apple M1 Max
BenchmarkReceiveBudgetSecureRead/Unbudgeted-10         	    5889	     18239 ns/op	3509.05 MB/s	   74048 B/op	       7 allocs/op
BenchmarkReceiveBudgetSecureRead/Unbudgeted-10         	    7060	     15765 ns/op	4059.64 MB/s	   74048 B/op	       7 allocs/op
BenchmarkReceiveBudgetSecureRead/Unbudgeted-10         	    6546	     15914 ns/op	4021.59 MB/s	   74048 B/op	       7 allocs/op
BenchmarkReceiveBudgetSecureRead/Unbudgeted-10         	    7051	     15759 ns/op	4061.25 MB/s	   74048 B/op	       7 allocs/op
BenchmarkReceiveBudgetSecureRead/Unbudgeted-10         	    7000	     16010 ns/op	3997.52 MB/s	   74048 B/op	       7 allocs/op
BenchmarkReceiveBudgetSecureRead/EnableBudget-10       	    7380	     16059 ns/op	3985.18 MB/s	   74096 B/op	       8 allocs/op
BenchmarkReceiveBudgetSecureRead/EnableBudget-10       	    6993	     15978 ns/op	4005.49 MB/s	   74096 B/op	       8 allocs/op
BenchmarkReceiveBudgetSecureRead/EnableBudget-10       	    6740	     16081 ns/op	3979.91 MB/s	   74096 B/op	       8 allocs/op
BenchmarkReceiveBudgetSecureRead/EnableBudget-10       	    7026	     16269 ns/op	3933.89 MB/s	   74096 B/op	       8 allocs/op
BenchmarkReceiveBudgetSecureRead/EnableBudget-10       	    7165	     15999 ns/op	4000.36 MB/s	   74096 B/op	       8 allocs/op
BenchmarkReceiveBudgetLeaseLifecycle-10                	 4390149	        27.44 ns/op	       0 B/op	       0 allocs/op
BenchmarkReceiveBudgetLeaseLifecycle-10                	 4343347	        27.35 ns/op	       0 B/op	       0 allocs/op
BenchmarkReceiveBudgetLeaseLifecycle-10                	 4397120	        27.40 ns/op	       0 B/op	       0 allocs/op
BenchmarkReceiveBudgetLeaseLifecycle-10                	 4411933	        27.40 ns/op	       0 B/op	       0 allocs/op
BenchmarkReceiveBudgetLeaseLifecycle-10                	 4390443	        27.47 ns/op	       0 B/op	       0 allocs/op
PASS
ok  	github.com/otuschhoff/rados-go/internal/msgr	2.330s
