{"Time":"2026-09-30T21:44:49.589118+02:00","Action":"start","Package":"github.com/otuschhoff/rados-go/internal/maps"}
{"Time":"2026-09-30T21:44:49.631793+02:00","Action":"start","Package":"github.com/otuschhoff/rados-go/internal/msgr"}
{"Time":"2026-09-30T21:44:49.963478+02:00","Action":"run","Package":"github.com/otuschhoff/rados-go/internal/maps","Test":"TestPerformancePlacementFixtures"}
{"Time":"2026-09-30T21:44:49.963553+02:00","Action":"output","Package":"github.com/otuschhoff/rados-go/internal/maps","Test":"TestPerformancePlacementFixtures","Output":"=== RUN   TestPerformancePlacementFixtures\n","OutputType":"frame"}
{"Time":"2026-09-30T21:44:49.9637+02:00","Action":"run","Package":"github.com/otuschhoff/rados-go/internal/maps","Test":"TestPerformancePlacementFixtures/UnrelatedBuckets=0"}
{"Time":"2026-09-30T21:44:49.963709+02:00","Action":"output","Package":"github.com/otuschhoff/rados-go/internal/maps","Test":"TestPerformancePlacementFixtures/UnrelatedBuckets=0","Output":"=== RUN   TestPerformancePlacementFixtures/UnrelatedBuckets=0\n","OutputType":"frame"}
{"Time":"2026-09-30T21:44:49.964317+02:00","Action":"output","Package":"github.com/otuschhoff/rados-go/internal/maps","Test":"TestPerformancePlacementFixtures/UnrelatedBuckets=0","Output":"--- PASS: TestPerformancePlacementFixtures/UnrelatedBuckets=0 (0.00s)\n","OutputType":"frame"}
{"Time":"2026-09-30T21:44:49.964331+02:00","Action":"pass","Package":"github.com/otuschhoff/rados-go/internal/maps","Test":"TestPerformancePlacementFixtures/UnrelatedBuckets=0","Elapsed":0}
{"Time":"2026-09-30T21:44:49.964374+02:00","Action":"run","Package":"github.com/otuschhoff/rados-go/internal/maps","Test":"TestPerformancePlacementFixtures/UnrelatedBuckets=64"}
{"Time":"2026-09-30T21:44:49.964395+02:00","Action":"output","Package":"github.com/otuschhoff/rados-go/internal/maps","Test":"TestPerformancePlacementFixtures/UnrelatedBuckets=64","Output":"=== RUN   TestPerformancePlacementFixtures/UnrelatedBuckets=64\n","OutputType":"frame"}
{"Time":"2026-09-30T21:44:49.964648+02:00","Action":"output","Package":"github.com/otuschhoff/rados-go/internal/maps","Test":"TestPerformancePlacementFixtures/UnrelatedBuckets=64","Output":"--- PASS: TestPerformancePlacementFixtures/UnrelatedBuckets=64 (0.00s)\n","OutputType":"frame"}
{"Time":"2026-09-30T21:44:49.964655+02:00","Action":"pass","Package":"github.com/otuschhoff/rados-go/internal/maps","Test":"TestPerformancePlacementFixtures/UnrelatedBuckets=64","Elapsed":0}
{"Time":"2026-09-30T21:44:49.964658+02:00","Action":"run","Package":"github.com/otuschhoff/rados-go/internal/maps","Test":"TestPerformancePlacementFixtures/UnrelatedBuckets=1024"}
{"Time":"2026-09-30T21:44:49.96466+02:00","Action":"output","Package":"github.com/otuschhoff/rados-go/internal/maps","Test":"TestPerformancePlacementFixtures/UnrelatedBuckets=1024","Output":"=== RUN   TestPerformancePlacementFixtures/UnrelatedBuckets=1024\n","OutputType":"frame"}
{"Time":"2026-09-30T21:44:49.965405+02:00","Action":"output","Package":"github.com/otuschhoff/rados-go/internal/maps","Test":"TestPerformancePlacementFixtures/UnrelatedBuckets=1024","Output":"--- PASS: TestPerformancePlacementFixtures/UnrelatedBuckets=1024 (0.00s)\n","OutputType":"frame"}
{"Time":"2026-09-30T21:44:49.965412+02:00","Action":"pass","Package":"github.com/otuschhoff/rados-go/internal/maps","Test":"TestPerformancePlacementFixtures/UnrelatedBuckets=1024","Elapsed":0}
{"Time":"2026-09-30T21:44:49.965421+02:00","Action":"run","Package":"github.com/otuschhoff/rados-go/internal/maps","Test":"TestPerformancePlacementFixtures/UnrelatedBuckets=4096"}
{"Time":"2026-09-30T21:44:49.965422+02:00","Action":"output","Package":"github.com/otuschhoff/rados-go/internal/maps","Test":"TestPerformancePlacementFixtures/UnrelatedBuckets=4096","Output":"=== RUN   TestPerformancePlacementFixtures/UnrelatedBuckets=4096\n","OutputType":"frame"}
{"Time":"2026-09-30T21:44:49.969124+02:00","Action":"output","Package":"github.com/otuschhoff/rados-go/internal/maps","Test":"TestPerformancePlacementFixtures/UnrelatedBuckets=4096","Output":"--- PASS: TestPerformancePlacementFixtures/UnrelatedBuckets=4096 (0.00s)\n","OutputType":"frame"}
{"Time":"2026-09-30T21:44:49.969135+02:00","Action":"pass","Package":"github.com/otuschhoff/rados-go/internal/maps","Test":"TestPerformancePlacementFixtures/UnrelatedBuckets=4096","Elapsed":0}
{"Time":"2026-09-30T21:44:49.96914+02:00","Action":"output","Package":"github.com/otuschhoff/rados-go/internal/maps","Test":"TestPerformancePlacementFixtures","Output":"--- PASS: TestPerformancePlacementFixtures (0.01s)\n","OutputType":"frame"}
{"Time":"2026-09-30T21:44:49.969146+02:00","Action":"pass","Package":"github.com/otuschhoff/rados-go/internal/maps","Test":"TestPerformancePlacementFixtures","Elapsed":0.01}
{"Time":"2026-09-30T21:44:49.969156+02:00","Action":"run","Package":"github.com/otuschhoff/rados-go/internal/maps","Test":"TestPerformanceIncrementalFixtures"}
{"Time":"2026-09-30T21:44:49.969159+02:00","Action":"output","Package":"github.com/otuschhoff/rados-go/internal/maps","Test":"TestPerformanceIncrementalFixtures","Output":"=== RUN   TestPerformanceIncrementalFixtures\n","OutputType":"frame"}
{"Time":"2026-09-30T21:44:49.969185+02:00","Action":"run","Package":"github.com/otuschhoff/rados-go/internal/maps","Test":"TestPerformanceIncrementalFixtures/OSDs=4/OverridePGs=0"}
{"Time":"2026-09-30T21:44:49.969199+02:00","Action":"output","Package":"github.com/otuschhoff/rados-go/internal/maps","Test":"TestPerformanceIncrementalFixtures/OSDs=4/OverridePGs=0","Output":"=== RUN   TestPerformanceIncrementalFixtures/OSDs=4/OverridePGs=0\n","OutputType":"frame"}
{"Time":"2026-09-30T21:44:49.969309+02:00","Action":"output","Package":"github.com/otuschhoff/rados-go/internal/maps","Test":"TestPerformanceIncrementalFixtures/OSDs=4/OverridePGs=0","Output":"--- PASS: TestPerformanceIncrementalFixtures/OSDs=4/OverridePGs=0 (0.00s)\n","OutputType":"frame"}
{"Time":"2026-09-30T21:44:49.969316+02:00","Action":"pass","Package":"github.com/otuschhoff/rados-go/internal/maps","Test":"TestPerformanceIncrementalFixtures/OSDs=4/OverridePGs=0","Elapsed":0}
{"Time":"2026-09-30T21:44:49.969327+02:00","Action":"run","Package":"github.com/otuschhoff/rados-go/internal/maps","Test":"TestPerformanceIncrementalFixtures/OSDs=64/OverridePGs=0"}
{"Time":"2026-09-30T21:44:49.969329+02:00","Action":"output","Package":"github.com/otuschhoff/rados-go/internal/maps","Test":"TestPerformanceIncrementalFixtures/OSDs=64/OverridePGs=0","Output":"=== RUN   TestPerformanceIncrementalFixtures/OSDs=64/OverridePGs=0\n","OutputType":"frame"}
{"Time":"2026-09-30T21:44:49.969437+02:00","Action":"output","Package":"github.com/otuschhoff/rados-go/internal/maps","Test":"TestPerformanceIncrementalFixtures/OSDs=64/OverridePGs=0","Output":"--- PASS: TestPerformanceIncrementalFixtures/OSDs=64/OverridePGs=0 (0.00s)\n","OutputType":"frame"}
{"Time":"2026-09-30T21:44:49.969443+02:00","Action":"pass","Package":"github.com/otuschhoff/rados-go/internal/maps","Test":"TestPerformanceIncrementalFixtures/OSDs=64/OverridePGs=0","Elapsed":0}
{"Time":"2026-09-30T21:44:49.969454+02:00","Action":"run","Package":"github.com/otuschhoff/rados-go/internal/maps","Test":"TestPerformanceIncrementalFixtures/OSDs=1024/OverridePGs=0"}
{"Time":"2026-09-30T21:44:49.969456+02:00","Action":"output","Package":"github.com/otuschhoff/rados-go/internal/maps","Test":"TestPerformanceIncrementalFixtures/OSDs=1024/OverridePGs=0","Output":"=== RUN   TestPerformanceIncrementalFixtures/OSDs=1024/OverridePGs=0\n","OutputType":"frame"}
{"Time":"2026-09-30T21:44:49.971241+02:00","Action":"output","Package":"github.com/otuschhoff/rados-go/internal/maps","Test":"TestPerformanceIncrementalFixtures/OSDs=1024/OverridePGs=0","Output":"--- PASS: TestPerformanceIncrementalFixtures/OSDs=1024/OverridePGs=0 (0.00s)\n","OutputType":"frame"}
{"Time":"2026-09-30T21:44:49.971247+02:00","Action":"pass","Package":"github.com/otuschhoff/rados-go/internal/maps","Test":"TestPerformanceIncrementalFixtures/OSDs=1024/OverridePGs=0","Elapsed":0}
{"Time":"2026-09-30T21:44:49.97125+02:00","Action":"run","Package":"github.com/otuschhoff/rados-go/internal/maps","Test":"TestPerformanceIncrementalFixtures/OSDs=4096/OverridePGs=0"}
{"Time":"2026-09-30T21:44:49.971254+02:00","Action":"output","Package":"github.com/otuschhoff/rados-go/internal/maps","Test":"TestPerformanceIncrementalFixtures/OSDs=4096/OverridePGs=0","Output":"=== RUN   TestPerformanceIncrementalFixtures/OSDs=4096/OverridePGs=0\n","OutputType":"frame"}
{"Time":"2026-09-30T21:44:49.978659+02:00","Action":"output","Package":"github.com/otuschhoff/rados-go/internal/maps","Test":"TestPerformanceIncrementalFixtures/OSDs=4096/OverridePGs=0","Output":"--- PASS: TestPerformanceIncrementalFixtures/OSDs=4096/OverridePGs=0 (0.01s)\n","OutputType":"frame"}
{"Time":"2026-09-30T21:44:49.978692+02:00","Action":"pass","Package":"github.com/otuschhoff/rados-go/internal/maps","Test":"TestPerformanceIncrementalFixtures/OSDs=4096/OverridePGs=0","Elapsed":0.01}
{"Time":"2026-09-30T21:44:49.978699+02:00","Action":"run","Package":"github.com/otuschhoff/rados-go/internal/maps","Test":"TestPerformanceIncrementalFixtures/OSDs=4/OverridePGs=64"}
{"Time":"2026-09-30T21:44:49.978702+02:00","Action":"output","Package":"github.com/otuschhoff/rados-go/internal/maps","Test":"TestPerformanceIncrementalFixtures/OSDs=4/OverridePGs=64","Output":"=== RUN   TestPerformanceIncrementalFixtures/OSDs=4/OverridePGs=64\n","OutputType":"frame"}
{"Time":"2026-09-30T21:44:49.979134+02:00","Action":"output","Package":"github.com/otuschhoff/rados-go/internal/maps","Test":"TestPerformanceIncrementalFixtures/OSDs=4/OverridePGs=64","Output":"--- PASS: TestPerformanceIncrementalFixtures/OSDs=4/OverridePGs=64 (0.00s)\n","OutputType":"frame"}
{"Time":"2026-09-30T21:44:49.979143+02:00","Action":"pass","Package":"github.com/otuschhoff/rados-go/internal/maps","Test":"TestPerformanceIncrementalFixtures/OSDs=4/OverridePGs=64","Elapsed":0}
{"Time":"2026-09-30T21:44:49.979152+02:00","Action":"run","Package":"github.com/otuschhoff/rados-go/internal/maps","Test":"TestPerformanceIncrementalFixtures/OSDs=4/OverridePGs=1024"}
{"Time":"2026-09-30T21:44:49.979154+02:00","Action":"output","Package":"github.com/otuschhoff/rados-go/internal/maps","Test":"TestPerformanceIncrementalFixtures/OSDs=4/OverridePGs=1024","Output":"=== RUN   TestPerformanceIncrementalFixtures/OSDs=4/OverridePGs=1024\n","OutputType":"frame"}
{"Time":"2026-09-30T21:44:49.985379+02:00","Action":"output","Package":"github.com/otuschhoff/rados-go/internal/maps","Test":"TestPerformanceIncrementalFixtures/OSDs=4/OverridePGs=1024","Output":"--- PASS: TestPerformanceIncrementalFixtures/OSDs=4/OverridePGs=1024 (0.01s)\n","OutputType":"frame"}
{"Time":"2026-09-30T21:44:49.985392+02:00","Action":"pass","Package":"github.com/otuschhoff/rados-go/internal/maps","Test":"TestPerformanceIncrementalFixtures/OSDs=4/OverridePGs=1024","Elapsed":0.01}
{"Time":"2026-09-30T21:44:49.985409+02:00","Action":"run","Package":"github.com/otuschhoff/rados-go/internal/maps","Test":"TestPerformanceIncrementalFixtures/OSDs=4/OverridePGs=4096"}
{"Time":"2026-09-30T21:44:49.985422+02:00","Action":"output","Package":"github.com/otuschhoff/rados-go/internal/maps","Test":"TestPerformanceIncrementalFixtures/OSDs=4/OverridePGs=4096","Output":"=== RUN   TestPerformanceIncrementalFixtures/OSDs=4/OverridePGs=4096\n","OutputType":"frame"}
{"Time":"2026-09-30T21:44:50.007894+02:00","Action":"output","Package":"github.com/otuschhoff/rados-go/internal/maps","Test":"TestPerformanceIncrementalFixtures/OSDs=4/OverridePGs=4096","Output":"--- PASS: TestPerformanceIncrementalFixtures/OSDs=4/OverridePGs=4096 (0.02s)\n","OutputType":"frame"}
{"Time":"2026-09-30T21:44:50.007913+02:00","Action":"pass","Package":"github.com/otuschhoff/rados-go/internal/maps","Test":"TestPerformanceIncrementalFixtures/OSDs=4/OverridePGs=4096","Elapsed":0.02}
{"Time":"2026-09-30T21:44:50.007918+02:00","Action":"output","Package":"github.com/otuschhoff/rados-go/internal/maps","Test":"TestPerformanceIncrementalFixtures","Output":"--- PASS: TestPerformanceIncrementalFixtures (0.04s)\n","OutputType":"frame"}
{"Time":"2026-09-30T21:44:50.00792+02:00","Action":"pass","Package":"github.com/otuschhoff/rados-go/internal/maps","Test":"TestPerformanceIncrementalFixtures","Elapsed":0.04}
{"Time":"2026-09-30T21:44:50.007922+02:00","Action":"output","Package":"github.com/otuschhoff/rados-go/internal/maps","Output":"PASS\n","OutputType":"frame"}
{"Time":"2026-09-30T21:44:50.008931+02:00","Action":"output","Package":"github.com/otuschhoff/rados-go/internal/maps","Output":"ok  \tgithub.com/otuschhoff/rados-go/internal/maps\t0.419s\n"}
{"Time":"2026-09-30T21:44:50.008956+02:00","Action":"pass","Package":"github.com/otuschhoff/rados-go/internal/maps","Elapsed":0.42}
{"Time":"2026-09-30T21:44:50.329468+02:00","Action":"run","Package":"github.com/otuschhoff/rados-go/internal/msgr","Test":"TestPerformanceQueueFixture"}
{"Time":"2026-09-30T21:44:50.32952+02:00","Action":"output","Package":"github.com/otuschhoff/rados-go/internal/msgr","Test":"TestPerformanceQueueFixture","Output":"=== RUN   TestPerformanceQueueFixture\n","OutputType":"frame"}
{"Time":"2026-09-30T21:44:50.329532+02:00","Action":"run","Package":"github.com/otuschhoff/rados-go/internal/msgr","Test":"TestPerformanceQueueFixture/depth=1/drain=false"}
{"Time":"2026-09-30T21:44:50.329537+02:00","Action":"output","Package":"github.com/otuschhoff/rados-go/internal/msgr","Test":"TestPerformanceQueueFixture/depth=1/drain=false","Output":"=== RUN   TestPerformanceQueueFixture/depth=1/drain=false\n","OutputType":"frame"}
{"Time":"2026-09-30T21:44:50.329708+02:00","Action":"output","Package":"github.com/otuschhoff/rados-go/internal/msgr","Test":"TestPerformanceQueueFixture/depth=1/drain=false","Output":"--- PASS: TestPerformanceQueueFixture/depth=1/drain=false (0.00s)\n","OutputType":"frame"}
{"Time":"2026-09-30T21:44:50.329716+02:00","Action":"pass","Package":"github.com/otuschhoff/rados-go/internal/msgr","Test":"TestPerformanceQueueFixture/depth=1/drain=false","Elapsed":0}
{"Time":"2026-09-30T21:44:50.329722+02:00","Action":"run","Package":"github.com/otuschhoff/rados-go/internal/msgr","Test":"TestPerformanceQueueFixture/depth=1/drain=true"}
{"Time":"2026-09-30T21:44:50.329724+02:00","Action":"output","Package":"github.com/otuschhoff/rados-go/internal/msgr","Test":"TestPerformanceQueueFixture/depth=1/drain=true","Output":"=== RUN   TestPerformanceQueueFixture/depth=1/drain=true\n","OutputType":"frame"}
{"Time":"2026-09-30T21:44:50.329818+02:00","Action":"output","Package":"github.com/otuschhoff/rados-go/internal/msgr","Test":"TestPerformanceQueueFixture/depth=1/drain=true","Output":"--- PASS: TestPerformanceQueueFixture/depth=1/drain=true (0.00s)\n","OutputType":"frame"}
{"Time":"2026-09-30T21:44:50.329833+02:00","Action":"pass","Package":"github.com/otuschhoff/rados-go/internal/msgr","Test":"TestPerformanceQueueFixture/depth=1/drain=true","Elapsed":0}
{"Time":"2026-09-30T21:44:50.329836+02:00","Action":"run","Package":"github.com/otuschhoff/rados-go/internal/msgr","Test":"TestPerformanceQueueFixture/depth=64/drain=false"}
{"Time":"2026-09-30T21:44:50.329838+02:00","Action":"output","Package":"github.com/otuschhoff/rados-go/internal/msgr","Test":"TestPerformanceQueueFixture/depth=64/drain=false","Output":"=== RUN   TestPerformanceQueueFixture/depth=64/drain=false\n","OutputType":"frame"}
{"Time":"2026-09-30T21:44:50.329956+02:00","Action":"output","Package":"github.com/otuschhoff/rados-go/internal/msgr","Test":"TestPerformanceQueueFixture/depth=64/drain=false","Output":"--- PASS: TestPerformanceQueueFixture/depth=64/drain=false (0.00s)\n","OutputType":"frame"}
{"Time":"2026-09-30T21:44:50.329962+02:00","Action":"pass","Package":"github.com/otuschhoff/rados-go/internal/msgr","Test":"TestPerformanceQueueFixture/depth=64/drain=false","Elapsed":0}
{"Time":"2026-09-30T21:44:50.329964+02:00","Action":"run","Package":"github.com/otuschhoff/rados-go/internal/msgr","Test":"TestPerformanceQueueFixture/depth=64/drain=true"}
{"Time":"2026-09-30T21:44:50.329966+02:00","Action":"output","Package":"github.com/otuschhoff/rados-go/internal/msgr","Test":"TestPerformanceQueueFixture/depth=64/drain=true","Output":"=== RUN   TestPerformanceQueueFixture/depth=64/drain=true\n","OutputType":"frame"}
{"Time":"2026-09-30T21:44:50.330052+02:00","Action":"output","Package":"github.com/otuschhoff/rados-go/internal/msgr","Test":"TestPerformanceQueueFixture/depth=64/drain=true","Output":"--- PASS: TestPerformanceQueueFixture/depth=64/drain=true (0.00s)\n","OutputType":"frame"}
{"Time":"2026-09-30T21:44:50.330065+02:00","Action":"pass","Package":"github.com/otuschhoff/rados-go/internal/msgr","Test":"TestPerformanceQueueFixture/depth=64/drain=true","Elapsed":0}
{"Time":"2026-09-30T21:44:50.330068+02:00","Action":"run","Package":"github.com/otuschhoff/rados-go/internal/msgr","Test":"TestPerformanceQueueFixture/depth=1024/drain=false"}
{"Time":"2026-09-30T21:44:50.330069+02:00","Action":"output","Package":"github.com/otuschhoff/rados-go/internal/msgr","Test":"TestPerformanceQueueFixture/depth=1024/drain=false","Output":"=== RUN   TestPerformanceQueueFixture/depth=1024/drain=false\n","OutputType":"frame"}
{"Time":"2026-09-30T21:44:50.335151+02:00","Action":"output","Package":"github.com/otuschhoff/rados-go/internal/msgr","Test":"TestPerformanceQueueFixture/depth=1024/drain=false","Output":"--- PASS: TestPerformanceQueueFixture/depth=1024/drain=false (0.01s)\n","OutputType":"frame"}
{"Time":"2026-09-30T21:44:50.335166+02:00","Action":"pass","Package":"github.com/otuschhoff/rados-go/internal/msgr","Test":"TestPerformanceQueueFixture/depth=1024/drain=false","Elapsed":0.01}
{"Time":"2026-09-30T21:44:50.335172+02:00","Action":"run","Package":"github.com/otuschhoff/rados-go/internal/msgr","Test":"TestPerformanceQueueFixture/depth=1024/drain=true"}
{"Time":"2026-09-30T21:44:50.335174+02:00","Action":"output","Package":"github.com/otuschhoff/rados-go/internal/msgr","Test":"TestPerformanceQueueFixture/depth=1024/drain=true","Output":"=== RUN   TestPerformanceQueueFixture/depth=1024/drain=true\n","OutputType":"frame"}
{"Time":"2026-09-30T21:44:50.337645+02:00","Action":"output","Package":"github.com/otuschhoff/rados-go/internal/msgr","Test":"TestPerformanceQueueFixture/depth=1024/drain=true","Output":"--- PASS: TestPerformanceQueueFixture/depth=1024/drain=true (0.00s)\n","OutputType":"frame"}
{"Time":"2026-09-30T21:44:50.337654+02:00","Action":"pass","Package":"github.com/otuschhoff/rados-go/internal/msgr","Test":"TestPerformanceQueueFixture/depth=1024/drain=true","Elapsed":0}
{"Time":"2026-09-30T21:44:50.337658+02:00","Action":"run","Package":"github.com/otuschhoff/rados-go/internal/msgr","Test":"TestPerformanceQueueFixture/depth=4096/drain=false"}
{"Time":"2026-09-30T21:44:50.337661+02:00","Action":"output","Package":"github.com/otuschhoff/rados-go/internal/msgr","Test":"TestPerformanceQueueFixture/depth=4096/drain=false","Output":"=== RUN   TestPerformanceQueueFixture/depth=4096/drain=false\n","OutputType":"frame"}
{"Time":"2026-09-30T21:44:50.386702+02:00","Action":"output","Package":"github.com/otuschhoff/rados-go/internal/msgr","Test":"TestPerformanceQueueFixture/depth=4096/drain=false","Output":"--- PASS: TestPerformanceQueueFixture/depth=4096/drain=false (0.05s)\n","OutputType":"frame"}
{"Time":"2026-09-30T21:44:50.386722+02:00","Action":"pass","Package":"github.com/otuschhoff/rados-go/internal/msgr","Test":"TestPerformanceQueueFixture/depth=4096/drain=false","Elapsed":0.05}
{"Time":"2026-09-30T21:44:50.386741+02:00","Action":"run","Package":"github.com/otuschhoff/rados-go/internal/msgr","Test":"TestPerformanceQueueFixture/depth=4096/drain=true"}
{"Time":"2026-09-30T21:44:50.386743+02:00","Action":"output","Package":"github.com/otuschhoff/rados-go/internal/msgr","Test":"TestPerformanceQueueFixture/depth=4096/drain=true","Output":"=== RUN   TestPerformanceQueueFixture/depth=4096/drain=true\n","OutputType":"frame"}
{"Time":"2026-09-30T21:44:50.391474+02:00","Action":"output","Package":"github.com/otuschhoff/rados-go/internal/msgr","Test":"TestPerformanceQueueFixture/depth=4096/drain=true","Output":"--- PASS: TestPerformanceQueueFixture/depth=4096/drain=true (0.00s)\n","OutputType":"frame"}
{"Time":"2026-09-30T21:44:50.391489+02:00","Action":"pass","Package":"github.com/otuschhoff/rados-go/internal/msgr","Test":"TestPerformanceQueueFixture/depth=4096/drain=true","Elapsed":0}
{"Time":"2026-09-30T21:44:50.391493+02:00","Action":"output","Package":"github.com/otuschhoff/rados-go/internal/msgr","Test":"TestPerformanceQueueFixture","Output":"--- PASS: TestPerformanceQueueFixture (0.06s)\n","OutputType":"frame"}
{"Time":"2026-09-30T21:44:50.391495+02:00","Action":"pass","Package":"github.com/otuschhoff/rados-go/internal/msgr","Test":"TestPerformanceQueueFixture","Elapsed":0.06}
{"Time":"2026-09-30T21:44:50.391498+02:00","Action":"run","Package":"github.com/otuschhoff/rados-go/internal/msgr","Test":"TestPerformanceSubmissionReplayFixture"}
{"Time":"2026-09-30T21:44:50.391499+02:00","Action":"output","Package":"github.com/otuschhoff/rados-go/internal/msgr","Test":"TestPerformanceSubmissionReplayFixture","Output":"=== RUN   TestPerformanceSubmissionReplayFixture\n","OutputType":"frame"}
{"Time":"2026-09-30T21:44:50.391524+02:00","Action":"run","Package":"github.com/otuschhoff/rados-go/internal/msgr","Test":"TestPerformanceSubmissionReplayFixture/crc/bytes=4096/replay=false"}
{"Time":"2026-09-30T21:44:50.391527+02:00","Action":"output","Package":"github.com/otuschhoff/rados-go/internal/msgr","Test":"TestPerformanceSubmissionReplayFixture/crc/bytes=4096/replay=false","Output":"=== RUN   TestPerformanceSubmissionReplayFixture/crc/bytes=4096/replay=false\n","OutputType":"frame"}
{"Time":"2026-09-30T21:44:50.391769+02:00","Action":"output","Package":"github.com/otuschhoff/rados-go/internal/msgr","Test":"TestPerformanceSubmissionReplayFixture/crc/bytes=4096/replay=false","Output":"--- PASS: TestPerformanceSubmissionReplayFixture/crc/bytes=4096/replay=false (0.00s)\n","OutputType":"frame"}
{"Time":"2026-09-30T21:44:50.391775+02:00","Action":"pass","Package":"github.com/otuschhoff/rados-go/internal/msgr","Test":"TestPerformanceSubmissionReplayFixture/crc/bytes=4096/replay=false","Elapsed":0}
{"Time":"2026-09-30T21:44:50.391787+02:00","Action":"run","Package":"github.com/otuschhoff/rados-go/internal/msgr","Test":"TestPerformanceSubmissionReplayFixture/crc/bytes=4096/replay=true"}
{"Time":"2026-09-30T21:44:50.391789+02:00","Action":"output","Package":"github.com/otuschhoff/rados-go/internal/msgr","Test":"TestPerformanceSubmissionReplayFixture/crc/bytes=4096/replay=true","Output":"=== RUN   TestPerformanceSubmissionReplayFixture/crc/bytes=4096/replay=true\n","OutputType":"frame"}
{"Time":"2026-09-30T21:44:50.391875+02:00","Action":"output","Package":"github.com/otuschhoff/rados-go/internal/msgr","Test":"TestPerformanceSubmissionReplayFixture/crc/bytes=4096/replay=true","Output":"--- PASS: TestPerformanceSubmissionReplayFixture/crc/bytes=4096/replay=true (0.00s)\n","OutputType":"frame"}
{"Time":"2026-09-30T21:44:50.39188+02:00","Action":"pass","Package":"github.com/otuschhoff/rados-go/internal/msgr","Test":"TestPerformanceSubmissionReplayFixture/crc/bytes=4096/replay=true","Elapsed":0}
{"Time":"2026-09-30T21:44:50.391899+02:00","Action":"run","Package":"github.com/otuschhoff/rados-go/internal/msgr","Test":"TestPerformanceSubmissionReplayFixture/crc/bytes=65536/replay=false"}
{"Time":"2026-09-30T21:44:50.391912+02:00","Action":"output","Package":"github.com/otuschhoff/rados-go/internal/msgr","Test":"TestPerformanceSubmissionReplayFixture/crc/bytes=65536/replay=false","Output":"=== RUN   TestPerformanceSubmissionReplayFixture/crc/bytes=65536/replay=false\n","OutputType":"frame"}
{"Time":"2026-09-30T21:44:50.392021+02:00","Action":"output","Package":"github.com/otuschhoff/rados-go/internal/msgr","Test":"TestPerformanceSubmissionReplayFixture/crc/bytes=65536/replay=false","Output":"--- PASS: TestPerformanceSubmissionReplayFixture/crc/bytes=65536/replay=false (0.00s)\n","OutputType":"frame"}
{"Time":"2026-09-30T21:44:50.392027+02:00","Action":"pass","Package":"github.com/otuschhoff/rados-go/internal/msgr","Test":"TestPerformanceSubmissionReplayFixture/crc/bytes=65536/replay=false","Elapsed":0}
{"Time":"2026-09-30T21:44:50.39203+02:00","Action":"run","Package":"github.com/otuschhoff/rados-go/internal/msgr","Test":"TestPerformanceSubmissionReplayFixture/crc/bytes=65536/replay=true"}
{"Time":"2026-09-30T21:44:50.392031+02:00","Action":"output","Package":"github.com/otuschhoff/rados-go/internal/msgr","Test":"TestPerformanceSubmissionReplayFixture/crc/bytes=65536/replay=true","Output":"=== RUN   TestPerformanceSubmissionReplayFixture/crc/bytes=65536/replay=true\n","OutputType":"frame"}
{"Time":"2026-09-30T21:44:50.392181+02:00","Action":"output","Package":"github.com/otuschhoff/rados-go/internal/msgr","Test":"TestPerformanceSubmissionReplayFixture/crc/bytes=65536/replay=true","Output":"--- PASS: TestPerformanceSubmissionReplayFixture/crc/bytes=65536/replay=true (0.00s)\n","OutputType":"frame"}
{"Time":"2026-09-30T21:44:50.392185+02:00","Action":"pass","Package":"github.com/otuschhoff/rados-go/internal/msgr","Test":"TestPerformanceSubmissionReplayFixture/crc/bytes=65536/replay=true","Elapsed":0}
{"Time":"2026-09-30T21:44:50.392195+02:00","Action":"run","Package":"github.com/otuschhoff/rados-go/internal/msgr","Test":"TestPerformanceSubmissionReplayFixture/crc/bytes=4194304/replay=false"}
{"Time":"2026-09-30T21:44:50.392197+02:00","Action":"output","Package":"github.com/otuschhoff/rados-go/internal/msgr","Test":"TestPerformanceSubmissionReplayFixture/crc/bytes=4194304/replay=false","Output":"=== RUN   TestPerformanceSubmissionReplayFixture/crc/bytes=4194304/replay=false\n","OutputType":"frame"}
{"Time":"2026-09-30T21:44:50.396781+02:00","Action":"output","Package":"github.com/otuschhoff/rados-go/internal/msgr","Test":"TestPerformanceSubmissionReplayFixture/crc/bytes=4194304/replay=false","Output":"--- PASS: TestPerformanceSubmissionReplayFixture/crc/bytes=4194304/replay=false (0.00s)\n","OutputType":"frame"}
{"Time":"2026-09-30T21:44:50.396794+02:00","Action":"pass","Package":"github.com/otuschhoff/rados-go/internal/msgr","Test":"TestPerformanceSubmissionReplayFixture/crc/bytes=4194304/replay=false","Elapsed":0}
{"Time":"2026-09-30T21:44:50.396797+02:00","Action":"run","Package":"github.com/otuschhoff/rados-go/internal/msgr","Test":"TestPerformanceSubmissionReplayFixture/crc/bytes=4194304/replay=true"}
{"Time":"2026-09-30T21:44:50.396798+02:00","Action":"output","Package":"github.com/otuschhoff/rados-go/internal/msgr","Test":"TestPerformanceSubmissionReplayFixture/crc/bytes=4194304/replay=true","Output":"=== RUN   TestPerformanceSubmissionReplayFixture/crc/bytes=4194304/replay=true\n","OutputType":"frame"}
{"Time":"2026-09-30T21:44:50.401696+02:00","Action":"output","Package":"github.com/otuschhoff/rados-go/internal/msgr","Test":"TestPerformanceSubmissionReplayFixture/crc/bytes=4194304/replay=true","Output":"--- PASS: TestPerformanceSubmissionReplayFixture/crc/bytes=4194304/replay=true (0.00s)\n","OutputType":"frame"}
{"Time":"2026-09-30T21:44:50.401714+02:00","Action":"pass","Package":"github.com/otuschhoff/rados-go/internal/msgr","Test":"TestPerformanceSubmissionReplayFixture/crc/bytes=4194304/replay=true","Elapsed":0}
{"Time":"2026-09-30T21:44:50.401718+02:00","Action":"run","Package":"github.com/otuschhoff/rados-go/internal/msgr","Test":"TestPerformanceSubmissionReplayFixture/secure/bytes=4096/replay=false"}
{"Time":"2026-09-30T21:44:50.401719+02:00","Action":"output","Package":"github.com/otuschhoff/rados-go/internal/msgr","Test":"TestPerformanceSubmissionReplayFixture/secure/bytes=4096/replay=false","Output":"=== RUN   TestPerformanceSubmissionReplayFixture/secure/bytes=4096/replay=false\n","OutputType":"frame"}
{"Time":"2026-09-30T21:44:50.401777+02:00","Action":"output","Package":"github.com/otuschhoff/rados-go/internal/msgr","Test":"TestPerformanceSubmissionReplayFixture/secure/bytes=4096/replay=false","Output":"--- PASS: TestPerformanceSubmissionReplayFixture/secure/bytes=4096/replay=false (0.00s)\n","OutputType":"frame"}
{"Time":"2026-09-30T21:44:50.401782+02:00","Action":"pass","Package":"github.com/otuschhoff/rados-go/internal/msgr","Test":"TestPerformanceSubmissionReplayFixture/secure/bytes=4096/replay=false","Elapsed":0}
{"Time":"2026-09-30T21:44:50.401785+02:00","Action":"run","Package":"github.com/otuschhoff/rados-go/internal/msgr","Test":"TestPerformanceSubmissionReplayFixture/secure/bytes=4096/replay=true"}
{"Time":"2026-09-30T21:44:50.401787+02:00","Action":"output","Package":"github.com/otuschhoff/rados-go/internal/msgr","Test":"TestPerformanceSubmissionReplayFixture/secure/bytes=4096/replay=true","Output":"=== RUN   TestPerformanceSubmissionReplayFixture/secure/bytes=4096/replay=true\n","OutputType":"frame"}
{"Time":"2026-09-30T21:44:50.401912+02:00","Action":"output","Package":"github.com/otuschhoff/rados-go/internal/msgr","Test":"TestPerformanceSubmissionReplayFixture/secure/bytes=4096/replay=true","Output":"--- PASS: TestPerformanceSubmissionReplayFixture/secure/bytes=4096/replay=true (0.00s)\n","OutputType":"frame"}
{"Time":"2026-09-30T21:44:50.401917+02:00","Action":"pass","Package":"github.com/otuschhoff/rados-go/internal/msgr","Test":"TestPerformanceSubmissionReplayFixture/secure/bytes=4096/replay=true","Elapsed":0}
{"Time":"2026-09-30T21:44:50.40192+02:00","Action":"run","Package":"github.com/otuschhoff/rados-go/internal/msgr","Test":"TestPerformanceSubmissionReplayFixture/secure/bytes=65536/replay=false"}
{"Time":"2026-09-30T21:44:50.401921+02:00","Action":"output","Package":"github.com/otuschhoff/rados-go/internal/msgr","Test":"TestPerformanceSubmissionReplayFixture/secure/bytes=65536/replay=false","Output":"=== RUN   TestPerformanceSubmissionReplayFixture/secure/bytes=65536/replay=false\n","OutputType":"frame"}
{"Time":"2026-09-30T21:44:50.402067+02:00","Action":"output","Package":"github.com/otuschhoff/rados-go/internal/msgr","Test":"TestPerformanceSubmissionReplayFixture/secure/bytes=65536/replay=false","Output":"--- PASS: TestPerformanceSubmissionReplayFixture/secure/bytes=65536/replay=false (0.00s)\n","OutputType":"frame"}
{"Time":"2026-09-30T21:44:50.402084+02:00","Action":"pass","Package":"github.com/otuschhoff/rados-go/internal/msgr","Test":"TestPerformanceSubmissionReplayFixture/secure/bytes=65536/replay=false","Elapsed":0}
{"Time":"2026-09-30T21:44:50.402093+02:00","Action":"run","Package":"github.com/otuschhoff/rados-go/internal/msgr","Test":"TestPerformanceSubmissionReplayFixture/secure/bytes=65536/replay=true"}
{"Time":"2026-09-30T21:44:50.402095+02:00","Action":"output","Package":"github.com/otuschhoff/rados-go/internal/msgr","Test":"TestPerformanceSubmissionReplayFixture/secure/bytes=65536/replay=true","Output":"=== RUN   TestPerformanceSubmissionReplayFixture/secure/bytes=65536/replay=true\n","OutputType":"frame"}
{"Time":"2026-09-30T21:44:50.402211+02:00","Action":"output","Package":"github.com/otuschhoff/rados-go/internal/msgr","Test":"TestPerformanceSubmissionReplayFixture/secure/bytes=65536/replay=true","Output":"--- PASS: TestPerformanceSubmissionReplayFixture/secure/bytes=65536/replay=true (0.00s)\n","OutputType":"frame"}
{"Time":"2026-09-30T21:44:50.402215+02:00","Action":"pass","Package":"github.com/otuschhoff/rados-go/internal/msgr","Test":"TestPerformanceSubmissionReplayFixture/secure/bytes=65536/replay=true","Elapsed":0}
{"Time":"2026-09-30T21:44:50.402218+02:00","Action":"run","Package":"github.com/otuschhoff/rados-go/internal/msgr","Test":"TestPerformanceSubmissionReplayFixture/secure/bytes=4194304/replay=false"}
{"Time":"2026-09-30T21:44:50.40222+02:00","Action":"output","Package":"github.com/otuschhoff/rados-go/internal/msgr","Test":"TestPerformanceSubmissionReplayFixture/secure/bytes=4194304/replay=false","Output":"=== RUN   TestPerformanceSubmissionReplayFixture/secure/bytes=4194304/replay=false\n","OutputType":"frame"}
{"Time":"2026-09-30T21:44:50.405241+02:00","Action":"output","Package":"github.com/otuschhoff/rados-go/internal/msgr","Test":"TestPerformanceSubmissionReplayFixture/secure/bytes=4194304/replay=false","Output":"--- PASS: TestPerformanceSubmissionReplayFixture/secure/bytes=4194304/replay=false (0.00s)\n","OutputType":"frame"}
{"Time":"2026-09-30T21:44:50.405254+02:00","Action":"pass","Package":"github.com/otuschhoff/rados-go/internal/msgr","Test":"TestPerformanceSubmissionReplayFixture/secure/bytes=4194304/replay=false","Elapsed":0}
{"Time":"2026-09-30T21:44:50.405275+02:00","Action":"run","Package":"github.com/otuschhoff/rados-go/internal/msgr","Test":"TestPerformanceSubmissionReplayFixture/secure/bytes=4194304/replay=true"}
{"Time":"2026-09-30T21:44:50.405276+02:00","Action":"output","Package":"github.com/otuschhoff/rados-go/internal/msgr","Test":"TestPerformanceSubmissionReplayFixture/secure/bytes=4194304/replay=true","Output":"=== RUN   TestPerformanceSubmissionReplayFixture/secure/bytes=4194304/replay=true\n","OutputType":"frame"}
{"Time":"2026-09-30T21:44:50.410067+02:00","Action":"output","Package":"github.com/otuschhoff/rados-go/internal/msgr","Test":"TestPerformanceSubmissionReplayFixture/secure/bytes=4194304/replay=true","Output":"--- PASS: TestPerformanceSubmissionReplayFixture/secure/bytes=4194304/replay=true (0.00s)\n","OutputType":"frame"}
{"Time":"2026-09-30T21:44:50.410083+02:00","Action":"pass","Package":"github.com/otuschhoff/rados-go/internal/msgr","Test":"TestPerformanceSubmissionReplayFixture/secure/bytes=4194304/replay=true","Elapsed":0}
{"Time":"2026-09-30T21:44:50.410086+02:00","Action":"output","Package":"github.com/otuschhoff/rados-go/internal/msgr","Test":"TestPerformanceSubmissionReplayFixture","Output":"--- PASS: TestPerformanceSubmissionReplayFixture (0.02s)\n","OutputType":"frame"}
{"Time":"2026-09-30T21:44:50.410088+02:00","Action":"pass","Package":"github.com/otuschhoff/rados-go/internal/msgr","Test":"TestPerformanceSubmissionReplayFixture","Elapsed":0.02}
{"Time":"2026-09-30T21:44:50.410091+02:00","Action":"run","Package":"github.com/otuschhoff/rados-go/internal/msgr","Test":"TestPerformanceIdleConnectionsFixture"}
{"Time":"2026-09-30T21:44:50.410092+02:00","Action":"output","Package":"github.com/otuschhoff/rados-go/internal/msgr","Test":"TestPerformanceIdleConnectionsFixture","Output":"=== RUN   TestPerformanceIdleConnectionsFixture\n","OutputType":"frame"}
{"Time":"2026-09-30T21:44:50.410095+02:00","Action":"run","Package":"github.com/otuschhoff/rados-go/internal/msgr","Test":"TestPerformanceIdleConnectionsFixture/crc/count=1"}
{"Time":"2026-09-30T21:44:50.410097+02:00","Action":"output","Package":"github.com/otuschhoff/rados-go/internal/msgr","Test":"TestPerformanceIdleConnectionsFixture/crc/count=1","Output":"=== RUN   TestPerformanceIdleConnectionsFixture/crc/count=1\n","OutputType":"frame"}
{"Time":"2026-09-30T21:44:50.410151+02:00","Action":"output","Package":"github.com/otuschhoff/rados-go/internal/msgr","Test":"TestPerformanceIdleConnectionsFixture/crc/count=1","Output":"--- PASS: TestPerformanceIdleConnectionsFixture/crc/count=1 (0.00s)\n","OutputType":"frame"}
{"Time":"2026-09-30T21:44:50.410156+02:00","Action":"pass","Package":"github.com/otuschhoff/rados-go/internal/msgr","Test":"TestPerformanceIdleConnectionsFixture/crc/count=1","Elapsed":0}
{"Time":"2026-09-30T21:44:50.410158+02:00","Action":"run","Package":"github.com/otuschhoff/rados-go/internal/msgr","Test":"TestPerformanceIdleConnectionsFixture/crc/count=16"}
{"Time":"2026-09-30T21:44:50.410159+02:00","Action":"output","Package":"github.com/otuschhoff/rados-go/internal/msgr","Test":"TestPerformanceIdleConnectionsFixture/crc/count=16","Output":"=== RUN   TestPerformanceIdleConnectionsFixture/crc/count=16\n","OutputType":"frame"}
{"Time":"2026-09-30T21:44:50.41102+02:00","Action":"output","Package":"github.com/otuschhoff/rados-go/internal/msgr","Test":"TestPerformanceIdleConnectionsFixture/crc/count=16","Output":"--- PASS: TestPerformanceIdleConnectionsFixture/crc/count=16 (0.00s)\n","OutputType":"frame"}
{"Time":"2026-09-30T21:44:50.411025+02:00","Action":"pass","Package":"github.com/otuschhoff/rados-go/internal/msgr","Test":"TestPerformanceIdleConnectionsFixture/crc/count=16","Elapsed":0}
{"Time":"2026-09-30T21:44:50.411026+02:00","Action":"run","Package":"github.com/otuschhoff/rados-go/internal/msgr","Test":"TestPerformanceIdleConnectionsFixture/crc/count=128"}
{"Time":"2026-09-30T21:44:50.411028+02:00","Action":"output","Package":"github.com/otuschhoff/rados-go/internal/msgr","Test":"TestPerformanceIdleConnectionsFixture/crc/count=128","Output":"=== RUN   TestPerformanceIdleConnectionsFixture/crc/count=128\n","OutputType":"frame"}
{"Time":"2026-09-30T21:44:50.41581+02:00","Action":"output","Package":"github.com/otuschhoff/rados-go/internal/msgr","Test":"TestPerformanceIdleConnectionsFixture/crc/count=128","Output":"--- PASS: TestPerformanceIdleConnectionsFixture/crc/count=128 (0.00s)\n","OutputType":"frame"}
{"Time":"2026-09-30T21:44:50.415822+02:00","Action":"pass","Package":"github.com/otuschhoff/rados-go/internal/msgr","Test":"TestPerformanceIdleConnectionsFixture/crc/count=128","Elapsed":0}
{"Time":"2026-09-30T21:44:50.415825+02:00","Action":"run","Package":"github.com/otuschhoff/rados-go/internal/msgr","Test":"TestPerformanceIdleConnectionsFixture/secure/count=1"}
{"Time":"2026-09-30T21:44:50.415826+02:00","Action":"output","Package":"github.com/otuschhoff/rados-go/internal/msgr","Test":"TestPerformanceIdleConnectionsFixture/secure/count=1","Output":"=== RUN   TestPerformanceIdleConnectionsFixture/secure/count=1\n","OutputType":"frame"}
{"Time":"2026-09-30T21:44:50.415828+02:00","Action":"output","Package":"github.com/otuschhoff/rados-go/internal/msgr","Test":"TestPerformanceIdleConnectionsFixture/secure/count=1","Output":"--- PASS: TestPerformanceIdleConnectionsFixture/secure/count=1 (0.00s)\n","OutputType":"frame"}
{"Time":"2026-09-30T21:44:50.41583+02:00","Action":"pass","Package":"github.com/otuschhoff/rados-go/internal/msgr","Test":"TestPerformanceIdleConnectionsFixture/secure/count=1","Elapsed":0}
{"Time":"2026-09-30T21:44:50.415846+02:00","Action":"run","Package":"github.com/otuschhoff/rados-go/internal/msgr","Test":"TestPerformanceIdleConnectionsFixture/secure/count=16"}
{"Time":"2026-09-30T21:44:50.415849+02:00","Action":"output","Package":"github.com/otuschhoff/rados-go/internal/msgr","Test":"TestPerformanceIdleConnectionsFixture/secure/count=16","Output":"=== RUN   TestPerformanceIdleConnectionsFixture/secure/count=16\n","OutputType":"frame"}
{"Time":"2026-09-30T21:44:50.416055+02:00","Action":"output","Package":"github.com/otuschhoff/rados-go/internal/msgr","Test":"TestPerformanceIdleConnectionsFixture/secure/count=16","Output":"--- PASS: TestPerformanceIdleConnectionsFixture/secure/count=16 (0.00s)\n","OutputType":"frame"}
{"Time":"2026-09-30T21:44:50.416062+02:00","Action":"pass","Package":"github.com/otuschhoff/rados-go/internal/msgr","Test":"TestPerformanceIdleConnectionsFixture/secure/count=16","Elapsed":0}
{"Time":"2026-09-30T21:44:50.416064+02:00","Action":"run","Package":"github.com/otuschhoff/rados-go/internal/msgr","Test":"TestPerformanceIdleConnectionsFixture/secure/count=128"}
{"Time":"2026-09-30T21:44:50.416066+02:00","Action":"output","Package":"github.com/otuschhoff/rados-go/internal/msgr","Test":"TestPerformanceIdleConnectionsFixture/secure/count=128","Output":"=== RUN   TestPerformanceIdleConnectionsFixture/secure/count=128\n","OutputType":"frame"}
{"Time":"2026-09-30T21:44:50.41858+02:00","Action":"output","Package":"github.com/otuschhoff/rados-go/internal/msgr","Test":"TestPerformanceIdleConnectionsFixture/secure/count=128","Output":"--- PASS: TestPerformanceIdleConnectionsFixture/secure/count=128 (0.00s)\n","OutputType":"frame"}
{"Time":"2026-09-30T21:44:50.418586+02:00","Action":"pass","Package":"github.com/otuschhoff/rados-go/internal/msgr","Test":"TestPerformanceIdleConnectionsFixture/secure/count=128","Elapsed":0}
{"Time":"2026-09-30T21:44:50.418589+02:00","Action":"output","Package":"github.com/otuschhoff/rados-go/internal/msgr","Test":"TestPerformanceIdleConnectionsFixture","Output":"--- PASS: TestPerformanceIdleConnectionsFixture (0.01s)\n","OutputType":"frame"}
{"Time":"2026-09-30T21:44:50.418591+02:00","Action":"pass","Package":"github.com/otuschhoff/rados-go/internal/msgr","Test":"TestPerformanceIdleConnectionsFixture","Elapsed":0.01}
{"Time":"2026-09-30T21:44:50.418614+02:00","Action":"output","Package":"github.com/otuschhoff/rados-go/internal/msgr","Output":"PASS\n","OutputType":"frame"}
{"Time":"2026-09-30T21:44:50.420407+02:00","Action":"output","Package":"github.com/otuschhoff/rados-go/internal/msgr","Output":"ok  \tgithub.com/otuschhoff/rados-go/internal/msgr\t0.789s\n"}
{"Time":"2026-09-30T21:44:50.420424+02:00","Action":"pass","Package":"github.com/otuschhoff/rados-go/internal/msgr","Elapsed":0.789}
