{"Time":"2026-09-30T14:49:52.467487+02:00","Action":"start","Package":"github.com/otuschhoff/rados-go/internal/maps"}
{"Time":"2026-09-30T14:49:52.510855+02:00","Action":"start","Package":"github.com/otuschhoff/rados-go/internal/msgr"}
{"Time":"2026-09-30T14:49:52.843863+02:00","Action":"run","Package":"github.com/otuschhoff/rados-go/internal/maps","Test":"TestPerformancePlacementFixtures"}
{"Time":"2026-09-30T14:49:52.843925+02:00","Action":"output","Package":"github.com/otuschhoff/rados-go/internal/maps","Test":"TestPerformancePlacementFixtures","Output":"=== RUN   TestPerformancePlacementFixtures\n","OutputType":"frame"}
{"Time":"2026-09-30T14:49:52.844002+02:00","Action":"run","Package":"github.com/otuschhoff/rados-go/internal/maps","Test":"TestPerformancePlacementFixtures/UnrelatedBuckets=0"}
{"Time":"2026-09-30T14:49:52.844015+02:00","Action":"output","Package":"github.com/otuschhoff/rados-go/internal/maps","Test":"TestPerformancePlacementFixtures/UnrelatedBuckets=0","Output":"=== RUN   TestPerformancePlacementFixtures/UnrelatedBuckets=0\n","OutputType":"frame"}
{"Time":"2026-09-30T14:49:52.844571+02:00","Action":"output","Package":"github.com/otuschhoff/rados-go/internal/maps","Test":"TestPerformancePlacementFixtures/UnrelatedBuckets=0","Output":"--- PASS: TestPerformancePlacementFixtures/UnrelatedBuckets=0 (0.00s)\n","OutputType":"frame"}
{"Time":"2026-09-30T14:49:52.844575+02:00","Action":"pass","Package":"github.com/otuschhoff/rados-go/internal/maps","Test":"TestPerformancePlacementFixtures/UnrelatedBuckets=0","Elapsed":0}
{"Time":"2026-09-30T14:49:52.844585+02:00","Action":"run","Package":"github.com/otuschhoff/rados-go/internal/maps","Test":"TestPerformancePlacementFixtures/UnrelatedBuckets=64"}
{"Time":"2026-09-30T14:49:52.844588+02:00","Action":"output","Package":"github.com/otuschhoff/rados-go/internal/maps","Test":"TestPerformancePlacementFixtures/UnrelatedBuckets=64","Output":"=== RUN   TestPerformancePlacementFixtures/UnrelatedBuckets=64\n","OutputType":"frame"}
{"Time":"2026-09-30T14:49:52.846607+02:00","Action":"output","Package":"github.com/otuschhoff/rados-go/internal/maps","Test":"TestPerformancePlacementFixtures/UnrelatedBuckets=64","Output":"--- PASS: TestPerformancePlacementFixtures/UnrelatedBuckets=64 (0.00s)\n","OutputType":"frame"}
{"Time":"2026-09-30T14:49:52.846616+02:00","Action":"pass","Package":"github.com/otuschhoff/rados-go/internal/maps","Test":"TestPerformancePlacementFixtures/UnrelatedBuckets=64","Elapsed":0}
{"Time":"2026-09-30T14:49:52.846624+02:00","Action":"run","Package":"github.com/otuschhoff/rados-go/internal/maps","Test":"TestPerformancePlacementFixtures/UnrelatedBuckets=1024"}
{"Time":"2026-09-30T14:49:52.846627+02:00","Action":"output","Package":"github.com/otuschhoff/rados-go/internal/maps","Test":"TestPerformancePlacementFixtures/UnrelatedBuckets=1024","Output":"=== RUN   TestPerformancePlacementFixtures/UnrelatedBuckets=1024\n","OutputType":"frame"}
{"Time":"2026-09-30T14:49:52.865224+02:00","Action":"output","Package":"github.com/otuschhoff/rados-go/internal/maps","Test":"TestPerformancePlacementFixtures/UnrelatedBuckets=1024","Output":"--- PASS: TestPerformancePlacementFixtures/UnrelatedBuckets=1024 (0.02s)\n","OutputType":"frame"}
{"Time":"2026-09-30T14:49:52.865243+02:00","Action":"pass","Package":"github.com/otuschhoff/rados-go/internal/maps","Test":"TestPerformancePlacementFixtures/UnrelatedBuckets=1024","Elapsed":0.02}
{"Time":"2026-09-30T14:49:52.865268+02:00","Action":"run","Package":"github.com/otuschhoff/rados-go/internal/maps","Test":"TestPerformancePlacementFixtures/UnrelatedBuckets=4096"}
{"Time":"2026-09-30T14:49:52.865279+02:00","Action":"output","Package":"github.com/otuschhoff/rados-go/internal/maps","Test":"TestPerformancePlacementFixtures/UnrelatedBuckets=4096","Output":"=== RUN   TestPerformancePlacementFixtures/UnrelatedBuckets=4096\n","OutputType":"frame"}
{"Time":"2026-09-30T14:49:52.934571+02:00","Action":"output","Package":"github.com/otuschhoff/rados-go/internal/maps","Test":"TestPerformancePlacementFixtures/UnrelatedBuckets=4096","Output":"--- PASS: TestPerformancePlacementFixtures/UnrelatedBuckets=4096 (0.07s)\n","OutputType":"frame"}
{"Time":"2026-09-30T14:49:52.934591+02:00","Action":"pass","Package":"github.com/otuschhoff/rados-go/internal/maps","Test":"TestPerformancePlacementFixtures/UnrelatedBuckets=4096","Elapsed":0.07}
{"Time":"2026-09-30T14:49:52.934596+02:00","Action":"output","Package":"github.com/otuschhoff/rados-go/internal/maps","Test":"TestPerformancePlacementFixtures","Output":"--- PASS: TestPerformancePlacementFixtures (0.09s)\n","OutputType":"frame"}
{"Time":"2026-09-30T14:49:52.934597+02:00","Action":"pass","Package":"github.com/otuschhoff/rados-go/internal/maps","Test":"TestPerformancePlacementFixtures","Elapsed":0.09}
{"Time":"2026-09-30T14:49:52.934599+02:00","Action":"run","Package":"github.com/otuschhoff/rados-go/internal/maps","Test":"TestPerformanceIncrementalFixtures"}
{"Time":"2026-09-30T14:49:52.934602+02:00","Action":"output","Package":"github.com/otuschhoff/rados-go/internal/maps","Test":"TestPerformanceIncrementalFixtures","Output":"=== RUN   TestPerformanceIncrementalFixtures\n","OutputType":"frame"}
{"Time":"2026-09-30T14:49:52.934605+02:00","Action":"run","Package":"github.com/otuschhoff/rados-go/internal/maps","Test":"TestPerformanceIncrementalFixtures/OSDs=4/OverridePGs=0"}
{"Time":"2026-09-30T14:49:52.934606+02:00","Action":"output","Package":"github.com/otuschhoff/rados-go/internal/maps","Test":"TestPerformanceIncrementalFixtures/OSDs=4/OverridePGs=0","Output":"=== RUN   TestPerformanceIncrementalFixtures/OSDs=4/OverridePGs=0\n","OutputType":"frame"}
{"Time":"2026-09-30T14:49:52.934698+02:00","Action":"output","Package":"github.com/otuschhoff/rados-go/internal/maps","Test":"TestPerformanceIncrementalFixtures/OSDs=4/OverridePGs=0","Output":"--- PASS: TestPerformanceIncrementalFixtures/OSDs=4/OverridePGs=0 (0.00s)\n","OutputType":"frame"}
{"Time":"2026-09-30T14:49:52.934702+02:00","Action":"pass","Package":"github.com/otuschhoff/rados-go/internal/maps","Test":"TestPerformanceIncrementalFixtures/OSDs=4/OverridePGs=0","Elapsed":0}
{"Time":"2026-09-30T14:49:52.934704+02:00","Action":"run","Package":"github.com/otuschhoff/rados-go/internal/maps","Test":"TestPerformanceIncrementalFixtures/OSDs=64/OverridePGs=0"}
{"Time":"2026-09-30T14:49:52.934705+02:00","Action":"output","Package":"github.com/otuschhoff/rados-go/internal/maps","Test":"TestPerformanceIncrementalFixtures/OSDs=64/OverridePGs=0","Output":"=== RUN   TestPerformanceIncrementalFixtures/OSDs=64/OverridePGs=0\n","OutputType":"frame"}
{"Time":"2026-09-30T14:49:52.93476+02:00","Action":"output","Package":"github.com/otuschhoff/rados-go/internal/maps","Test":"TestPerformanceIncrementalFixtures/OSDs=64/OverridePGs=0","Output":"--- PASS: TestPerformanceIncrementalFixtures/OSDs=64/OverridePGs=0 (0.00s)\n","OutputType":"frame"}
{"Time":"2026-09-30T14:49:52.934766+02:00","Action":"pass","Package":"github.com/otuschhoff/rados-go/internal/maps","Test":"TestPerformanceIncrementalFixtures/OSDs=64/OverridePGs=0","Elapsed":0}
{"Time":"2026-09-30T14:49:52.934773+02:00","Action":"run","Package":"github.com/otuschhoff/rados-go/internal/maps","Test":"TestPerformanceIncrementalFixtures/OSDs=1024/OverridePGs=0"}
{"Time":"2026-09-30T14:49:52.934775+02:00","Action":"output","Package":"github.com/otuschhoff/rados-go/internal/maps","Test":"TestPerformanceIncrementalFixtures/OSDs=1024/OverridePGs=0","Output":"=== RUN   TestPerformanceIncrementalFixtures/OSDs=1024/OverridePGs=0\n","OutputType":"frame"}
{"Time":"2026-09-30T14:49:52.935546+02:00","Action":"output","Package":"github.com/otuschhoff/rados-go/internal/maps","Test":"TestPerformanceIncrementalFixtures/OSDs=1024/OverridePGs=0","Output":"--- PASS: TestPerformanceIncrementalFixtures/OSDs=1024/OverridePGs=0 (0.00s)\n","OutputType":"frame"}
{"Time":"2026-09-30T14:49:52.935551+02:00","Action":"pass","Package":"github.com/otuschhoff/rados-go/internal/maps","Test":"TestPerformanceIncrementalFixtures/OSDs=1024/OverridePGs=0","Elapsed":0}
{"Time":"2026-09-30T14:49:52.935553+02:00","Action":"run","Package":"github.com/otuschhoff/rados-go/internal/maps","Test":"TestPerformanceIncrementalFixtures/OSDs=4096/OverridePGs=0"}
{"Time":"2026-09-30T14:49:52.935554+02:00","Action":"output","Package":"github.com/otuschhoff/rados-go/internal/maps","Test":"TestPerformanceIncrementalFixtures/OSDs=4096/OverridePGs=0","Output":"=== RUN   TestPerformanceIncrementalFixtures/OSDs=4096/OverridePGs=0\n","OutputType":"frame"}
{"Time":"2026-09-30T14:49:52.939006+02:00","Action":"output","Package":"github.com/otuschhoff/rados-go/internal/maps","Test":"TestPerformanceIncrementalFixtures/OSDs=4096/OverridePGs=0","Output":"--- PASS: TestPerformanceIncrementalFixtures/OSDs=4096/OverridePGs=0 (0.00s)\n","OutputType":"frame"}
{"Time":"2026-09-30T14:49:52.939012+02:00","Action":"pass","Package":"github.com/otuschhoff/rados-go/internal/maps","Test":"TestPerformanceIncrementalFixtures/OSDs=4096/OverridePGs=0","Elapsed":0}
{"Time":"2026-09-30T14:49:52.939014+02:00","Action":"run","Package":"github.com/otuschhoff/rados-go/internal/maps","Test":"TestPerformanceIncrementalFixtures/OSDs=4/OverridePGs=64"}
{"Time":"2026-09-30T14:49:52.939015+02:00","Action":"output","Package":"github.com/otuschhoff/rados-go/internal/maps","Test":"TestPerformanceIncrementalFixtures/OSDs=4/OverridePGs=64","Output":"=== RUN   TestPerformanceIncrementalFixtures/OSDs=4/OverridePGs=64\n","OutputType":"frame"}
{"Time":"2026-09-30T14:49:52.93929+02:00","Action":"output","Package":"github.com/otuschhoff/rados-go/internal/maps","Test":"TestPerformanceIncrementalFixtures/OSDs=4/OverridePGs=64","Output":"--- PASS: TestPerformanceIncrementalFixtures/OSDs=4/OverridePGs=64 (0.00s)\n","OutputType":"frame"}
{"Time":"2026-09-30T14:49:52.939299+02:00","Action":"pass","Package":"github.com/otuschhoff/rados-go/internal/maps","Test":"TestPerformanceIncrementalFixtures/OSDs=4/OverridePGs=64","Elapsed":0}
{"Time":"2026-09-30T14:49:52.9393+02:00","Action":"run","Package":"github.com/otuschhoff/rados-go/internal/maps","Test":"TestPerformanceIncrementalFixtures/OSDs=4/OverridePGs=1024"}
{"Time":"2026-09-30T14:49:52.939301+02:00","Action":"output","Package":"github.com/otuschhoff/rados-go/internal/maps","Test":"TestPerformanceIncrementalFixtures/OSDs=4/OverridePGs=1024","Output":"=== RUN   TestPerformanceIncrementalFixtures/OSDs=4/OverridePGs=1024\n","OutputType":"frame"}
{"Time":"2026-09-30T14:49:52.943479+02:00","Action":"output","Package":"github.com/otuschhoff/rados-go/internal/maps","Test":"TestPerformanceIncrementalFixtures/OSDs=4/OverridePGs=1024","Output":"--- PASS: TestPerformanceIncrementalFixtures/OSDs=4/OverridePGs=1024 (0.00s)\n","OutputType":"frame"}
{"Time":"2026-09-30T14:49:52.943494+02:00","Action":"pass","Package":"github.com/otuschhoff/rados-go/internal/maps","Test":"TestPerformanceIncrementalFixtures/OSDs=4/OverridePGs=1024","Elapsed":0}
{"Time":"2026-09-30T14:49:52.943497+02:00","Action":"run","Package":"github.com/otuschhoff/rados-go/internal/maps","Test":"TestPerformanceIncrementalFixtures/OSDs=4/OverridePGs=4096"}
{"Time":"2026-09-30T14:49:52.943499+02:00","Action":"output","Package":"github.com/otuschhoff/rados-go/internal/maps","Test":"TestPerformanceIncrementalFixtures/OSDs=4/OverridePGs=4096","Output":"=== RUN   TestPerformanceIncrementalFixtures/OSDs=4/OverridePGs=4096\n","OutputType":"frame"}
{"Time":"2026-09-30T14:49:52.962876+02:00","Action":"output","Package":"github.com/otuschhoff/rados-go/internal/maps","Test":"TestPerformanceIncrementalFixtures/OSDs=4/OverridePGs=4096","Output":"--- PASS: TestPerformanceIncrementalFixtures/OSDs=4/OverridePGs=4096 (0.02s)\n","OutputType":"frame"}
{"Time":"2026-09-30T14:49:52.962932+02:00","Action":"pass","Package":"github.com/otuschhoff/rados-go/internal/maps","Test":"TestPerformanceIncrementalFixtures/OSDs=4/OverridePGs=4096","Elapsed":0.02}
{"Time":"2026-09-30T14:49:52.962937+02:00","Action":"output","Package":"github.com/otuschhoff/rados-go/internal/maps","Test":"TestPerformanceIncrementalFixtures","Output":"--- PASS: TestPerformanceIncrementalFixtures (0.03s)\n","OutputType":"frame"}
{"Time":"2026-09-30T14:49:52.962939+02:00","Action":"pass","Package":"github.com/otuschhoff/rados-go/internal/maps","Test":"TestPerformanceIncrementalFixtures","Elapsed":0.03}
{"Time":"2026-09-30T14:49:52.962941+02:00","Action":"output","Package":"github.com/otuschhoff/rados-go/internal/maps","Output":"PASS\n","OutputType":"frame"}
{"Time":"2026-09-30T14:49:52.964014+02:00","Action":"output","Package":"github.com/otuschhoff/rados-go/internal/maps","Output":"ok  \tgithub.com/otuschhoff/rados-go/internal/maps\t0.496s\n"}
{"Time":"2026-09-30T14:49:52.964039+02:00","Action":"pass","Package":"github.com/otuschhoff/rados-go/internal/maps","Elapsed":0.497}
{"Time":"2026-09-30T14:49:53.19762+02:00","Action":"run","Package":"github.com/otuschhoff/rados-go/internal/msgr","Test":"TestPerformanceQueueFixture"}
{"Time":"2026-09-30T14:49:53.197654+02:00","Action":"output","Package":"github.com/otuschhoff/rados-go/internal/msgr","Test":"TestPerformanceQueueFixture","Output":"=== RUN   TestPerformanceQueueFixture\n","OutputType":"frame"}
{"Time":"2026-09-30T14:49:53.197665+02:00","Action":"run","Package":"github.com/otuschhoff/rados-go/internal/msgr","Test":"TestPerformanceQueueFixture/depth=1/drain=false"}
{"Time":"2026-09-30T14:49:53.197669+02:00","Action":"output","Package":"github.com/otuschhoff/rados-go/internal/msgr","Test":"TestPerformanceQueueFixture/depth=1/drain=false","Output":"=== RUN   TestPerformanceQueueFixture/depth=1/drain=false\n","OutputType":"frame"}
{"Time":"2026-09-30T14:49:53.197804+02:00","Action":"output","Package":"github.com/otuschhoff/rados-go/internal/msgr","Test":"TestPerformanceQueueFixture/depth=1/drain=false","Output":"--- PASS: TestPerformanceQueueFixture/depth=1/drain=false (0.00s)\n","OutputType":"frame"}
{"Time":"2026-09-30T14:49:53.197808+02:00","Action":"pass","Package":"github.com/otuschhoff/rados-go/internal/msgr","Test":"TestPerformanceQueueFixture/depth=1/drain=false","Elapsed":0}
{"Time":"2026-09-30T14:49:53.197813+02:00","Action":"run","Package":"github.com/otuschhoff/rados-go/internal/msgr","Test":"TestPerformanceQueueFixture/depth=1/drain=true"}
{"Time":"2026-09-30T14:49:53.197815+02:00","Action":"output","Package":"github.com/otuschhoff/rados-go/internal/msgr","Test":"TestPerformanceQueueFixture/depth=1/drain=true","Output":"=== RUN   TestPerformanceQueueFixture/depth=1/drain=true\n","OutputType":"frame"}
{"Time":"2026-09-30T14:49:53.197819+02:00","Action":"output","Package":"github.com/otuschhoff/rados-go/internal/msgr","Test":"TestPerformanceQueueFixture/depth=1/drain=true","Output":"--- PASS: TestPerformanceQueueFixture/depth=1/drain=true (0.00s)\n","OutputType":"frame"}
{"Time":"2026-09-30T14:49:53.197821+02:00","Action":"pass","Package":"github.com/otuschhoff/rados-go/internal/msgr","Test":"TestPerformanceQueueFixture/depth=1/drain=true","Elapsed":0}
{"Time":"2026-09-30T14:49:53.197833+02:00","Action":"run","Package":"github.com/otuschhoff/rados-go/internal/msgr","Test":"TestPerformanceQueueFixture/depth=64/drain=false"}
{"Time":"2026-09-30T14:49:53.197836+02:00","Action":"output","Package":"github.com/otuschhoff/rados-go/internal/msgr","Test":"TestPerformanceQueueFixture/depth=64/drain=false","Output":"=== RUN   TestPerformanceQueueFixture/depth=64/drain=false\n","OutputType":"frame"}
{"Time":"2026-09-30T14:49:53.197893+02:00","Action":"output","Package":"github.com/otuschhoff/rados-go/internal/msgr","Test":"TestPerformanceQueueFixture/depth=64/drain=false","Output":"--- PASS: TestPerformanceQueueFixture/depth=64/drain=false (0.00s)\n","OutputType":"frame"}
{"Time":"2026-09-30T14:49:53.197897+02:00","Action":"pass","Package":"github.com/otuschhoff/rados-go/internal/msgr","Test":"TestPerformanceQueueFixture/depth=64/drain=false","Elapsed":0}
{"Time":"2026-09-30T14:49:53.197898+02:00","Action":"run","Package":"github.com/otuschhoff/rados-go/internal/msgr","Test":"TestPerformanceQueueFixture/depth=64/drain=true"}
{"Time":"2026-09-30T14:49:53.197899+02:00","Action":"output","Package":"github.com/otuschhoff/rados-go/internal/msgr","Test":"TestPerformanceQueueFixture/depth=64/drain=true","Output":"=== RUN   TestPerformanceQueueFixture/depth=64/drain=true\n","OutputType":"frame"}
{"Time":"2026-09-30T14:49:53.198019+02:00","Action":"output","Package":"github.com/otuschhoff/rados-go/internal/msgr","Test":"TestPerformanceQueueFixture/depth=64/drain=true","Output":"--- PASS: TestPerformanceQueueFixture/depth=64/drain=true (0.00s)\n","OutputType":"frame"}
{"Time":"2026-09-30T14:49:53.198025+02:00","Action":"pass","Package":"github.com/otuschhoff/rados-go/internal/msgr","Test":"TestPerformanceQueueFixture/depth=64/drain=true","Elapsed":0}
{"Time":"2026-09-30T14:49:53.198028+02:00","Action":"run","Package":"github.com/otuschhoff/rados-go/internal/msgr","Test":"TestPerformanceQueueFixture/depth=1024/drain=false"}
{"Time":"2026-09-30T14:49:53.19803+02:00","Action":"output","Package":"github.com/otuschhoff/rados-go/internal/msgr","Test":"TestPerformanceQueueFixture/depth=1024/drain=false","Output":"=== RUN   TestPerformanceQueueFixture/depth=1024/drain=false\n","OutputType":"frame"}
{"Time":"2026-09-30T14:49:53.202418+02:00","Action":"output","Package":"github.com/otuschhoff/rados-go/internal/msgr","Test":"TestPerformanceQueueFixture/depth=1024/drain=false","Output":"--- PASS: TestPerformanceQueueFixture/depth=1024/drain=false (0.00s)\n","OutputType":"frame"}
{"Time":"2026-09-30T14:49:53.202442+02:00","Action":"pass","Package":"github.com/otuschhoff/rados-go/internal/msgr","Test":"TestPerformanceQueueFixture/depth=1024/drain=false","Elapsed":0}
{"Time":"2026-09-30T14:49:53.202447+02:00","Action":"run","Package":"github.com/otuschhoff/rados-go/internal/msgr","Test":"TestPerformanceQueueFixture/depth=1024/drain=true"}
{"Time":"2026-09-30T14:49:53.20245+02:00","Action":"output","Package":"github.com/otuschhoff/rados-go/internal/msgr","Test":"TestPerformanceQueueFixture/depth=1024/drain=true","Output":"=== RUN   TestPerformanceQueueFixture/depth=1024/drain=true\n","OutputType":"frame"}
{"Time":"2026-09-30T14:49:53.203835+02:00","Action":"output","Package":"github.com/otuschhoff/rados-go/internal/msgr","Test":"TestPerformanceQueueFixture/depth=1024/drain=true","Output":"--- PASS: TestPerformanceQueueFixture/depth=1024/drain=true (0.00s)\n","OutputType":"frame"}
{"Time":"2026-09-30T14:49:53.203845+02:00","Action":"pass","Package":"github.com/otuschhoff/rados-go/internal/msgr","Test":"TestPerformanceQueueFixture/depth=1024/drain=true","Elapsed":0}
{"Time":"2026-09-30T14:49:53.203848+02:00","Action":"run","Package":"github.com/otuschhoff/rados-go/internal/msgr","Test":"TestPerformanceQueueFixture/depth=4096/drain=false"}
{"Time":"2026-09-30T14:49:53.20385+02:00","Action":"output","Package":"github.com/otuschhoff/rados-go/internal/msgr","Test":"TestPerformanceQueueFixture/depth=4096/drain=false","Output":"=== RUN   TestPerformanceQueueFixture/depth=4096/drain=false\n","OutputType":"frame"}
{"Time":"2026-09-30T14:49:53.267445+02:00","Action":"output","Package":"github.com/otuschhoff/rados-go/internal/msgr","Test":"TestPerformanceQueueFixture/depth=4096/drain=false","Output":"--- PASS: TestPerformanceQueueFixture/depth=4096/drain=false (0.06s)\n","OutputType":"frame"}
{"Time":"2026-09-30T14:49:53.267464+02:00","Action":"pass","Package":"github.com/otuschhoff/rados-go/internal/msgr","Test":"TestPerformanceQueueFixture/depth=4096/drain=false","Elapsed":0.06}
{"Time":"2026-09-30T14:49:53.267469+02:00","Action":"run","Package":"github.com/otuschhoff/rados-go/internal/msgr","Test":"TestPerformanceQueueFixture/depth=4096/drain=true"}
{"Time":"2026-09-30T14:49:53.26747+02:00","Action":"output","Package":"github.com/otuschhoff/rados-go/internal/msgr","Test":"TestPerformanceQueueFixture/depth=4096/drain=true","Output":"=== RUN   TestPerformanceQueueFixture/depth=4096/drain=true\n","OutputType":"frame"}
{"Time":"2026-09-30T14:49:53.272056+02:00","Action":"output","Package":"github.com/otuschhoff/rados-go/internal/msgr","Test":"TestPerformanceQueueFixture/depth=4096/drain=true","Output":"--- PASS: TestPerformanceQueueFixture/depth=4096/drain=true (0.00s)\n","OutputType":"frame"}
{"Time":"2026-09-30T14:49:53.272069+02:00","Action":"pass","Package":"github.com/otuschhoff/rados-go/internal/msgr","Test":"TestPerformanceQueueFixture/depth=4096/drain=true","Elapsed":0}
{"Time":"2026-09-30T14:49:53.272072+02:00","Action":"output","Package":"github.com/otuschhoff/rados-go/internal/msgr","Test":"TestPerformanceQueueFixture","Output":"--- PASS: TestPerformanceQueueFixture (0.07s)\n","OutputType":"frame"}
{"Time":"2026-09-30T14:49:53.272074+02:00","Action":"pass","Package":"github.com/otuschhoff/rados-go/internal/msgr","Test":"TestPerformanceQueueFixture","Elapsed":0.07}
{"Time":"2026-09-30T14:49:53.272076+02:00","Action":"run","Package":"github.com/otuschhoff/rados-go/internal/msgr","Test":"TestPerformanceSubmissionReplayFixture"}
{"Time":"2026-09-30T14:49:53.272077+02:00","Action":"output","Package":"github.com/otuschhoff/rados-go/internal/msgr","Test":"TestPerformanceSubmissionReplayFixture","Output":"=== RUN   TestPerformanceSubmissionReplayFixture\n","OutputType":"frame"}
{"Time":"2026-09-30T14:49:53.272079+02:00","Action":"run","Package":"github.com/otuschhoff/rados-go/internal/msgr","Test":"TestPerformanceSubmissionReplayFixture/crc/bytes=4096/replay=false"}
{"Time":"2026-09-30T14:49:53.272081+02:00","Action":"output","Package":"github.com/otuschhoff/rados-go/internal/msgr","Test":"TestPerformanceSubmissionReplayFixture/crc/bytes=4096/replay=false","Output":"=== RUN   TestPerformanceSubmissionReplayFixture/crc/bytes=4096/replay=false\n","OutputType":"frame"}
{"Time":"2026-09-30T14:49:53.272308+02:00","Action":"output","Package":"github.com/otuschhoff/rados-go/internal/msgr","Test":"TestPerformanceSubmissionReplayFixture/crc/bytes=4096/replay=false","Output":"--- PASS: TestPerformanceSubmissionReplayFixture/crc/bytes=4096/replay=false (0.00s)\n","OutputType":"frame"}
{"Time":"2026-09-30T14:49:53.272313+02:00","Action":"pass","Package":"github.com/otuschhoff/rados-go/internal/msgr","Test":"TestPerformanceSubmissionReplayFixture/crc/bytes=4096/replay=false","Elapsed":0}
{"Time":"2026-09-30T14:49:53.272314+02:00","Action":"run","Package":"github.com/otuschhoff/rados-go/internal/msgr","Test":"TestPerformanceSubmissionReplayFixture/crc/bytes=4096/replay=true"}
{"Time":"2026-09-30T14:49:53.272316+02:00","Action":"output","Package":"github.com/otuschhoff/rados-go/internal/msgr","Test":"TestPerformanceSubmissionReplayFixture/crc/bytes=4096/replay=true","Output":"=== RUN   TestPerformanceSubmissionReplayFixture/crc/bytes=4096/replay=true\n","OutputType":"frame"}
{"Time":"2026-09-30T14:49:53.272441+02:00","Action":"output","Package":"github.com/otuschhoff/rados-go/internal/msgr","Test":"TestPerformanceSubmissionReplayFixture/crc/bytes=4096/replay=true","Output":"--- PASS: TestPerformanceSubmissionReplayFixture/crc/bytes=4096/replay=true (0.00s)\n","OutputType":"frame"}
{"Time":"2026-09-30T14:49:53.27245+02:00","Action":"pass","Package":"github.com/otuschhoff/rados-go/internal/msgr","Test":"TestPerformanceSubmissionReplayFixture/crc/bytes=4096/replay=true","Elapsed":0}
{"Time":"2026-09-30T14:49:53.272453+02:00","Action":"run","Package":"github.com/otuschhoff/rados-go/internal/msgr","Test":"TestPerformanceSubmissionReplayFixture/crc/bytes=65536/replay=false"}
{"Time":"2026-09-30T14:49:53.272468+02:00","Action":"output","Package":"github.com/otuschhoff/rados-go/internal/msgr","Test":"TestPerformanceSubmissionReplayFixture/crc/bytes=65536/replay=false","Output":"=== RUN   TestPerformanceSubmissionReplayFixture/crc/bytes=65536/replay=false\n","OutputType":"frame"}
{"Time":"2026-09-30T14:49:53.27255+02:00","Action":"output","Package":"github.com/otuschhoff/rados-go/internal/msgr","Test":"TestPerformanceSubmissionReplayFixture/crc/bytes=65536/replay=false","Output":"--- PASS: TestPerformanceSubmissionReplayFixture/crc/bytes=65536/replay=false (0.00s)\n","OutputType":"frame"}
{"Time":"2026-09-30T14:49:53.272845+02:00","Action":"pass","Package":"github.com/otuschhoff/rados-go/internal/msgr","Test":"TestPerformanceSubmissionReplayFixture/crc/bytes=65536/replay=false","Elapsed":0}
{"Time":"2026-09-30T14:49:53.272912+02:00","Action":"run","Package":"github.com/otuschhoff/rados-go/internal/msgr","Test":"TestPerformanceSubmissionReplayFixture/crc/bytes=65536/replay=true"}
{"Time":"2026-09-30T14:49:53.272917+02:00","Action":"output","Package":"github.com/otuschhoff/rados-go/internal/msgr","Test":"TestPerformanceSubmissionReplayFixture/crc/bytes=65536/replay=true","Output":"=== RUN   TestPerformanceSubmissionReplayFixture/crc/bytes=65536/replay=true\n","OutputType":"frame"}
{"Time":"2026-09-30T14:49:53.273465+02:00","Action":"output","Package":"github.com/otuschhoff/rados-go/internal/msgr","Test":"TestPerformanceSubmissionReplayFixture/crc/bytes=65536/replay=true","Output":"--- PASS: TestPerformanceSubmissionReplayFixture/crc/bytes=65536/replay=true (0.00s)\n","OutputType":"frame"}
{"Time":"2026-09-30T14:49:53.273511+02:00","Action":"pass","Package":"github.com/otuschhoff/rados-go/internal/msgr","Test":"TestPerformanceSubmissionReplayFixture/crc/bytes=65536/replay=true","Elapsed":0}
{"Time":"2026-09-30T14:49:53.273516+02:00","Action":"run","Package":"github.com/otuschhoff/rados-go/internal/msgr","Test":"TestPerformanceSubmissionReplayFixture/crc/bytes=4194304/replay=false"}
{"Time":"2026-09-30T14:49:53.273518+02:00","Action":"output","Package":"github.com/otuschhoff/rados-go/internal/msgr","Test":"TestPerformanceSubmissionReplayFixture/crc/bytes=4194304/replay=false","Output":"=== RUN   TestPerformanceSubmissionReplayFixture/crc/bytes=4194304/replay=false\n","OutputType":"frame"}
{"Time":"2026-09-30T14:49:53.278678+02:00","Action":"output","Package":"github.com/otuschhoff/rados-go/internal/msgr","Test":"TestPerformanceSubmissionReplayFixture/crc/bytes=4194304/replay=false","Output":"--- PASS: TestPerformanceSubmissionReplayFixture/crc/bytes=4194304/replay=false (0.01s)\n","OutputType":"frame"}
{"Time":"2026-09-30T14:49:53.278743+02:00","Action":"pass","Package":"github.com/otuschhoff/rados-go/internal/msgr","Test":"TestPerformanceSubmissionReplayFixture/crc/bytes=4194304/replay=false","Elapsed":0.01}
{"Time":"2026-09-30T14:49:53.278751+02:00","Action":"run","Package":"github.com/otuschhoff/rados-go/internal/msgr","Test":"TestPerformanceSubmissionReplayFixture/crc/bytes=4194304/replay=true"}
{"Time":"2026-09-30T14:49:53.278753+02:00","Action":"output","Package":"github.com/otuschhoff/rados-go/internal/msgr","Test":"TestPerformanceSubmissionReplayFixture/crc/bytes=4194304/replay=true","Output":"=== RUN   TestPerformanceSubmissionReplayFixture/crc/bytes=4194304/replay=true\n","OutputType":"frame"}
{"Time":"2026-09-30T14:49:53.285044+02:00","Action":"output","Package":"github.com/otuschhoff/rados-go/internal/msgr","Test":"TestPerformanceSubmissionReplayFixture/crc/bytes=4194304/replay=true","Output":"--- PASS: TestPerformanceSubmissionReplayFixture/crc/bytes=4194304/replay=true (0.01s)\n","OutputType":"frame"}
{"Time":"2026-09-30T14:49:53.285065+02:00","Action":"pass","Package":"github.com/otuschhoff/rados-go/internal/msgr","Test":"TestPerformanceSubmissionReplayFixture/crc/bytes=4194304/replay=true","Elapsed":0.01}
{"Time":"2026-09-30T14:49:53.285069+02:00","Action":"run","Package":"github.com/otuschhoff/rados-go/internal/msgr","Test":"TestPerformanceSubmissionReplayFixture/secure/bytes=4096/replay=false"}
{"Time":"2026-09-30T14:49:53.285071+02:00","Action":"output","Package":"github.com/otuschhoff/rados-go/internal/msgr","Test":"TestPerformanceSubmissionReplayFixture/secure/bytes=4096/replay=false","Output":"=== RUN   TestPerformanceSubmissionReplayFixture/secure/bytes=4096/replay=false\n","OutputType":"frame"}
{"Time":"2026-09-30T14:49:53.285132+02:00","Action":"output","Package":"github.com/otuschhoff/rados-go/internal/msgr","Test":"TestPerformanceSubmissionReplayFixture/secure/bytes=4096/replay=false","Output":"--- PASS: TestPerformanceSubmissionReplayFixture/secure/bytes=4096/replay=false (0.00s)\n","OutputType":"frame"}
{"Time":"2026-09-30T14:49:53.285146+02:00","Action":"pass","Package":"github.com/otuschhoff/rados-go/internal/msgr","Test":"TestPerformanceSubmissionReplayFixture/secure/bytes=4096/replay=false","Elapsed":0}
{"Time":"2026-09-30T14:49:53.285151+02:00","Action":"run","Package":"github.com/otuschhoff/rados-go/internal/msgr","Test":"TestPerformanceSubmissionReplayFixture/secure/bytes=4096/replay=true"}
{"Time":"2026-09-30T14:49:53.285152+02:00","Action":"output","Package":"github.com/otuschhoff/rados-go/internal/msgr","Test":"TestPerformanceSubmissionReplayFixture/secure/bytes=4096/replay=true","Output":"=== RUN   TestPerformanceSubmissionReplayFixture/secure/bytes=4096/replay=true\n","OutputType":"frame"}
{"Time":"2026-09-30T14:49:53.285285+02:00","Action":"output","Package":"github.com/otuschhoff/rados-go/internal/msgr","Test":"TestPerformanceSubmissionReplayFixture/secure/bytes=4096/replay=true","Output":"--- PASS: TestPerformanceSubmissionReplayFixture/secure/bytes=4096/replay=true (0.00s)\n","OutputType":"frame"}
{"Time":"2026-09-30T14:49:53.285292+02:00","Action":"pass","Package":"github.com/otuschhoff/rados-go/internal/msgr","Test":"TestPerformanceSubmissionReplayFixture/secure/bytes=4096/replay=true","Elapsed":0}
{"Time":"2026-09-30T14:49:53.285295+02:00","Action":"run","Package":"github.com/otuschhoff/rados-go/internal/msgr","Test":"TestPerformanceSubmissionReplayFixture/secure/bytes=65536/replay=false"}
{"Time":"2026-09-30T14:49:53.285296+02:00","Action":"output","Package":"github.com/otuschhoff/rados-go/internal/msgr","Test":"TestPerformanceSubmissionReplayFixture/secure/bytes=65536/replay=false","Output":"=== RUN   TestPerformanceSubmissionReplayFixture/secure/bytes=65536/replay=false\n","OutputType":"frame"}
{"Time":"2026-09-30T14:49:53.285423+02:00","Action":"output","Package":"github.com/otuschhoff/rados-go/internal/msgr","Test":"TestPerformanceSubmissionReplayFixture/secure/bytes=65536/replay=false","Output":"--- PASS: TestPerformanceSubmissionReplayFixture/secure/bytes=65536/replay=false (0.00s)\n","OutputType":"frame"}
{"Time":"2026-09-30T14:49:53.285429+02:00","Action":"pass","Package":"github.com/otuschhoff/rados-go/internal/msgr","Test":"TestPerformanceSubmissionReplayFixture/secure/bytes=65536/replay=false","Elapsed":0}
{"Time":"2026-09-30T14:49:53.285432+02:00","Action":"run","Package":"github.com/otuschhoff/rados-go/internal/msgr","Test":"TestPerformanceSubmissionReplayFixture/secure/bytes=65536/replay=true"}
{"Time":"2026-09-30T14:49:53.285434+02:00","Action":"output","Package":"github.com/otuschhoff/rados-go/internal/msgr","Test":"TestPerformanceSubmissionReplayFixture/secure/bytes=65536/replay=true","Output":"=== RUN   TestPerformanceSubmissionReplayFixture/secure/bytes=65536/replay=true\n","OutputType":"frame"}
{"Time":"2026-09-30T14:49:53.285628+02:00","Action":"output","Package":"github.com/otuschhoff/rados-go/internal/msgr","Test":"TestPerformanceSubmissionReplayFixture/secure/bytes=65536/replay=true","Output":"--- PASS: TestPerformanceSubmissionReplayFixture/secure/bytes=65536/replay=true (0.00s)\n","OutputType":"frame"}
{"Time":"2026-09-30T14:49:53.285633+02:00","Action":"pass","Package":"github.com/otuschhoff/rados-go/internal/msgr","Test":"TestPerformanceSubmissionReplayFixture/secure/bytes=65536/replay=true","Elapsed":0}
{"Time":"2026-09-30T14:49:53.285635+02:00","Action":"run","Package":"github.com/otuschhoff/rados-go/internal/msgr","Test":"TestPerformanceSubmissionReplayFixture/secure/bytes=4194304/replay=false"}
{"Time":"2026-09-30T14:49:53.285636+02:00","Action":"output","Package":"github.com/otuschhoff/rados-go/internal/msgr","Test":"TestPerformanceSubmissionReplayFixture/secure/bytes=4194304/replay=false","Output":"=== RUN   TestPerformanceSubmissionReplayFixture/secure/bytes=4194304/replay=false\n","OutputType":"frame"}
{"Time":"2026-09-30T14:49:53.288739+02:00","Action":"output","Package":"github.com/otuschhoff/rados-go/internal/msgr","Test":"TestPerformanceSubmissionReplayFixture/secure/bytes=4194304/replay=false","Output":"--- PASS: TestPerformanceSubmissionReplayFixture/secure/bytes=4194304/replay=false (0.00s)\n","OutputType":"frame"}
{"Time":"2026-09-30T14:49:53.288774+02:00","Action":"pass","Package":"github.com/otuschhoff/rados-go/internal/msgr","Test":"TestPerformanceSubmissionReplayFixture/secure/bytes=4194304/replay=false","Elapsed":0}
{"Time":"2026-09-30T14:49:53.288778+02:00","Action":"run","Package":"github.com/otuschhoff/rados-go/internal/msgr","Test":"TestPerformanceSubmissionReplayFixture/secure/bytes=4194304/replay=true"}
{"Time":"2026-09-30T14:49:53.288779+02:00","Action":"output","Package":"github.com/otuschhoff/rados-go/internal/msgr","Test":"TestPerformanceSubmissionReplayFixture/secure/bytes=4194304/replay=true","Output":"=== RUN   TestPerformanceSubmissionReplayFixture/secure/bytes=4194304/replay=true\n","OutputType":"frame"}
{"Time":"2026-09-30T14:49:53.293628+02:00","Action":"output","Package":"github.com/otuschhoff/rados-go/internal/msgr","Test":"TestPerformanceSubmissionReplayFixture/secure/bytes=4194304/replay=true","Output":"--- PASS: TestPerformanceSubmissionReplayFixture/secure/bytes=4194304/replay=true (0.00s)\n","OutputType":"frame"}
{"Time":"2026-09-30T14:49:53.293649+02:00","Action":"pass","Package":"github.com/otuschhoff/rados-go/internal/msgr","Test":"TestPerformanceSubmissionReplayFixture/secure/bytes=4194304/replay=true","Elapsed":0}
{"Time":"2026-09-30T14:49:53.293655+02:00","Action":"output","Package":"github.com/otuschhoff/rados-go/internal/msgr","Test":"TestPerformanceSubmissionReplayFixture","Output":"--- PASS: TestPerformanceSubmissionReplayFixture (0.02s)\n","OutputType":"frame"}
{"Time":"2026-09-30T14:49:53.293658+02:00","Action":"pass","Package":"github.com/otuschhoff/rados-go/internal/msgr","Test":"TestPerformanceSubmissionReplayFixture","Elapsed":0.02}
{"Time":"2026-09-30T14:49:53.293686+02:00","Action":"run","Package":"github.com/otuschhoff/rados-go/internal/msgr","Test":"TestPerformanceIdleConnectionsFixture"}
{"Time":"2026-09-30T14:49:53.293689+02:00","Action":"output","Package":"github.com/otuschhoff/rados-go/internal/msgr","Test":"TestPerformanceIdleConnectionsFixture","Output":"=== RUN   TestPerformanceIdleConnectionsFixture\n","OutputType":"frame"}
{"Time":"2026-09-30T14:49:53.293697+02:00","Action":"run","Package":"github.com/otuschhoff/rados-go/internal/msgr","Test":"TestPerformanceIdleConnectionsFixture/crc/count=1"}
{"Time":"2026-09-30T14:49:53.293699+02:00","Action":"output","Package":"github.com/otuschhoff/rados-go/internal/msgr","Test":"TestPerformanceIdleConnectionsFixture/crc/count=1","Output":"=== RUN   TestPerformanceIdleConnectionsFixture/crc/count=1\n","OutputType":"frame"}
{"Time":"2026-09-30T14:49:53.293716+02:00","Action":"output","Package":"github.com/otuschhoff/rados-go/internal/msgr","Test":"TestPerformanceIdleConnectionsFixture/crc/count=1","Output":"--- PASS: TestPerformanceIdleConnectionsFixture/crc/count=1 (0.00s)\n","OutputType":"frame"}
{"Time":"2026-09-30T14:49:53.293721+02:00","Action":"pass","Package":"github.com/otuschhoff/rados-go/internal/msgr","Test":"TestPerformanceIdleConnectionsFixture/crc/count=1","Elapsed":0}
{"Time":"2026-09-30T14:49:53.293724+02:00","Action":"run","Package":"github.com/otuschhoff/rados-go/internal/msgr","Test":"TestPerformanceIdleConnectionsFixture/crc/count=16"}
{"Time":"2026-09-30T14:49:53.293725+02:00","Action":"output","Package":"github.com/otuschhoff/rados-go/internal/msgr","Test":"TestPerformanceIdleConnectionsFixture/crc/count=16","Output":"=== RUN   TestPerformanceIdleConnectionsFixture/crc/count=16\n","OutputType":"frame"}
{"Time":"2026-09-30T14:49:53.294673+02:00","Action":"output","Package":"github.com/otuschhoff/rados-go/internal/msgr","Test":"TestPerformanceIdleConnectionsFixture/crc/count=16","Output":"--- PASS: TestPerformanceIdleConnectionsFixture/crc/count=16 (0.00s)\n","OutputType":"frame"}
{"Time":"2026-09-30T14:49:53.29468+02:00","Action":"pass","Package":"github.com/otuschhoff/rados-go/internal/msgr","Test":"TestPerformanceIdleConnectionsFixture/crc/count=16","Elapsed":0}
{"Time":"2026-09-30T14:49:53.294682+02:00","Action":"run","Package":"github.com/otuschhoff/rados-go/internal/msgr","Test":"TestPerformanceIdleConnectionsFixture/crc/count=128"}
{"Time":"2026-09-30T14:49:53.294683+02:00","Action":"output","Package":"github.com/otuschhoff/rados-go/internal/msgr","Test":"TestPerformanceIdleConnectionsFixture/crc/count=128","Output":"=== RUN   TestPerformanceIdleConnectionsFixture/crc/count=128\n","OutputType":"frame"}
{"Time":"2026-09-30T14:49:53.300289+02:00","Action":"output","Package":"github.com/otuschhoff/rados-go/internal/msgr","Test":"TestPerformanceIdleConnectionsFixture/crc/count=128","Output":"--- PASS: TestPerformanceIdleConnectionsFixture/crc/count=128 (0.01s)\n","OutputType":"frame"}
{"Time":"2026-09-30T14:49:53.300304+02:00","Action":"pass","Package":"github.com/otuschhoff/rados-go/internal/msgr","Test":"TestPerformanceIdleConnectionsFixture/crc/count=128","Elapsed":0.01}
{"Time":"2026-09-30T14:49:53.300308+02:00","Action":"run","Package":"github.com/otuschhoff/rados-go/internal/msgr","Test":"TestPerformanceIdleConnectionsFixture/secure/count=1"}
{"Time":"2026-09-30T14:49:53.30031+02:00","Action":"output","Package":"github.com/otuschhoff/rados-go/internal/msgr","Test":"TestPerformanceIdleConnectionsFixture/secure/count=1","Output":"=== RUN   TestPerformanceIdleConnectionsFixture/secure/count=1\n","OutputType":"frame"}
{"Time":"2026-09-30T14:49:53.300314+02:00","Action":"output","Package":"github.com/otuschhoff/rados-go/internal/msgr","Test":"TestPerformanceIdleConnectionsFixture/secure/count=1","Output":"--- PASS: TestPerformanceIdleConnectionsFixture/secure/count=1 (0.00s)\n","OutputType":"frame"}
{"Time":"2026-09-30T14:49:53.300315+02:00","Action":"pass","Package":"github.com/otuschhoff/rados-go/internal/msgr","Test":"TestPerformanceIdleConnectionsFixture/secure/count=1","Elapsed":0}
{"Time":"2026-09-30T14:49:53.300319+02:00","Action":"run","Package":"github.com/otuschhoff/rados-go/internal/msgr","Test":"TestPerformanceIdleConnectionsFixture/secure/count=16"}
{"Time":"2026-09-30T14:49:53.300339+02:00","Action":"output","Package":"github.com/otuschhoff/rados-go/internal/msgr","Test":"TestPerformanceIdleConnectionsFixture/secure/count=16","Output":"=== RUN   TestPerformanceIdleConnectionsFixture/secure/count=16\n","OutputType":"frame"}
{"Time":"2026-09-30T14:49:53.300612+02:00","Action":"output","Package":"github.com/otuschhoff/rados-go/internal/msgr","Test":"TestPerformanceIdleConnectionsFixture/secure/count=16","Output":"--- PASS: TestPerformanceIdleConnectionsFixture/secure/count=16 (0.00s)\n","OutputType":"frame"}
{"Time":"2026-09-30T14:49:53.300619+02:00","Action":"pass","Package":"github.com/otuschhoff/rados-go/internal/msgr","Test":"TestPerformanceIdleConnectionsFixture/secure/count=16","Elapsed":0}
{"Time":"2026-09-30T14:49:53.300622+02:00","Action":"run","Package":"github.com/otuschhoff/rados-go/internal/msgr","Test":"TestPerformanceIdleConnectionsFixture/secure/count=128"}
{"Time":"2026-09-30T14:49:53.300624+02:00","Action":"output","Package":"github.com/otuschhoff/rados-go/internal/msgr","Test":"TestPerformanceIdleConnectionsFixture/secure/count=128","Output":"=== RUN   TestPerformanceIdleConnectionsFixture/secure/count=128\n","OutputType":"frame"}
{"Time":"2026-09-30T14:49:53.303722+02:00","Action":"output","Package":"github.com/otuschhoff/rados-go/internal/msgr","Test":"TestPerformanceIdleConnectionsFixture/secure/count=128","Output":"--- PASS: TestPerformanceIdleConnectionsFixture/secure/count=128 (0.00s)\n","OutputType":"frame"}
{"Time":"2026-09-30T14:49:53.303731+02:00","Action":"pass","Package":"github.com/otuschhoff/rados-go/internal/msgr","Test":"TestPerformanceIdleConnectionsFixture/secure/count=128","Elapsed":0}
{"Time":"2026-09-30T14:49:53.303733+02:00","Action":"output","Package":"github.com/otuschhoff/rados-go/internal/msgr","Test":"TestPerformanceIdleConnectionsFixture","Output":"--- PASS: TestPerformanceIdleConnectionsFixture (0.01s)\n","OutputType":"frame"}
{"Time":"2026-09-30T14:49:53.303735+02:00","Action":"pass","Package":"github.com/otuschhoff/rados-go/internal/msgr","Test":"TestPerformanceIdleConnectionsFixture","Elapsed":0.01}
{"Time":"2026-09-30T14:49:53.303737+02:00","Action":"output","Package":"github.com/otuschhoff/rados-go/internal/msgr","Output":"PASS\n","OutputType":"frame"}
{"Time":"2026-09-30T14:49:53.305747+02:00","Action":"output","Package":"github.com/otuschhoff/rados-go/internal/msgr","Output":"ok  \tgithub.com/otuschhoff/rados-go/internal/msgr\t0.795s\n"}
{"Time":"2026-09-30T14:49:53.305756+02:00","Action":"pass","Package":"github.com/otuschhoff/rados-go/internal/msgr","Elapsed":0.795}
