{"Time":"2026-09-30T16:36:55.347558+02:00","Action":"start","Package":"github.com/otuschhoff/rados-go/internal/maps"}
{"Time":"2026-09-30T16:36:55.40537+02:00","Action":"start","Package":"github.com/otuschhoff/rados-go/internal/msgr"}
{"Time":"2026-09-30T16:36:55.719442+02:00","Action":"run","Package":"github.com/otuschhoff/rados-go/internal/maps","Test":"TestPerformancePlacementFixtures"}
{"Time":"2026-09-30T16:36:55.719491+02:00","Action":"output","Package":"github.com/otuschhoff/rados-go/internal/maps","Test":"TestPerformancePlacementFixtures","Output":"=== RUN   TestPerformancePlacementFixtures\n","OutputType":"frame"}
{"Time":"2026-09-30T16:36:55.719604+02:00","Action":"run","Package":"github.com/otuschhoff/rados-go/internal/maps","Test":"TestPerformancePlacementFixtures/UnrelatedBuckets=0"}
{"Time":"2026-09-30T16:36:55.719626+02:00","Action":"output","Package":"github.com/otuschhoff/rados-go/internal/maps","Test":"TestPerformancePlacementFixtures/UnrelatedBuckets=0","Output":"=== RUN   TestPerformancePlacementFixtures/UnrelatedBuckets=0\n","OutputType":"frame"}
{"Time":"2026-09-30T16:36:55.720234+02:00","Action":"output","Package":"github.com/otuschhoff/rados-go/internal/maps","Test":"TestPerformancePlacementFixtures/UnrelatedBuckets=0","Output":"--- PASS: TestPerformancePlacementFixtures/UnrelatedBuckets=0 (0.00s)\n","OutputType":"frame"}
{"Time":"2026-09-30T16:36:55.720258+02:00","Action":"pass","Package":"github.com/otuschhoff/rados-go/internal/maps","Test":"TestPerformancePlacementFixtures/UnrelatedBuckets=0","Elapsed":0}
{"Time":"2026-09-30T16:36:55.720274+02:00","Action":"run","Package":"github.com/otuschhoff/rados-go/internal/maps","Test":"TestPerformancePlacementFixtures/UnrelatedBuckets=64"}
{"Time":"2026-09-30T16:36:55.720275+02:00","Action":"output","Package":"github.com/otuschhoff/rados-go/internal/maps","Test":"TestPerformancePlacementFixtures/UnrelatedBuckets=64","Output":"=== RUN   TestPerformancePlacementFixtures/UnrelatedBuckets=64\n","OutputType":"frame"}
{"Time":"2026-09-30T16:36:55.722361+02:00","Action":"output","Package":"github.com/otuschhoff/rados-go/internal/maps","Test":"TestPerformancePlacementFixtures/UnrelatedBuckets=64","Output":"--- PASS: TestPerformancePlacementFixtures/UnrelatedBuckets=64 (0.00s)\n","OutputType":"frame"}
{"Time":"2026-09-30T16:36:55.722374+02:00","Action":"pass","Package":"github.com/otuschhoff/rados-go/internal/maps","Test":"TestPerformancePlacementFixtures/UnrelatedBuckets=64","Elapsed":0}
{"Time":"2026-09-30T16:36:55.722388+02:00","Action":"run","Package":"github.com/otuschhoff/rados-go/internal/maps","Test":"TestPerformancePlacementFixtures/UnrelatedBuckets=1024"}
{"Time":"2026-09-30T16:36:55.722392+02:00","Action":"output","Package":"github.com/otuschhoff/rados-go/internal/maps","Test":"TestPerformancePlacementFixtures/UnrelatedBuckets=1024","Output":"=== RUN   TestPerformancePlacementFixtures/UnrelatedBuckets=1024\n","OutputType":"frame"}
{"Time":"2026-09-30T16:36:55.747938+02:00","Action":"output","Package":"github.com/otuschhoff/rados-go/internal/maps","Test":"TestPerformancePlacementFixtures/UnrelatedBuckets=1024","Output":"--- PASS: TestPerformancePlacementFixtures/UnrelatedBuckets=1024 (0.03s)\n","OutputType":"frame"}
{"Time":"2026-09-30T16:36:55.747964+02:00","Action":"pass","Package":"github.com/otuschhoff/rados-go/internal/maps","Test":"TestPerformancePlacementFixtures/UnrelatedBuckets=1024","Elapsed":0.03}
{"Time":"2026-09-30T16:36:55.747991+02:00","Action":"run","Package":"github.com/otuschhoff/rados-go/internal/maps","Test":"TestPerformancePlacementFixtures/UnrelatedBuckets=4096"}
{"Time":"2026-09-30T16:36:55.747994+02:00","Action":"output","Package":"github.com/otuschhoff/rados-go/internal/maps","Test":"TestPerformancePlacementFixtures/UnrelatedBuckets=4096","Output":"=== RUN   TestPerformancePlacementFixtures/UnrelatedBuckets=4096\n","OutputType":"frame"}
{"Time":"2026-09-30T16:36:55.817032+02:00","Action":"output","Package":"github.com/otuschhoff/rados-go/internal/maps","Test":"TestPerformancePlacementFixtures/UnrelatedBuckets=4096","Output":"--- PASS: TestPerformancePlacementFixtures/UnrelatedBuckets=4096 (0.07s)\n","OutputType":"frame"}
{"Time":"2026-09-30T16:36:55.817055+02:00","Action":"pass","Package":"github.com/otuschhoff/rados-go/internal/maps","Test":"TestPerformancePlacementFixtures/UnrelatedBuckets=4096","Elapsed":0.07}
{"Time":"2026-09-30T16:36:55.817071+02:00","Action":"output","Package":"github.com/otuschhoff/rados-go/internal/maps","Test":"TestPerformancePlacementFixtures","Output":"--- PASS: TestPerformancePlacementFixtures (0.10s)\n","OutputType":"frame"}
{"Time":"2026-09-30T16:36:55.817081+02:00","Action":"pass","Package":"github.com/otuschhoff/rados-go/internal/maps","Test":"TestPerformancePlacementFixtures","Elapsed":0.1}
{"Time":"2026-09-30T16:36:55.817083+02:00","Action":"run","Package":"github.com/otuschhoff/rados-go/internal/maps","Test":"TestPerformanceIncrementalFixtures"}
{"Time":"2026-09-30T16:36:55.817085+02:00","Action":"output","Package":"github.com/otuschhoff/rados-go/internal/maps","Test":"TestPerformanceIncrementalFixtures","Output":"=== RUN   TestPerformanceIncrementalFixtures\n","OutputType":"frame"}
{"Time":"2026-09-30T16:36:55.817086+02:00","Action":"run","Package":"github.com/otuschhoff/rados-go/internal/maps","Test":"TestPerformanceIncrementalFixtures/OSDs=4/OverridePGs=0"}
{"Time":"2026-09-30T16:36:55.817088+02:00","Action":"output","Package":"github.com/otuschhoff/rados-go/internal/maps","Test":"TestPerformanceIncrementalFixtures/OSDs=4/OverridePGs=0","Output":"=== RUN   TestPerformanceIncrementalFixtures/OSDs=4/OverridePGs=0\n","OutputType":"frame"}
{"Time":"2026-09-30T16:36:55.817093+02:00","Action":"output","Package":"github.com/otuschhoff/rados-go/internal/maps","Test":"TestPerformanceIncrementalFixtures/OSDs=4/OverridePGs=0","Output":"--- PASS: TestPerformanceIncrementalFixtures/OSDs=4/OverridePGs=0 (0.00s)\n","OutputType":"frame"}
{"Time":"2026-09-30T16:36:55.817094+02:00","Action":"pass","Package":"github.com/otuschhoff/rados-go/internal/maps","Test":"TestPerformanceIncrementalFixtures/OSDs=4/OverridePGs=0","Elapsed":0}
{"Time":"2026-09-30T16:36:55.817096+02:00","Action":"run","Package":"github.com/otuschhoff/rados-go/internal/maps","Test":"TestPerformanceIncrementalFixtures/OSDs=64/OverridePGs=0"}
{"Time":"2026-09-30T16:36:55.817098+02:00","Action":"output","Package":"github.com/otuschhoff/rados-go/internal/maps","Test":"TestPerformanceIncrementalFixtures/OSDs=64/OverridePGs=0","Output":"=== RUN   TestPerformanceIncrementalFixtures/OSDs=64/OverridePGs=0\n","OutputType":"frame"}
{"Time":"2026-09-30T16:36:55.817193+02:00","Action":"output","Package":"github.com/otuschhoff/rados-go/internal/maps","Test":"TestPerformanceIncrementalFixtures/OSDs=64/OverridePGs=0","Output":"--- PASS: TestPerformanceIncrementalFixtures/OSDs=64/OverridePGs=0 (0.00s)\n","OutputType":"frame"}
{"Time":"2026-09-30T16:36:55.817199+02:00","Action":"pass","Package":"github.com/otuschhoff/rados-go/internal/maps","Test":"TestPerformanceIncrementalFixtures/OSDs=64/OverridePGs=0","Elapsed":0}
{"Time":"2026-09-30T16:36:55.817201+02:00","Action":"run","Package":"github.com/otuschhoff/rados-go/internal/maps","Test":"TestPerformanceIncrementalFixtures/OSDs=1024/OverridePGs=0"}
{"Time":"2026-09-30T16:36:55.817202+02:00","Action":"output","Package":"github.com/otuschhoff/rados-go/internal/maps","Test":"TestPerformanceIncrementalFixtures/OSDs=1024/OverridePGs=0","Output":"=== RUN   TestPerformanceIncrementalFixtures/OSDs=1024/OverridePGs=0\n","OutputType":"frame"}
{"Time":"2026-09-30T16:36:55.817885+02:00","Action":"output","Package":"github.com/otuschhoff/rados-go/internal/maps","Test":"TestPerformanceIncrementalFixtures/OSDs=1024/OverridePGs=0","Output":"--- PASS: TestPerformanceIncrementalFixtures/OSDs=1024/OverridePGs=0 (0.00s)\n","OutputType":"frame"}
{"Time":"2026-09-30T16:36:55.81789+02:00","Action":"pass","Package":"github.com/otuschhoff/rados-go/internal/maps","Test":"TestPerformanceIncrementalFixtures/OSDs=1024/OverridePGs=0","Elapsed":0}
{"Time":"2026-09-30T16:36:55.817891+02:00","Action":"run","Package":"github.com/otuschhoff/rados-go/internal/maps","Test":"TestPerformanceIncrementalFixtures/OSDs=4096/OverridePGs=0"}
{"Time":"2026-09-30T16:36:55.817893+02:00","Action":"output","Package":"github.com/otuschhoff/rados-go/internal/maps","Test":"TestPerformanceIncrementalFixtures/OSDs=4096/OverridePGs=0","Output":"=== RUN   TestPerformanceIncrementalFixtures/OSDs=4096/OverridePGs=0\n","OutputType":"frame"}
{"Time":"2026-09-30T16:36:55.821189+02:00","Action":"output","Package":"github.com/otuschhoff/rados-go/internal/maps","Test":"TestPerformanceIncrementalFixtures/OSDs=4096/OverridePGs=0","Output":"--- PASS: TestPerformanceIncrementalFixtures/OSDs=4096/OverridePGs=0 (0.00s)\n","OutputType":"frame"}
{"Time":"2026-09-30T16:36:55.821205+02:00","Action":"pass","Package":"github.com/otuschhoff/rados-go/internal/maps","Test":"TestPerformanceIncrementalFixtures/OSDs=4096/OverridePGs=0","Elapsed":0}
{"Time":"2026-09-30T16:36:55.821215+02:00","Action":"run","Package":"github.com/otuschhoff/rados-go/internal/maps","Test":"TestPerformanceIncrementalFixtures/OSDs=4/OverridePGs=64"}
{"Time":"2026-09-30T16:36:55.821217+02:00","Action":"output","Package":"github.com/otuschhoff/rados-go/internal/maps","Test":"TestPerformanceIncrementalFixtures/OSDs=4/OverridePGs=64","Output":"=== RUN   TestPerformanceIncrementalFixtures/OSDs=4/OverridePGs=64\n","OutputType":"frame"}
{"Time":"2026-09-30T16:36:55.821462+02:00","Action":"output","Package":"github.com/otuschhoff/rados-go/internal/maps","Test":"TestPerformanceIncrementalFixtures/OSDs=4/OverridePGs=64","Output":"--- PASS: TestPerformanceIncrementalFixtures/OSDs=4/OverridePGs=64 (0.00s)\n","OutputType":"frame"}
{"Time":"2026-09-30T16:36:55.821466+02:00","Action":"pass","Package":"github.com/otuschhoff/rados-go/internal/maps","Test":"TestPerformanceIncrementalFixtures/OSDs=4/OverridePGs=64","Elapsed":0}
{"Time":"2026-09-30T16:36:55.821468+02:00","Action":"run","Package":"github.com/otuschhoff/rados-go/internal/maps","Test":"TestPerformanceIncrementalFixtures/OSDs=4/OverridePGs=1024"}
{"Time":"2026-09-30T16:36:55.821469+02:00","Action":"output","Package":"github.com/otuschhoff/rados-go/internal/maps","Test":"TestPerformanceIncrementalFixtures/OSDs=4/OverridePGs=1024","Output":"=== RUN   TestPerformanceIncrementalFixtures/OSDs=4/OverridePGs=1024\n","OutputType":"frame"}
{"Time":"2026-09-30T16:36:55.825278+02:00","Action":"output","Package":"github.com/otuschhoff/rados-go/internal/maps","Test":"TestPerformanceIncrementalFixtures/OSDs=4/OverridePGs=1024","Output":"--- PASS: TestPerformanceIncrementalFixtures/OSDs=4/OverridePGs=1024 (0.00s)\n","OutputType":"frame"}
{"Time":"2026-09-30T16:36:55.825285+02:00","Action":"pass","Package":"github.com/otuschhoff/rados-go/internal/maps","Test":"TestPerformanceIncrementalFixtures/OSDs=4/OverridePGs=1024","Elapsed":0}
{"Time":"2026-09-30T16:36:55.825287+02:00","Action":"run","Package":"github.com/otuschhoff/rados-go/internal/maps","Test":"TestPerformanceIncrementalFixtures/OSDs=4/OverridePGs=4096"}
{"Time":"2026-09-30T16:36:55.82529+02:00","Action":"output","Package":"github.com/otuschhoff/rados-go/internal/maps","Test":"TestPerformanceIncrementalFixtures/OSDs=4/OverridePGs=4096","Output":"=== RUN   TestPerformanceIncrementalFixtures/OSDs=4/OverridePGs=4096\n","OutputType":"frame"}
{"Time":"2026-09-30T16:36:55.842609+02:00","Action":"output","Package":"github.com/otuschhoff/rados-go/internal/maps","Test":"TestPerformanceIncrementalFixtures/OSDs=4/OverridePGs=4096","Output":"--- PASS: TestPerformanceIncrementalFixtures/OSDs=4/OverridePGs=4096 (0.02s)\n","OutputType":"frame"}
{"Time":"2026-09-30T16:36:55.842626+02:00","Action":"pass","Package":"github.com/otuschhoff/rados-go/internal/maps","Test":"TestPerformanceIncrementalFixtures/OSDs=4/OverridePGs=4096","Elapsed":0.02}
{"Time":"2026-09-30T16:36:55.84263+02:00","Action":"output","Package":"github.com/otuschhoff/rados-go/internal/maps","Test":"TestPerformanceIncrementalFixtures","Output":"--- PASS: TestPerformanceIncrementalFixtures (0.03s)\n","OutputType":"frame"}
{"Time":"2026-09-30T16:36:55.842632+02:00","Action":"pass","Package":"github.com/otuschhoff/rados-go/internal/maps","Test":"TestPerformanceIncrementalFixtures","Elapsed":0.03}
{"Time":"2026-09-30T16:36:55.842634+02:00","Action":"output","Package":"github.com/otuschhoff/rados-go/internal/maps","Output":"PASS\n","OutputType":"frame"}
{"Time":"2026-09-30T16:36:55.843534+02:00","Action":"output","Package":"github.com/otuschhoff/rados-go/internal/maps","Output":"ok  \tgithub.com/otuschhoff/rados-go/internal/maps\t0.496s\n"}
{"Time":"2026-09-30T16:36:55.843577+02:00","Action":"pass","Package":"github.com/otuschhoff/rados-go/internal/maps","Elapsed":0.496}
{"Time":"2026-09-30T16:36:56.068265+02:00","Action":"run","Package":"github.com/otuschhoff/rados-go/internal/msgr","Test":"TestPerformanceQueueFixture"}
{"Time":"2026-09-30T16:36:56.068361+02:00","Action":"output","Package":"github.com/otuschhoff/rados-go/internal/msgr","Test":"TestPerformanceQueueFixture","Output":"=== RUN   TestPerformanceQueueFixture\n","OutputType":"frame"}
{"Time":"2026-09-30T16:36:56.068381+02:00","Action":"run","Package":"github.com/otuschhoff/rados-go/internal/msgr","Test":"TestPerformanceQueueFixture/depth=1/drain=false"}
{"Time":"2026-09-30T16:36:56.068432+02:00","Action":"output","Package":"github.com/otuschhoff/rados-go/internal/msgr","Test":"TestPerformanceQueueFixture/depth=1/drain=false","Output":"=== RUN   TestPerformanceQueueFixture/depth=1/drain=false\n","OutputType":"frame"}
{"Time":"2026-09-30T16:36:56.068665+02:00","Action":"output","Package":"github.com/otuschhoff/rados-go/internal/msgr","Test":"TestPerformanceQueueFixture/depth=1/drain=false","Output":"--- PASS: TestPerformanceQueueFixture/depth=1/drain=false (0.00s)\n","OutputType":"frame"}
{"Time":"2026-09-30T16:36:56.068688+02:00","Action":"pass","Package":"github.com/otuschhoff/rados-go/internal/msgr","Test":"TestPerformanceQueueFixture/depth=1/drain=false","Elapsed":0}
{"Time":"2026-09-30T16:36:56.068698+02:00","Action":"run","Package":"github.com/otuschhoff/rados-go/internal/msgr","Test":"TestPerformanceQueueFixture/depth=1/drain=true"}
{"Time":"2026-09-30T16:36:56.068702+02:00","Action":"output","Package":"github.com/otuschhoff/rados-go/internal/msgr","Test":"TestPerformanceQueueFixture/depth=1/drain=true","Output":"=== RUN   TestPerformanceQueueFixture/depth=1/drain=true\n","OutputType":"frame"}
{"Time":"2026-09-30T16:36:56.068706+02:00","Action":"output","Package":"github.com/otuschhoff/rados-go/internal/msgr","Test":"TestPerformanceQueueFixture/depth=1/drain=true","Output":"--- PASS: TestPerformanceQueueFixture/depth=1/drain=true (0.00s)\n","OutputType":"frame"}
{"Time":"2026-09-30T16:36:56.068722+02:00","Action":"pass","Package":"github.com/otuschhoff/rados-go/internal/msgr","Test":"TestPerformanceQueueFixture/depth=1/drain=true","Elapsed":0}
{"Time":"2026-09-30T16:36:56.068728+02:00","Action":"run","Package":"github.com/otuschhoff/rados-go/internal/msgr","Test":"TestPerformanceQueueFixture/depth=64/drain=false"}
{"Time":"2026-09-30T16:36:56.068731+02:00","Action":"output","Package":"github.com/otuschhoff/rados-go/internal/msgr","Test":"TestPerformanceQueueFixture/depth=64/drain=false","Output":"=== RUN   TestPerformanceQueueFixture/depth=64/drain=false\n","OutputType":"frame"}
{"Time":"2026-09-30T16:36:56.068871+02:00","Action":"output","Package":"github.com/otuschhoff/rados-go/internal/msgr","Test":"TestPerformanceQueueFixture/depth=64/drain=false","Output":"--- PASS: TestPerformanceQueueFixture/depth=64/drain=false (0.00s)\n","OutputType":"frame"}
{"Time":"2026-09-30T16:36:56.068885+02:00","Action":"pass","Package":"github.com/otuschhoff/rados-go/internal/msgr","Test":"TestPerformanceQueueFixture/depth=64/drain=false","Elapsed":0}
{"Time":"2026-09-30T16:36:56.068889+02:00","Action":"run","Package":"github.com/otuschhoff/rados-go/internal/msgr","Test":"TestPerformanceQueueFixture/depth=64/drain=true"}
{"Time":"2026-09-30T16:36:56.068892+02:00","Action":"output","Package":"github.com/otuschhoff/rados-go/internal/msgr","Test":"TestPerformanceQueueFixture/depth=64/drain=true","Output":"=== RUN   TestPerformanceQueueFixture/depth=64/drain=true\n","OutputType":"frame"}
{"Time":"2026-09-30T16:36:56.069006+02:00","Action":"output","Package":"github.com/otuschhoff/rados-go/internal/msgr","Test":"TestPerformanceQueueFixture/depth=64/drain=true","Output":"--- PASS: TestPerformanceQueueFixture/depth=64/drain=true (0.00s)\n","OutputType":"frame"}
{"Time":"2026-09-30T16:36:56.069014+02:00","Action":"pass","Package":"github.com/otuschhoff/rados-go/internal/msgr","Test":"TestPerformanceQueueFixture/depth=64/drain=true","Elapsed":0}
{"Time":"2026-09-30T16:36:56.06902+02:00","Action":"run","Package":"github.com/otuschhoff/rados-go/internal/msgr","Test":"TestPerformanceQueueFixture/depth=1024/drain=false"}
{"Time":"2026-09-30T16:36:56.069024+02:00","Action":"output","Package":"github.com/otuschhoff/rados-go/internal/msgr","Test":"TestPerformanceQueueFixture/depth=1024/drain=false","Output":"=== RUN   TestPerformanceQueueFixture/depth=1024/drain=false\n","OutputType":"frame"}
{"Time":"2026-09-30T16:36:56.073287+02:00","Action":"output","Package":"github.com/otuschhoff/rados-go/internal/msgr","Test":"TestPerformanceQueueFixture/depth=1024/drain=false","Output":"--- PASS: TestPerformanceQueueFixture/depth=1024/drain=false (0.00s)\n","OutputType":"frame"}
{"Time":"2026-09-30T16:36:56.073298+02:00","Action":"pass","Package":"github.com/otuschhoff/rados-go/internal/msgr","Test":"TestPerformanceQueueFixture/depth=1024/drain=false","Elapsed":0}
{"Time":"2026-09-30T16:36:56.073301+02:00","Action":"run","Package":"github.com/otuschhoff/rados-go/internal/msgr","Test":"TestPerformanceQueueFixture/depth=1024/drain=true"}
{"Time":"2026-09-30T16:36:56.073303+02:00","Action":"output","Package":"github.com/otuschhoff/rados-go/internal/msgr","Test":"TestPerformanceQueueFixture/depth=1024/drain=true","Output":"=== RUN   TestPerformanceQueueFixture/depth=1024/drain=true\n","OutputType":"frame"}
{"Time":"2026-09-30T16:36:56.075477+02:00","Action":"output","Package":"github.com/otuschhoff/rados-go/internal/msgr","Test":"TestPerformanceQueueFixture/depth=1024/drain=true","Output":"--- PASS: TestPerformanceQueueFixture/depth=1024/drain=true (0.00s)\n","OutputType":"frame"}
{"Time":"2026-09-30T16:36:56.075487+02:00","Action":"pass","Package":"github.com/otuschhoff/rados-go/internal/msgr","Test":"TestPerformanceQueueFixture/depth=1024/drain=true","Elapsed":0}
{"Time":"2026-09-30T16:36:56.07549+02:00","Action":"run","Package":"github.com/otuschhoff/rados-go/internal/msgr","Test":"TestPerformanceQueueFixture/depth=4096/drain=false"}
{"Time":"2026-09-30T16:36:56.075492+02:00","Action":"output","Package":"github.com/otuschhoff/rados-go/internal/msgr","Test":"TestPerformanceQueueFixture/depth=4096/drain=false","Output":"=== RUN   TestPerformanceQueueFixture/depth=4096/drain=false\n","OutputType":"frame"}
{"Time":"2026-09-30T16:36:56.127977+02:00","Action":"output","Package":"github.com/otuschhoff/rados-go/internal/msgr","Test":"TestPerformanceQueueFixture/depth=4096/drain=false","Output":"--- PASS: TestPerformanceQueueFixture/depth=4096/drain=false (0.05s)\n","OutputType":"frame"}
{"Time":"2026-09-30T16:36:56.127995+02:00","Action":"pass","Package":"github.com/otuschhoff/rados-go/internal/msgr","Test":"TestPerformanceQueueFixture/depth=4096/drain=false","Elapsed":0.05}
{"Time":"2026-09-30T16:36:56.128+02:00","Action":"run","Package":"github.com/otuschhoff/rados-go/internal/msgr","Test":"TestPerformanceQueueFixture/depth=4096/drain=true"}
{"Time":"2026-09-30T16:36:56.128001+02:00","Action":"output","Package":"github.com/otuschhoff/rados-go/internal/msgr","Test":"TestPerformanceQueueFixture/depth=4096/drain=true","Output":"=== RUN   TestPerformanceQueueFixture/depth=4096/drain=true\n","OutputType":"frame"}
{"Time":"2026-09-30T16:36:56.132011+02:00","Action":"output","Package":"github.com/otuschhoff/rados-go/internal/msgr","Test":"TestPerformanceQueueFixture/depth=4096/drain=true","Output":"--- PASS: TestPerformanceQueueFixture/depth=4096/drain=true (0.00s)\n","OutputType":"frame"}
{"Time":"2026-09-30T16:36:56.132031+02:00","Action":"pass","Package":"github.com/otuschhoff/rados-go/internal/msgr","Test":"TestPerformanceQueueFixture/depth=4096/drain=true","Elapsed":0}
{"Time":"2026-09-30T16:36:56.132036+02:00","Action":"output","Package":"github.com/otuschhoff/rados-go/internal/msgr","Test":"TestPerformanceQueueFixture","Output":"--- PASS: TestPerformanceQueueFixture (0.06s)\n","OutputType":"frame"}
{"Time":"2026-09-30T16:36:56.132038+02:00","Action":"pass","Package":"github.com/otuschhoff/rados-go/internal/msgr","Test":"TestPerformanceQueueFixture","Elapsed":0.06}
{"Time":"2026-09-30T16:36:56.132041+02:00","Action":"run","Package":"github.com/otuschhoff/rados-go/internal/msgr","Test":"TestPerformanceSubmissionReplayFixture"}
{"Time":"2026-09-30T16:36:56.132042+02:00","Action":"output","Package":"github.com/otuschhoff/rados-go/internal/msgr","Test":"TestPerformanceSubmissionReplayFixture","Output":"=== RUN   TestPerformanceSubmissionReplayFixture\n","OutputType":"frame"}
{"Time":"2026-09-30T16:36:56.132054+02:00","Action":"run","Package":"github.com/otuschhoff/rados-go/internal/msgr","Test":"TestPerformanceSubmissionReplayFixture/crc/bytes=4096/replay=false"}
{"Time":"2026-09-30T16:36:56.132057+02:00","Action":"output","Package":"github.com/otuschhoff/rados-go/internal/msgr","Test":"TestPerformanceSubmissionReplayFixture/crc/bytes=4096/replay=false","Output":"=== RUN   TestPerformanceSubmissionReplayFixture/crc/bytes=4096/replay=false\n","OutputType":"frame"}
{"Time":"2026-09-30T16:36:56.132282+02:00","Action":"output","Package":"github.com/otuschhoff/rados-go/internal/msgr","Test":"TestPerformanceSubmissionReplayFixture/crc/bytes=4096/replay=false","Output":"--- PASS: TestPerformanceSubmissionReplayFixture/crc/bytes=4096/replay=false (0.00s)\n","OutputType":"frame"}
{"Time":"2026-09-30T16:36:56.132288+02:00","Action":"pass","Package":"github.com/otuschhoff/rados-go/internal/msgr","Test":"TestPerformanceSubmissionReplayFixture/crc/bytes=4096/replay=false","Elapsed":0}
{"Time":"2026-09-30T16:36:56.132378+02:00","Action":"run","Package":"github.com/otuschhoff/rados-go/internal/msgr","Test":"TestPerformanceSubmissionReplayFixture/crc/bytes=4096/replay=true"}
{"Time":"2026-09-30T16:36:56.132386+02:00","Action":"output","Package":"github.com/otuschhoff/rados-go/internal/msgr","Test":"TestPerformanceSubmissionReplayFixture/crc/bytes=4096/replay=true","Output":"=== RUN   TestPerformanceSubmissionReplayFixture/crc/bytes=4096/replay=true\n","OutputType":"frame"}
{"Time":"2026-09-30T16:36:56.132651+02:00","Action":"output","Package":"github.com/otuschhoff/rados-go/internal/msgr","Test":"TestPerformanceSubmissionReplayFixture/crc/bytes=4096/replay=true","Output":"--- PASS: TestPerformanceSubmissionReplayFixture/crc/bytes=4096/replay=true (0.00s)\n","OutputType":"frame"}
{"Time":"2026-09-30T16:36:56.132658+02:00","Action":"pass","Package":"github.com/otuschhoff/rados-go/internal/msgr","Test":"TestPerformanceSubmissionReplayFixture/crc/bytes=4096/replay=true","Elapsed":0}
{"Time":"2026-09-30T16:36:56.132665+02:00","Action":"run","Package":"github.com/otuschhoff/rados-go/internal/msgr","Test":"TestPerformanceSubmissionReplayFixture/crc/bytes=65536/replay=false"}
{"Time":"2026-09-30T16:36:56.132669+02:00","Action":"output","Package":"github.com/otuschhoff/rados-go/internal/msgr","Test":"TestPerformanceSubmissionReplayFixture/crc/bytes=65536/replay=false","Output":"=== RUN   TestPerformanceSubmissionReplayFixture/crc/bytes=65536/replay=false\n","OutputType":"frame"}
{"Time":"2026-09-30T16:36:56.132692+02:00","Action":"output","Package":"github.com/otuschhoff/rados-go/internal/msgr","Test":"TestPerformanceSubmissionReplayFixture/crc/bytes=65536/replay=false","Output":"--- PASS: TestPerformanceSubmissionReplayFixture/crc/bytes=65536/replay=false (0.00s)\n","OutputType":"frame"}
{"Time":"2026-09-30T16:36:56.132698+02:00","Action":"pass","Package":"github.com/otuschhoff/rados-go/internal/msgr","Test":"TestPerformanceSubmissionReplayFixture/crc/bytes=65536/replay=false","Elapsed":0}
{"Time":"2026-09-30T16:36:56.132701+02:00","Action":"run","Package":"github.com/otuschhoff/rados-go/internal/msgr","Test":"TestPerformanceSubmissionReplayFixture/crc/bytes=65536/replay=true"}
{"Time":"2026-09-30T16:36:56.132702+02:00","Action":"output","Package":"github.com/otuschhoff/rados-go/internal/msgr","Test":"TestPerformanceSubmissionReplayFixture/crc/bytes=65536/replay=true","Output":"=== RUN   TestPerformanceSubmissionReplayFixture/crc/bytes=65536/replay=true\n","OutputType":"frame"}
{"Time":"2026-09-30T16:36:56.13286+02:00","Action":"output","Package":"github.com/otuschhoff/rados-go/internal/msgr","Test":"TestPerformanceSubmissionReplayFixture/crc/bytes=65536/replay=true","Output":"--- PASS: TestPerformanceSubmissionReplayFixture/crc/bytes=65536/replay=true (0.00s)\n","OutputType":"frame"}
{"Time":"2026-09-30T16:36:56.132865+02:00","Action":"pass","Package":"github.com/otuschhoff/rados-go/internal/msgr","Test":"TestPerformanceSubmissionReplayFixture/crc/bytes=65536/replay=true","Elapsed":0}
{"Time":"2026-09-30T16:36:56.132867+02:00","Action":"run","Package":"github.com/otuschhoff/rados-go/internal/msgr","Test":"TestPerformanceSubmissionReplayFixture/crc/bytes=4194304/replay=false"}
{"Time":"2026-09-30T16:36:56.132868+02:00","Action":"output","Package":"github.com/otuschhoff/rados-go/internal/msgr","Test":"TestPerformanceSubmissionReplayFixture/crc/bytes=4194304/replay=false","Output":"=== RUN   TestPerformanceSubmissionReplayFixture/crc/bytes=4194304/replay=false\n","OutputType":"frame"}
{"Time":"2026-09-30T16:36:56.137748+02:00","Action":"output","Package":"github.com/otuschhoff/rados-go/internal/msgr","Test":"TestPerformanceSubmissionReplayFixture/crc/bytes=4194304/replay=false","Output":"--- PASS: TestPerformanceSubmissionReplayFixture/crc/bytes=4194304/replay=false (0.00s)\n","OutputType":"frame"}
{"Time":"2026-09-30T16:36:56.137766+02:00","Action":"pass","Package":"github.com/otuschhoff/rados-go/internal/msgr","Test":"TestPerformanceSubmissionReplayFixture/crc/bytes=4194304/replay=false","Elapsed":0}
{"Time":"2026-09-30T16:36:56.137769+02:00","Action":"run","Package":"github.com/otuschhoff/rados-go/internal/msgr","Test":"TestPerformanceSubmissionReplayFixture/crc/bytes=4194304/replay=true"}
{"Time":"2026-09-30T16:36:56.137776+02:00","Action":"output","Package":"github.com/otuschhoff/rados-go/internal/msgr","Test":"TestPerformanceSubmissionReplayFixture/crc/bytes=4194304/replay=true","Output":"=== RUN   TestPerformanceSubmissionReplayFixture/crc/bytes=4194304/replay=true\n","OutputType":"frame"}
{"Time":"2026-09-30T16:36:56.143736+02:00","Action":"output","Package":"github.com/otuschhoff/rados-go/internal/msgr","Test":"TestPerformanceSubmissionReplayFixture/crc/bytes=4194304/replay=true","Output":"--- PASS: TestPerformanceSubmissionReplayFixture/crc/bytes=4194304/replay=true (0.01s)\n","OutputType":"frame"}
{"Time":"2026-09-30T16:36:56.143757+02:00","Action":"pass","Package":"github.com/otuschhoff/rados-go/internal/msgr","Test":"TestPerformanceSubmissionReplayFixture/crc/bytes=4194304/replay=true","Elapsed":0.01}
{"Time":"2026-09-30T16:36:56.143765+02:00","Action":"run","Package":"github.com/otuschhoff/rados-go/internal/msgr","Test":"TestPerformanceSubmissionReplayFixture/secure/bytes=4096/replay=false"}
{"Time":"2026-09-30T16:36:56.143767+02:00","Action":"output","Package":"github.com/otuschhoff/rados-go/internal/msgr","Test":"TestPerformanceSubmissionReplayFixture/secure/bytes=4096/replay=false","Output":"=== RUN   TestPerformanceSubmissionReplayFixture/secure/bytes=4096/replay=false\n","OutputType":"frame"}
{"Time":"2026-09-30T16:36:56.143902+02:00","Action":"output","Package":"github.com/otuschhoff/rados-go/internal/msgr","Test":"TestPerformanceSubmissionReplayFixture/secure/bytes=4096/replay=false","Output":"--- PASS: TestPerformanceSubmissionReplayFixture/secure/bytes=4096/replay=false (0.00s)\n","OutputType":"frame"}
{"Time":"2026-09-30T16:36:56.143909+02:00","Action":"pass","Package":"github.com/otuschhoff/rados-go/internal/msgr","Test":"TestPerformanceSubmissionReplayFixture/secure/bytes=4096/replay=false","Elapsed":0}
{"Time":"2026-09-30T16:36:56.143912+02:00","Action":"run","Package":"github.com/otuschhoff/rados-go/internal/msgr","Test":"TestPerformanceSubmissionReplayFixture/secure/bytes=4096/replay=true"}
{"Time":"2026-09-30T16:36:56.143913+02:00","Action":"output","Package":"github.com/otuschhoff/rados-go/internal/msgr","Test":"TestPerformanceSubmissionReplayFixture/secure/bytes=4096/replay=true","Output":"=== RUN   TestPerformanceSubmissionReplayFixture/secure/bytes=4096/replay=true\n","OutputType":"frame"}
{"Time":"2026-09-30T16:36:56.143958+02:00","Action":"output","Package":"github.com/otuschhoff/rados-go/internal/msgr","Test":"TestPerformanceSubmissionReplayFixture/secure/bytes=4096/replay=true","Output":"--- PASS: TestPerformanceSubmissionReplayFixture/secure/bytes=4096/replay=true (0.00s)\n","OutputType":"frame"}
{"Time":"2026-09-30T16:36:56.14397+02:00","Action":"pass","Package":"github.com/otuschhoff/rados-go/internal/msgr","Test":"TestPerformanceSubmissionReplayFixture/secure/bytes=4096/replay=true","Elapsed":0}
{"Time":"2026-09-30T16:36:56.143973+02:00","Action":"run","Package":"github.com/otuschhoff/rados-go/internal/msgr","Test":"TestPerformanceSubmissionReplayFixture/secure/bytes=65536/replay=false"}
{"Time":"2026-09-30T16:36:56.143975+02:00","Action":"output","Package":"github.com/otuschhoff/rados-go/internal/msgr","Test":"TestPerformanceSubmissionReplayFixture/secure/bytes=65536/replay=false","Output":"=== RUN   TestPerformanceSubmissionReplayFixture/secure/bytes=65536/replay=false\n","OutputType":"frame"}
{"Time":"2026-09-30T16:36:56.144131+02:00","Action":"output","Package":"github.com/otuschhoff/rados-go/internal/msgr","Test":"TestPerformanceSubmissionReplayFixture/secure/bytes=65536/replay=false","Output":"--- PASS: TestPerformanceSubmissionReplayFixture/secure/bytes=65536/replay=false (0.00s)\n","OutputType":"frame"}
{"Time":"2026-09-30T16:36:56.144137+02:00","Action":"pass","Package":"github.com/otuschhoff/rados-go/internal/msgr","Test":"TestPerformanceSubmissionReplayFixture/secure/bytes=65536/replay=false","Elapsed":0}
{"Time":"2026-09-30T16:36:56.144145+02:00","Action":"run","Package":"github.com/otuschhoff/rados-go/internal/msgr","Test":"TestPerformanceSubmissionReplayFixture/secure/bytes=65536/replay=true"}
{"Time":"2026-09-30T16:36:56.144147+02:00","Action":"output","Package":"github.com/otuschhoff/rados-go/internal/msgr","Test":"TestPerformanceSubmissionReplayFixture/secure/bytes=65536/replay=true","Output":"=== RUN   TestPerformanceSubmissionReplayFixture/secure/bytes=65536/replay=true\n","OutputType":"frame"}
{"Time":"2026-09-30T16:36:56.144321+02:00","Action":"output","Package":"github.com/otuschhoff/rados-go/internal/msgr","Test":"TestPerformanceSubmissionReplayFixture/secure/bytes=65536/replay=true","Output":"--- PASS: TestPerformanceSubmissionReplayFixture/secure/bytes=65536/replay=true (0.00s)\n","OutputType":"frame"}
{"Time":"2026-09-30T16:36:56.144328+02:00","Action":"pass","Package":"github.com/otuschhoff/rados-go/internal/msgr","Test":"TestPerformanceSubmissionReplayFixture/secure/bytes=65536/replay=true","Elapsed":0}
{"Time":"2026-09-30T16:36:56.14433+02:00","Action":"run","Package":"github.com/otuschhoff/rados-go/internal/msgr","Test":"TestPerformanceSubmissionReplayFixture/secure/bytes=4194304/replay=false"}
{"Time":"2026-09-30T16:36:56.144332+02:00","Action":"output","Package":"github.com/otuschhoff/rados-go/internal/msgr","Test":"TestPerformanceSubmissionReplayFixture/secure/bytes=4194304/replay=false","Output":"=== RUN   TestPerformanceSubmissionReplayFixture/secure/bytes=4194304/replay=false\n","OutputType":"frame"}
{"Time":"2026-09-30T16:36:56.147198+02:00","Action":"output","Package":"github.com/otuschhoff/rados-go/internal/msgr","Test":"TestPerformanceSubmissionReplayFixture/secure/bytes=4194304/replay=false","Output":"--- PASS: TestPerformanceSubmissionReplayFixture/secure/bytes=4194304/replay=false (0.00s)\n","OutputType":"frame"}
{"Time":"2026-09-30T16:36:56.14721+02:00","Action":"pass","Package":"github.com/otuschhoff/rados-go/internal/msgr","Test":"TestPerformanceSubmissionReplayFixture/secure/bytes=4194304/replay=false","Elapsed":0}
{"Time":"2026-09-30T16:36:56.147213+02:00","Action":"run","Package":"github.com/otuschhoff/rados-go/internal/msgr","Test":"TestPerformanceSubmissionReplayFixture/secure/bytes=4194304/replay=true"}
{"Time":"2026-09-30T16:36:56.147214+02:00","Action":"output","Package":"github.com/otuschhoff/rados-go/internal/msgr","Test":"TestPerformanceSubmissionReplayFixture/secure/bytes=4194304/replay=true","Output":"=== RUN   TestPerformanceSubmissionReplayFixture/secure/bytes=4194304/replay=true\n","OutputType":"frame"}
{"Time":"2026-09-30T16:36:56.151632+02:00","Action":"output","Package":"github.com/otuschhoff/rados-go/internal/msgr","Test":"TestPerformanceSubmissionReplayFixture/secure/bytes=4194304/replay=true","Output":"--- PASS: TestPerformanceSubmissionReplayFixture/secure/bytes=4194304/replay=true (0.00s)\n","OutputType":"frame"}
{"Time":"2026-09-30T16:36:56.151673+02:00","Action":"pass","Package":"github.com/otuschhoff/rados-go/internal/msgr","Test":"TestPerformanceSubmissionReplayFixture/secure/bytes=4194304/replay=true","Elapsed":0}
{"Time":"2026-09-30T16:36:56.15168+02:00","Action":"output","Package":"github.com/otuschhoff/rados-go/internal/msgr","Test":"TestPerformanceSubmissionReplayFixture","Output":"--- PASS: TestPerformanceSubmissionReplayFixture (0.02s)\n","OutputType":"frame"}
{"Time":"2026-09-30T16:36:56.151682+02:00","Action":"pass","Package":"github.com/otuschhoff/rados-go/internal/msgr","Test":"TestPerformanceSubmissionReplayFixture","Elapsed":0.02}
{"Time":"2026-09-30T16:36:56.151685+02:00","Action":"run","Package":"github.com/otuschhoff/rados-go/internal/msgr","Test":"TestPerformanceIdleConnectionsFixture"}
{"Time":"2026-09-30T16:36:56.151686+02:00","Action":"output","Package":"github.com/otuschhoff/rados-go/internal/msgr","Test":"TestPerformanceIdleConnectionsFixture","Output":"=== RUN   TestPerformanceIdleConnectionsFixture\n","OutputType":"frame"}
{"Time":"2026-09-30T16:36:56.15169+02:00","Action":"run","Package":"github.com/otuschhoff/rados-go/internal/msgr","Test":"TestPerformanceIdleConnectionsFixture/crc/count=1"}
{"Time":"2026-09-30T16:36:56.151691+02:00","Action":"output","Package":"github.com/otuschhoff/rados-go/internal/msgr","Test":"TestPerformanceIdleConnectionsFixture/crc/count=1","Output":"=== RUN   TestPerformanceIdleConnectionsFixture/crc/count=1\n","OutputType":"frame"}
{"Time":"2026-09-30T16:36:56.151694+02:00","Action":"output","Package":"github.com/otuschhoff/rados-go/internal/msgr","Test":"TestPerformanceIdleConnectionsFixture/crc/count=1","Output":"--- PASS: TestPerformanceIdleConnectionsFixture/crc/count=1 (0.00s)\n","OutputType":"frame"}
{"Time":"2026-09-30T16:36:56.151697+02:00","Action":"pass","Package":"github.com/otuschhoff/rados-go/internal/msgr","Test":"TestPerformanceIdleConnectionsFixture/crc/count=1","Elapsed":0}
{"Time":"2026-09-30T16:36:56.151698+02:00","Action":"run","Package":"github.com/otuschhoff/rados-go/internal/msgr","Test":"TestPerformanceIdleConnectionsFixture/crc/count=16"}
{"Time":"2026-09-30T16:36:56.1517+02:00","Action":"output","Package":"github.com/otuschhoff/rados-go/internal/msgr","Test":"TestPerformanceIdleConnectionsFixture/crc/count=16","Output":"=== RUN   TestPerformanceIdleConnectionsFixture/crc/count=16\n","OutputType":"frame"}
{"Time":"2026-09-30T16:36:56.152142+02:00","Action":"output","Package":"github.com/otuschhoff/rados-go/internal/msgr","Test":"TestPerformanceIdleConnectionsFixture/crc/count=16","Output":"--- PASS: TestPerformanceIdleConnectionsFixture/crc/count=16 (0.00s)\n","OutputType":"frame"}
{"Time":"2026-09-30T16:36:56.152152+02:00","Action":"pass","Package":"github.com/otuschhoff/rados-go/internal/msgr","Test":"TestPerformanceIdleConnectionsFixture/crc/count=16","Elapsed":0}
{"Time":"2026-09-30T16:36:56.152157+02:00","Action":"run","Package":"github.com/otuschhoff/rados-go/internal/msgr","Test":"TestPerformanceIdleConnectionsFixture/crc/count=128"}
{"Time":"2026-09-30T16:36:56.152173+02:00","Action":"output","Package":"github.com/otuschhoff/rados-go/internal/msgr","Test":"TestPerformanceIdleConnectionsFixture/crc/count=128","Output":"=== RUN   TestPerformanceIdleConnectionsFixture/crc/count=128\n","OutputType":"frame"}
{"Time":"2026-09-30T16:36:56.157489+02:00","Action":"output","Package":"github.com/otuschhoff/rados-go/internal/msgr","Test":"TestPerformanceIdleConnectionsFixture/crc/count=128","Output":"--- PASS: TestPerformanceIdleConnectionsFixture/crc/count=128 (0.01s)\n","OutputType":"frame"}
{"Time":"2026-09-30T16:36:56.157502+02:00","Action":"pass","Package":"github.com/otuschhoff/rados-go/internal/msgr","Test":"TestPerformanceIdleConnectionsFixture/crc/count=128","Elapsed":0.01}
{"Time":"2026-09-30T16:36:56.157506+02:00","Action":"run","Package":"github.com/otuschhoff/rados-go/internal/msgr","Test":"TestPerformanceIdleConnectionsFixture/secure/count=1"}
{"Time":"2026-09-30T16:36:56.157507+02:00","Action":"output","Package":"github.com/otuschhoff/rados-go/internal/msgr","Test":"TestPerformanceIdleConnectionsFixture/secure/count=1","Output":"=== RUN   TestPerformanceIdleConnectionsFixture/secure/count=1\n","OutputType":"frame"}
{"Time":"2026-09-30T16:36:56.157514+02:00","Action":"output","Package":"github.com/otuschhoff/rados-go/internal/msgr","Test":"TestPerformanceIdleConnectionsFixture/secure/count=1","Output":"--- PASS: TestPerformanceIdleConnectionsFixture/secure/count=1 (0.00s)\n","OutputType":"frame"}
{"Time":"2026-09-30T16:36:56.157516+02:00","Action":"pass","Package":"github.com/otuschhoff/rados-go/internal/msgr","Test":"TestPerformanceIdleConnectionsFixture/secure/count=1","Elapsed":0}
{"Time":"2026-09-30T16:36:56.15752+02:00","Action":"run","Package":"github.com/otuschhoff/rados-go/internal/msgr","Test":"TestPerformanceIdleConnectionsFixture/secure/count=16"}
{"Time":"2026-09-30T16:36:56.157522+02:00","Action":"output","Package":"github.com/otuschhoff/rados-go/internal/msgr","Test":"TestPerformanceIdleConnectionsFixture/secure/count=16","Output":"=== RUN   TestPerformanceIdleConnectionsFixture/secure/count=16\n","OutputType":"frame"}
{"Time":"2026-09-30T16:36:56.157751+02:00","Action":"output","Package":"github.com/otuschhoff/rados-go/internal/msgr","Test":"TestPerformanceIdleConnectionsFixture/secure/count=16","Output":"--- PASS: TestPerformanceIdleConnectionsFixture/secure/count=16 (0.00s)\n","OutputType":"frame"}
{"Time":"2026-09-30T16:36:56.157757+02:00","Action":"pass","Package":"github.com/otuschhoff/rados-go/internal/msgr","Test":"TestPerformanceIdleConnectionsFixture/secure/count=16","Elapsed":0}
{"Time":"2026-09-30T16:36:56.157758+02:00","Action":"run","Package":"github.com/otuschhoff/rados-go/internal/msgr","Test":"TestPerformanceIdleConnectionsFixture/secure/count=128"}
{"Time":"2026-09-30T16:36:56.15776+02:00","Action":"output","Package":"github.com/otuschhoff/rados-go/internal/msgr","Test":"TestPerformanceIdleConnectionsFixture/secure/count=128","Output":"=== RUN   TestPerformanceIdleConnectionsFixture/secure/count=128\n","OutputType":"frame"}
{"Time":"2026-09-30T16:36:56.161137+02:00","Action":"output","Package":"github.com/otuschhoff/rados-go/internal/msgr","Test":"TestPerformanceIdleConnectionsFixture/secure/count=128","Output":"--- PASS: TestPerformanceIdleConnectionsFixture/secure/count=128 (0.00s)\n","OutputType":"frame"}
{"Time":"2026-09-30T16:36:56.16115+02:00","Action":"pass","Package":"github.com/otuschhoff/rados-go/internal/msgr","Test":"TestPerformanceIdleConnectionsFixture/secure/count=128","Elapsed":0}
{"Time":"2026-09-30T16:36:56.161153+02:00","Action":"output","Package":"github.com/otuschhoff/rados-go/internal/msgr","Test":"TestPerformanceIdleConnectionsFixture","Output":"--- PASS: TestPerformanceIdleConnectionsFixture (0.01s)\n","OutputType":"frame"}
{"Time":"2026-09-30T16:36:56.161156+02:00","Action":"pass","Package":"github.com/otuschhoff/rados-go/internal/msgr","Test":"TestPerformanceIdleConnectionsFixture","Elapsed":0.01}
{"Time":"2026-09-30T16:36:56.161159+02:00","Action":"output","Package":"github.com/otuschhoff/rados-go/internal/msgr","Output":"PASS\n","OutputType":"frame"}
{"Time":"2026-09-30T16:36:56.162662+02:00","Action":"output","Package":"github.com/otuschhoff/rados-go/internal/msgr","Output":"ok  \tgithub.com/otuschhoff/rados-go/internal/msgr\t0.757s\n"}
{"Time":"2026-09-30T16:36:56.162674+02:00","Action":"pass","Package":"github.com/otuschhoff/rados-go/internal/msgr","Elapsed":0.757}
