{"Time":"2026-09-30T19:20:07.86225+02:00","Action":"start","Package":"github.com/otuschhoff/rados-go/internal/maps"}
{"Time":"2026-09-30T19:20:07.862578+02:00","Action":"start","Package":"github.com/otuschhoff/rados-go/internal/msgr"}
{"Time":"2026-09-30T19:20:08.269154+02:00","Action":"run","Package":"github.com/otuschhoff/rados-go/internal/msgr","Test":"TestPerformanceQueueFixture"}
{"Time":"2026-09-30T19:20:08.269224+02:00","Action":"output","Package":"github.com/otuschhoff/rados-go/internal/msgr","Test":"TestPerformanceQueueFixture","Output":"=== RUN   TestPerformanceQueueFixture\n","OutputType":"frame"}
{"Time":"2026-09-30T19:20:08.269301+02:00","Action":"run","Package":"github.com/otuschhoff/rados-go/internal/msgr","Test":"TestPerformanceQueueFixture/depth=1/drain=false"}
{"Time":"2026-09-30T19:20:08.269317+02:00","Action":"output","Package":"github.com/otuschhoff/rados-go/internal/msgr","Test":"TestPerformanceQueueFixture/depth=1/drain=false","Output":"=== RUN   TestPerformanceQueueFixture/depth=1/drain=false\n","OutputType":"frame"}
{"Time":"2026-09-30T19:20:08.269336+02:00","Action":"output","Package":"github.com/otuschhoff/rados-go/internal/msgr","Test":"TestPerformanceQueueFixture/depth=1/drain=false","Output":"--- PASS: TestPerformanceQueueFixture/depth=1/drain=false (0.00s)\n","OutputType":"frame"}
{"Time":"2026-09-30T19:20:08.269341+02:00","Action":"pass","Package":"github.com/otuschhoff/rados-go/internal/msgr","Test":"TestPerformanceQueueFixture/depth=1/drain=false","Elapsed":0}
{"Time":"2026-09-30T19:20:08.269348+02:00","Action":"run","Package":"github.com/otuschhoff/rados-go/internal/msgr","Test":"TestPerformanceQueueFixture/depth=1/drain=true"}
{"Time":"2026-09-30T19:20:08.269349+02:00","Action":"output","Package":"github.com/otuschhoff/rados-go/internal/msgr","Test":"TestPerformanceQueueFixture/depth=1/drain=true","Output":"=== RUN   TestPerformanceQueueFixture/depth=1/drain=true\n","OutputType":"frame"}
{"Time":"2026-09-30T19:20:08.269353+02:00","Action":"output","Package":"github.com/otuschhoff/rados-go/internal/msgr","Test":"TestPerformanceQueueFixture/depth=1/drain=true","Output":"--- PASS: TestPerformanceQueueFixture/depth=1/drain=true (0.00s)\n","OutputType":"frame"}
{"Time":"2026-09-30T19:20:08.269355+02:00","Action":"pass","Package":"github.com/otuschhoff/rados-go/internal/msgr","Test":"TestPerformanceQueueFixture/depth=1/drain=true","Elapsed":0}
{"Time":"2026-09-30T19:20:08.269362+02:00","Action":"run","Package":"github.com/otuschhoff/rados-go/internal/msgr","Test":"TestPerformanceQueueFixture/depth=64/drain=false"}
{"Time":"2026-09-30T19:20:08.269365+02:00","Action":"output","Package":"github.com/otuschhoff/rados-go/internal/msgr","Test":"TestPerformanceQueueFixture/depth=64/drain=false","Output":"=== RUN   TestPerformanceQueueFixture/depth=64/drain=false\n","OutputType":"frame"}
{"Time":"2026-09-30T19:20:08.26939+02:00","Action":"output","Package":"github.com/otuschhoff/rados-go/internal/msgr","Test":"TestPerformanceQueueFixture/depth=64/drain=false","Output":"--- PASS: TestPerformanceQueueFixture/depth=64/drain=false (0.00s)\n","OutputType":"frame"}
{"Time":"2026-09-30T19:20:08.269394+02:00","Action":"pass","Package":"github.com/otuschhoff/rados-go/internal/msgr","Test":"TestPerformanceQueueFixture/depth=64/drain=false","Elapsed":0}
{"Time":"2026-09-30T19:20:08.269396+02:00","Action":"run","Package":"github.com/otuschhoff/rados-go/internal/msgr","Test":"TestPerformanceQueueFixture/depth=64/drain=true"}
{"Time":"2026-09-30T19:20:08.2694+02:00","Action":"output","Package":"github.com/otuschhoff/rados-go/internal/msgr","Test":"TestPerformanceQueueFixture/depth=64/drain=true","Output":"=== RUN   TestPerformanceQueueFixture/depth=64/drain=true\n","OutputType":"frame"}
{"Time":"2026-09-30T19:20:08.269472+02:00","Action":"output","Package":"github.com/otuschhoff/rados-go/internal/msgr","Test":"TestPerformanceQueueFixture/depth=64/drain=true","Output":"--- PASS: TestPerformanceQueueFixture/depth=64/drain=true (0.00s)\n","OutputType":"frame"}
{"Time":"2026-09-30T19:20:08.269477+02:00","Action":"pass","Package":"github.com/otuschhoff/rados-go/internal/msgr","Test":"TestPerformanceQueueFixture/depth=64/drain=true","Elapsed":0}
{"Time":"2026-09-30T19:20:08.269479+02:00","Action":"run","Package":"github.com/otuschhoff/rados-go/internal/msgr","Test":"TestPerformanceQueueFixture/depth=1024/drain=false"}
{"Time":"2026-09-30T19:20:08.26948+02:00","Action":"output","Package":"github.com/otuschhoff/rados-go/internal/msgr","Test":"TestPerformanceQueueFixture/depth=1024/drain=false","Output":"=== RUN   TestPerformanceQueueFixture/depth=1024/drain=false\n","OutputType":"frame"}
{"Time":"2026-09-30T19:20:08.27242+02:00","Action":"output","Package":"github.com/otuschhoff/rados-go/internal/msgr","Test":"TestPerformanceQueueFixture/depth=1024/drain=false","Output":"--- PASS: TestPerformanceQueueFixture/depth=1024/drain=false (0.00s)\n","OutputType":"frame"}
{"Time":"2026-09-30T19:20:08.272429+02:00","Action":"pass","Package":"github.com/otuschhoff/rados-go/internal/msgr","Test":"TestPerformanceQueueFixture/depth=1024/drain=false","Elapsed":0}
{"Time":"2026-09-30T19:20:08.272432+02:00","Action":"run","Package":"github.com/otuschhoff/rados-go/internal/msgr","Test":"TestPerformanceQueueFixture/depth=1024/drain=true"}
{"Time":"2026-09-30T19:20:08.272433+02:00","Action":"output","Package":"github.com/otuschhoff/rados-go/internal/msgr","Test":"TestPerformanceQueueFixture/depth=1024/drain=true","Output":"=== RUN   TestPerformanceQueueFixture/depth=1024/drain=true\n","OutputType":"frame"}
{"Time":"2026-09-30T19:20:08.274998+02:00","Action":"output","Package":"github.com/otuschhoff/rados-go/internal/msgr","Test":"TestPerformanceQueueFixture/depth=1024/drain=true","Output":"--- PASS: TestPerformanceQueueFixture/depth=1024/drain=true (0.00s)\n","OutputType":"frame"}
{"Time":"2026-09-30T19:20:08.275026+02:00","Action":"pass","Package":"github.com/otuschhoff/rados-go/internal/msgr","Test":"TestPerformanceQueueFixture/depth=1024/drain=true","Elapsed":0}
{"Time":"2026-09-30T19:20:08.275032+02:00","Action":"run","Package":"github.com/otuschhoff/rados-go/internal/msgr","Test":"TestPerformanceQueueFixture/depth=4096/drain=false"}
{"Time":"2026-09-30T19:20:08.275035+02:00","Action":"output","Package":"github.com/otuschhoff/rados-go/internal/msgr","Test":"TestPerformanceQueueFixture/depth=4096/drain=false","Output":"=== RUN   TestPerformanceQueueFixture/depth=4096/drain=false\n","OutputType":"frame"}
{"Time":"2026-09-30T19:20:08.324737+02:00","Action":"output","Package":"github.com/otuschhoff/rados-go/internal/msgr","Test":"TestPerformanceQueueFixture/depth=4096/drain=false","Output":"--- PASS: TestPerformanceQueueFixture/depth=4096/drain=false (0.05s)\n","OutputType":"frame"}
{"Time":"2026-09-30T19:20:08.324758+02:00","Action":"pass","Package":"github.com/otuschhoff/rados-go/internal/msgr","Test":"TestPerformanceQueueFixture/depth=4096/drain=false","Elapsed":0.05}
{"Time":"2026-09-30T19:20:08.324784+02:00","Action":"run","Package":"github.com/otuschhoff/rados-go/internal/msgr","Test":"TestPerformanceQueueFixture/depth=4096/drain=true"}
{"Time":"2026-09-30T19:20:08.324786+02:00","Action":"output","Package":"github.com/otuschhoff/rados-go/internal/msgr","Test":"TestPerformanceQueueFixture/depth=4096/drain=true","Output":"=== RUN   TestPerformanceQueueFixture/depth=4096/drain=true\n","OutputType":"frame"}
{"Time":"2026-09-30T19:20:08.329196+02:00","Action":"output","Package":"github.com/otuschhoff/rados-go/internal/msgr","Test":"TestPerformanceQueueFixture/depth=4096/drain=true","Output":"--- PASS: TestPerformanceQueueFixture/depth=4096/drain=true (0.00s)\n","OutputType":"frame"}
{"Time":"2026-09-30T19:20:08.329211+02:00","Action":"pass","Package":"github.com/otuschhoff/rados-go/internal/msgr","Test":"TestPerformanceQueueFixture/depth=4096/drain=true","Elapsed":0}
{"Time":"2026-09-30T19:20:08.329214+02:00","Action":"output","Package":"github.com/otuschhoff/rados-go/internal/msgr","Test":"TestPerformanceQueueFixture","Output":"--- PASS: TestPerformanceQueueFixture (0.06s)\n","OutputType":"frame"}
{"Time":"2026-09-30T19:20:08.32922+02:00","Action":"pass","Package":"github.com/otuschhoff/rados-go/internal/msgr","Test":"TestPerformanceQueueFixture","Elapsed":0.06}
{"Time":"2026-09-30T19:20:08.329222+02:00","Action":"run","Package":"github.com/otuschhoff/rados-go/internal/msgr","Test":"TestPerformanceSubmissionReplayFixture"}
{"Time":"2026-09-30T19:20:08.329224+02:00","Action":"output","Package":"github.com/otuschhoff/rados-go/internal/msgr","Test":"TestPerformanceSubmissionReplayFixture","Output":"=== RUN   TestPerformanceSubmissionReplayFixture\n","OutputType":"frame"}
{"Time":"2026-09-30T19:20:08.329227+02:00","Action":"run","Package":"github.com/otuschhoff/rados-go/internal/msgr","Test":"TestPerformanceSubmissionReplayFixture/crc/bytes=4096/replay=false"}
{"Time":"2026-09-30T19:20:08.329229+02:00","Action":"output","Package":"github.com/otuschhoff/rados-go/internal/msgr","Test":"TestPerformanceSubmissionReplayFixture/crc/bytes=4096/replay=false","Output":"=== RUN   TestPerformanceSubmissionReplayFixture/crc/bytes=4096/replay=false\n","OutputType":"frame"}
{"Time":"2026-09-30T19:20:08.329529+02:00","Action":"output","Package":"github.com/otuschhoff/rados-go/internal/msgr","Test":"TestPerformanceSubmissionReplayFixture/crc/bytes=4096/replay=false","Output":"--- PASS: TestPerformanceSubmissionReplayFixture/crc/bytes=4096/replay=false (0.00s)\n","OutputType":"frame"}
{"Time":"2026-09-30T19:20:08.329535+02:00","Action":"pass","Package":"github.com/otuschhoff/rados-go/internal/msgr","Test":"TestPerformanceSubmissionReplayFixture/crc/bytes=4096/replay=false","Elapsed":0}
{"Time":"2026-09-30T19:20:08.329545+02:00","Action":"run","Package":"github.com/otuschhoff/rados-go/internal/msgr","Test":"TestPerformanceSubmissionReplayFixture/crc/bytes=4096/replay=true"}
{"Time":"2026-09-30T19:20:08.329547+02:00","Action":"output","Package":"github.com/otuschhoff/rados-go/internal/msgr","Test":"TestPerformanceSubmissionReplayFixture/crc/bytes=4096/replay=true","Output":"=== RUN   TestPerformanceSubmissionReplayFixture/crc/bytes=4096/replay=true\n","OutputType":"frame"}
{"Time":"2026-09-30T19:20:08.329831+02:00","Action":"output","Package":"github.com/otuschhoff/rados-go/internal/msgr","Test":"TestPerformanceSubmissionReplayFixture/crc/bytes=4096/replay=true","Output":"--- PASS: TestPerformanceSubmissionReplayFixture/crc/bytes=4096/replay=true (0.00s)\n","OutputType":"frame"}
{"Time":"2026-09-30T19:20:08.329835+02:00","Action":"pass","Package":"github.com/otuschhoff/rados-go/internal/msgr","Test":"TestPerformanceSubmissionReplayFixture/crc/bytes=4096/replay=true","Elapsed":0}
{"Time":"2026-09-30T19:20:08.329837+02:00","Action":"run","Package":"github.com/otuschhoff/rados-go/internal/msgr","Test":"TestPerformanceSubmissionReplayFixture/crc/bytes=65536/replay=false"}
{"Time":"2026-09-30T19:20:08.329847+02:00","Action":"output","Package":"github.com/otuschhoff/rados-go/internal/msgr","Test":"TestPerformanceSubmissionReplayFixture/crc/bytes=65536/replay=false","Output":"=== RUN   TestPerformanceSubmissionReplayFixture/crc/bytes=65536/replay=false\n","OutputType":"frame"}
{"Time":"2026-09-30T19:20:08.32995+02:00","Action":"output","Package":"github.com/otuschhoff/rados-go/internal/msgr","Test":"TestPerformanceSubmissionReplayFixture/crc/bytes=65536/replay=false","Output":"--- PASS: TestPerformanceSubmissionReplayFixture/crc/bytes=65536/replay=false (0.00s)\n","OutputType":"frame"}
{"Time":"2026-09-30T19:20:08.329955+02:00","Action":"pass","Package":"github.com/otuschhoff/rados-go/internal/msgr","Test":"TestPerformanceSubmissionReplayFixture/crc/bytes=65536/replay=false","Elapsed":0}
{"Time":"2026-09-30T19:20:08.329957+02:00","Action":"run","Package":"github.com/otuschhoff/rados-go/internal/msgr","Test":"TestPerformanceSubmissionReplayFixture/crc/bytes=65536/replay=true"}
{"Time":"2026-09-30T19:20:08.329959+02:00","Action":"output","Package":"github.com/otuschhoff/rados-go/internal/msgr","Test":"TestPerformanceSubmissionReplayFixture/crc/bytes=65536/replay=true","Output":"=== RUN   TestPerformanceSubmissionReplayFixture/crc/bytes=65536/replay=true\n","OutputType":"frame"}
{"Time":"2026-09-30T19:20:08.330091+02:00","Action":"output","Package":"github.com/otuschhoff/rados-go/internal/msgr","Test":"TestPerformanceSubmissionReplayFixture/crc/bytes=65536/replay=true","Output":"--- PASS: TestPerformanceSubmissionReplayFixture/crc/bytes=65536/replay=true (0.00s)\n","OutputType":"frame"}
{"Time":"2026-09-30T19:20:08.330104+02:00","Action":"pass","Package":"github.com/otuschhoff/rados-go/internal/msgr","Test":"TestPerformanceSubmissionReplayFixture/crc/bytes=65536/replay=true","Elapsed":0}
{"Time":"2026-09-30T19:20:08.330106+02:00","Action":"run","Package":"github.com/otuschhoff/rados-go/internal/msgr","Test":"TestPerformanceSubmissionReplayFixture/crc/bytes=4194304/replay=false"}
{"Time":"2026-09-30T19:20:08.330107+02:00","Action":"output","Package":"github.com/otuschhoff/rados-go/internal/msgr","Test":"TestPerformanceSubmissionReplayFixture/crc/bytes=4194304/replay=false","Output":"=== RUN   TestPerformanceSubmissionReplayFixture/crc/bytes=4194304/replay=false\n","OutputType":"frame"}
{"Time":"2026-09-30T19:20:08.335717+02:00","Action":"output","Package":"github.com/otuschhoff/rados-go/internal/msgr","Test":"TestPerformanceSubmissionReplayFixture/crc/bytes=4194304/replay=false","Output":"--- PASS: TestPerformanceSubmissionReplayFixture/crc/bytes=4194304/replay=false (0.01s)\n","OutputType":"frame"}
{"Time":"2026-09-30T19:20:08.33575+02:00","Action":"pass","Package":"github.com/otuschhoff/rados-go/internal/msgr","Test":"TestPerformanceSubmissionReplayFixture/crc/bytes=4194304/replay=false","Elapsed":0.01}
{"Time":"2026-09-30T19:20:08.335762+02:00","Action":"run","Package":"github.com/otuschhoff/rados-go/internal/msgr","Test":"TestPerformanceSubmissionReplayFixture/crc/bytes=4194304/replay=true"}
{"Time":"2026-09-30T19:20:08.335764+02:00","Action":"output","Package":"github.com/otuschhoff/rados-go/internal/msgr","Test":"TestPerformanceSubmissionReplayFixture/crc/bytes=4194304/replay=true","Output":"=== RUN   TestPerformanceSubmissionReplayFixture/crc/bytes=4194304/replay=true\n","OutputType":"frame"}
{"Time":"2026-09-30T19:20:08.341686+02:00","Action":"output","Package":"github.com/otuschhoff/rados-go/internal/msgr","Test":"TestPerformanceSubmissionReplayFixture/crc/bytes=4194304/replay=true","Output":"--- PASS: TestPerformanceSubmissionReplayFixture/crc/bytes=4194304/replay=true (0.01s)\n","OutputType":"frame"}
{"Time":"2026-09-30T19:20:08.341716+02:00","Action":"pass","Package":"github.com/otuschhoff/rados-go/internal/msgr","Test":"TestPerformanceSubmissionReplayFixture/crc/bytes=4194304/replay=true","Elapsed":0.01}
{"Time":"2026-09-30T19:20:08.341722+02:00","Action":"run","Package":"github.com/otuschhoff/rados-go/internal/msgr","Test":"TestPerformanceSubmissionReplayFixture/secure/bytes=4096/replay=false"}
{"Time":"2026-09-30T19:20:08.341726+02:00","Action":"output","Package":"github.com/otuschhoff/rados-go/internal/msgr","Test":"TestPerformanceSubmissionReplayFixture/secure/bytes=4096/replay=false","Output":"=== RUN   TestPerformanceSubmissionReplayFixture/secure/bytes=4096/replay=false\n","OutputType":"frame"}
{"Time":"2026-09-30T19:20:08.341824+02:00","Action":"output","Package":"github.com/otuschhoff/rados-go/internal/msgr","Test":"TestPerformanceSubmissionReplayFixture/secure/bytes=4096/replay=false","Output":"--- PASS: TestPerformanceSubmissionReplayFixture/secure/bytes=4096/replay=false (0.00s)\n","OutputType":"frame"}
{"Time":"2026-09-30T19:20:08.34183+02:00","Action":"pass","Package":"github.com/otuschhoff/rados-go/internal/msgr","Test":"TestPerformanceSubmissionReplayFixture/secure/bytes=4096/replay=false","Elapsed":0}
{"Time":"2026-09-30T19:20:08.341835+02:00","Action":"run","Package":"github.com/otuschhoff/rados-go/internal/msgr","Test":"TestPerformanceSubmissionReplayFixture/secure/bytes=4096/replay=true"}
{"Time":"2026-09-30T19:20:08.341837+02:00","Action":"output","Package":"github.com/otuschhoff/rados-go/internal/msgr","Test":"TestPerformanceSubmissionReplayFixture/secure/bytes=4096/replay=true","Output":"=== RUN   TestPerformanceSubmissionReplayFixture/secure/bytes=4096/replay=true\n","OutputType":"frame"}
{"Time":"2026-09-30T19:20:08.341922+02:00","Action":"output","Package":"github.com/otuschhoff/rados-go/internal/msgr","Test":"TestPerformanceSubmissionReplayFixture/secure/bytes=4096/replay=true","Output":"--- PASS: TestPerformanceSubmissionReplayFixture/secure/bytes=4096/replay=true (0.00s)\n","OutputType":"frame"}
{"Time":"2026-09-30T19:20:08.341926+02:00","Action":"pass","Package":"github.com/otuschhoff/rados-go/internal/msgr","Test":"TestPerformanceSubmissionReplayFixture/secure/bytes=4096/replay=true","Elapsed":0}
{"Time":"2026-09-30T19:20:08.341928+02:00","Action":"run","Package":"github.com/otuschhoff/rados-go/internal/msgr","Test":"TestPerformanceSubmissionReplayFixture/secure/bytes=65536/replay=false"}
{"Time":"2026-09-30T19:20:08.341932+02:00","Action":"output","Package":"github.com/otuschhoff/rados-go/internal/msgr","Test":"TestPerformanceSubmissionReplayFixture/secure/bytes=65536/replay=false","Output":"=== RUN   TestPerformanceSubmissionReplayFixture/secure/bytes=65536/replay=false\n","OutputType":"frame"}
{"Time":"2026-09-30T19:20:08.34206+02:00","Action":"output","Package":"github.com/otuschhoff/rados-go/internal/msgr","Test":"TestPerformanceSubmissionReplayFixture/secure/bytes=65536/replay=false","Output":"--- PASS: TestPerformanceSubmissionReplayFixture/secure/bytes=65536/replay=false (0.00s)\n","OutputType":"frame"}
{"Time":"2026-09-30T19:20:08.342069+02:00","Action":"pass","Package":"github.com/otuschhoff/rados-go/internal/msgr","Test":"TestPerformanceSubmissionReplayFixture/secure/bytes=65536/replay=false","Elapsed":0}
{"Time":"2026-09-30T19:20:08.342082+02:00","Action":"run","Package":"github.com/otuschhoff/rados-go/internal/msgr","Test":"TestPerformanceSubmissionReplayFixture/secure/bytes=65536/replay=true"}
{"Time":"2026-09-30T19:20:08.342091+02:00","Action":"output","Package":"github.com/otuschhoff/rados-go/internal/msgr","Test":"TestPerformanceSubmissionReplayFixture/secure/bytes=65536/replay=true","Output":"=== RUN   TestPerformanceSubmissionReplayFixture/secure/bytes=65536/replay=true\n","OutputType":"frame"}
{"Time":"2026-09-30T19:20:08.342254+02:00","Action":"output","Package":"github.com/otuschhoff/rados-go/internal/msgr","Test":"TestPerformanceSubmissionReplayFixture/secure/bytes=65536/replay=true","Output":"--- PASS: TestPerformanceSubmissionReplayFixture/secure/bytes=65536/replay=true (0.00s)\n","OutputType":"frame"}
{"Time":"2026-09-30T19:20:08.342259+02:00","Action":"pass","Package":"github.com/otuschhoff/rados-go/internal/msgr","Test":"TestPerformanceSubmissionReplayFixture/secure/bytes=65536/replay=true","Elapsed":0}
{"Time":"2026-09-30T19:20:08.342265+02:00","Action":"run","Package":"github.com/otuschhoff/rados-go/internal/msgr","Test":"TestPerformanceSubmissionReplayFixture/secure/bytes=4194304/replay=false"}
{"Time":"2026-09-30T19:20:08.342268+02:00","Action":"output","Package":"github.com/otuschhoff/rados-go/internal/msgr","Test":"TestPerformanceSubmissionReplayFixture/secure/bytes=4194304/replay=false","Output":"=== RUN   TestPerformanceSubmissionReplayFixture/secure/bytes=4194304/replay=false\n","OutputType":"frame"}
{"Time":"2026-09-30T19:20:08.345773+02:00","Action":"output","Package":"github.com/otuschhoff/rados-go/internal/msgr","Test":"TestPerformanceSubmissionReplayFixture/secure/bytes=4194304/replay=false","Output":"--- PASS: TestPerformanceSubmissionReplayFixture/secure/bytes=4194304/replay=false (0.00s)\n","OutputType":"frame"}
{"Time":"2026-09-30T19:20:08.345795+02:00","Action":"pass","Package":"github.com/otuschhoff/rados-go/internal/msgr","Test":"TestPerformanceSubmissionReplayFixture/secure/bytes=4194304/replay=false","Elapsed":0}
{"Time":"2026-09-30T19:20:08.345801+02:00","Action":"run","Package":"github.com/otuschhoff/rados-go/internal/msgr","Test":"TestPerformanceSubmissionReplayFixture/secure/bytes=4194304/replay=true"}
{"Time":"2026-09-30T19:20:08.345803+02:00","Action":"output","Package":"github.com/otuschhoff/rados-go/internal/msgr","Test":"TestPerformanceSubmissionReplayFixture/secure/bytes=4194304/replay=true","Output":"=== RUN   TestPerformanceSubmissionReplayFixture/secure/bytes=4194304/replay=true\n","OutputType":"frame"}
{"Time":"2026-09-30T19:20:08.350868+02:00","Action":"output","Package":"github.com/otuschhoff/rados-go/internal/msgr","Test":"TestPerformanceSubmissionReplayFixture/secure/bytes=4194304/replay=true","Output":"--- PASS: TestPerformanceSubmissionReplayFixture/secure/bytes=4194304/replay=true (0.01s)\n","OutputType":"frame"}
{"Time":"2026-09-30T19:20:08.350883+02:00","Action":"pass","Package":"github.com/otuschhoff/rados-go/internal/msgr","Test":"TestPerformanceSubmissionReplayFixture/secure/bytes=4194304/replay=true","Elapsed":0.01}
{"Time":"2026-09-30T19:20:08.350888+02:00","Action":"output","Package":"github.com/otuschhoff/rados-go/internal/msgr","Test":"TestPerformanceSubmissionReplayFixture","Output":"--- PASS: TestPerformanceSubmissionReplayFixture (0.02s)\n","OutputType":"frame"}
{"Time":"2026-09-30T19:20:08.350889+02:00","Action":"pass","Package":"github.com/otuschhoff/rados-go/internal/msgr","Test":"TestPerformanceSubmissionReplayFixture","Elapsed":0.02}
{"Time":"2026-09-30T19:20:08.350891+02:00","Action":"run","Package":"github.com/otuschhoff/rados-go/internal/msgr","Test":"TestPerformanceIdleConnectionsFixture"}
{"Time":"2026-09-30T19:20:08.350892+02:00","Action":"output","Package":"github.com/otuschhoff/rados-go/internal/msgr","Test":"TestPerformanceIdleConnectionsFixture","Output":"=== RUN   TestPerformanceIdleConnectionsFixture\n","OutputType":"frame"}
{"Time":"2026-09-30T19:20:08.350897+02:00","Action":"run","Package":"github.com/otuschhoff/rados-go/internal/msgr","Test":"TestPerformanceIdleConnectionsFixture/crc/count=1"}
{"Time":"2026-09-30T19:20:08.350899+02:00","Action":"output","Package":"github.com/otuschhoff/rados-go/internal/msgr","Test":"TestPerformanceIdleConnectionsFixture/crc/count=1","Output":"=== RUN   TestPerformanceIdleConnectionsFixture/crc/count=1\n","OutputType":"frame"}
{"Time":"2026-09-30T19:20:08.350957+02:00","Action":"output","Package":"github.com/otuschhoff/rados-go/internal/msgr","Test":"TestPerformanceIdleConnectionsFixture/crc/count=1","Output":"--- PASS: TestPerformanceIdleConnectionsFixture/crc/count=1 (0.00s)\n","OutputType":"frame"}
{"Time":"2026-09-30T19:20:08.350961+02:00","Action":"pass","Package":"github.com/otuschhoff/rados-go/internal/msgr","Test":"TestPerformanceIdleConnectionsFixture/crc/count=1","Elapsed":0}
{"Time":"2026-09-30T19:20:08.350964+02:00","Action":"run","Package":"github.com/otuschhoff/rados-go/internal/msgr","Test":"TestPerformanceIdleConnectionsFixture/crc/count=16"}
{"Time":"2026-09-30T19:20:08.350966+02:00","Action":"output","Package":"github.com/otuschhoff/rados-go/internal/msgr","Test":"TestPerformanceIdleConnectionsFixture/crc/count=16","Output":"=== RUN   TestPerformanceIdleConnectionsFixture/crc/count=16\n","OutputType":"frame"}
{"Time":"2026-09-30T19:20:08.351769+02:00","Action":"output","Package":"github.com/otuschhoff/rados-go/internal/msgr","Test":"TestPerformanceIdleConnectionsFixture/crc/count=16","Output":"--- PASS: TestPerformanceIdleConnectionsFixture/crc/count=16 (0.00s)\n","OutputType":"frame"}
{"Time":"2026-09-30T19:20:08.351774+02:00","Action":"pass","Package":"github.com/otuschhoff/rados-go/internal/msgr","Test":"TestPerformanceIdleConnectionsFixture/crc/count=16","Elapsed":0}
{"Time":"2026-09-30T19:20:08.351777+02:00","Action":"run","Package":"github.com/otuschhoff/rados-go/internal/msgr","Test":"TestPerformanceIdleConnectionsFixture/crc/count=128"}
{"Time":"2026-09-30T19:20:08.351778+02:00","Action":"output","Package":"github.com/otuschhoff/rados-go/internal/msgr","Test":"TestPerformanceIdleConnectionsFixture/crc/count=128","Output":"=== RUN   TestPerformanceIdleConnectionsFixture/crc/count=128\n","OutputType":"frame"}
{"Time":"2026-09-30T19:20:08.357957+02:00","Action":"output","Package":"github.com/otuschhoff/rados-go/internal/msgr","Test":"TestPerformanceIdleConnectionsFixture/crc/count=128","Output":"--- PASS: TestPerformanceIdleConnectionsFixture/crc/count=128 (0.01s)\n","OutputType":"frame"}
{"Time":"2026-09-30T19:20:08.357973+02:00","Action":"pass","Package":"github.com/otuschhoff/rados-go/internal/msgr","Test":"TestPerformanceIdleConnectionsFixture/crc/count=128","Elapsed":0.01}
{"Time":"2026-09-30T19:20:08.357977+02:00","Action":"run","Package":"github.com/otuschhoff/rados-go/internal/msgr","Test":"TestPerformanceIdleConnectionsFixture/secure/count=1"}
{"Time":"2026-09-30T19:20:08.357979+02:00","Action":"output","Package":"github.com/otuschhoff/rados-go/internal/msgr","Test":"TestPerformanceIdleConnectionsFixture/secure/count=1","Output":"=== RUN   TestPerformanceIdleConnectionsFixture/secure/count=1\n","OutputType":"frame"}
{"Time":"2026-09-30T19:20:08.358017+02:00","Action":"output","Package":"github.com/otuschhoff/rados-go/internal/msgr","Test":"TestPerformanceIdleConnectionsFixture/secure/count=1","Output":"--- PASS: TestPerformanceIdleConnectionsFixture/secure/count=1 (0.00s)\n","OutputType":"frame"}
{"Time":"2026-09-30T19:20:08.358044+02:00","Action":"pass","Package":"github.com/otuschhoff/rados-go/internal/msgr","Test":"TestPerformanceIdleConnectionsFixture/secure/count=1","Elapsed":0}
{"Time":"2026-09-30T19:20:08.358047+02:00","Action":"run","Package":"github.com/otuschhoff/rados-go/internal/msgr","Test":"TestPerformanceIdleConnectionsFixture/secure/count=16"}
{"Time":"2026-09-30T19:20:08.358049+02:00","Action":"output","Package":"github.com/otuschhoff/rados-go/internal/msgr","Test":"TestPerformanceIdleConnectionsFixture/secure/count=16","Output":"=== RUN   TestPerformanceIdleConnectionsFixture/secure/count=16\n","OutputType":"frame"}
{"Time":"2026-09-30T19:20:08.358329+02:00","Action":"output","Package":"github.com/otuschhoff/rados-go/internal/msgr","Test":"TestPerformanceIdleConnectionsFixture/secure/count=16","Output":"--- PASS: TestPerformanceIdleConnectionsFixture/secure/count=16 (0.00s)\n","OutputType":"frame"}
{"Time":"2026-09-30T19:20:08.358334+02:00","Action":"pass","Package":"github.com/otuschhoff/rados-go/internal/msgr","Test":"TestPerformanceIdleConnectionsFixture/secure/count=16","Elapsed":0}
{"Time":"2026-09-30T19:20:08.358351+02:00","Action":"run","Package":"github.com/otuschhoff/rados-go/internal/msgr","Test":"TestPerformanceIdleConnectionsFixture/secure/count=128"}
{"Time":"2026-09-30T19:20:08.358356+02:00","Action":"output","Package":"github.com/otuschhoff/rados-go/internal/msgr","Test":"TestPerformanceIdleConnectionsFixture/secure/count=128","Output":"=== RUN   TestPerformanceIdleConnectionsFixture/secure/count=128\n","OutputType":"frame"}
{"Time":"2026-09-30T19:20:08.361365+02:00","Action":"output","Package":"github.com/otuschhoff/rados-go/internal/msgr","Test":"TestPerformanceIdleConnectionsFixture/secure/count=128","Output":"--- PASS: TestPerformanceIdleConnectionsFixture/secure/count=128 (0.00s)\n","OutputType":"frame"}
{"Time":"2026-09-30T19:20:08.361381+02:00","Action":"pass","Package":"github.com/otuschhoff/rados-go/internal/msgr","Test":"TestPerformanceIdleConnectionsFixture/secure/count=128","Elapsed":0}
{"Time":"2026-09-30T19:20:08.361385+02:00","Action":"output","Package":"github.com/otuschhoff/rados-go/internal/msgr","Test":"TestPerformanceIdleConnectionsFixture","Output":"--- PASS: TestPerformanceIdleConnectionsFixture (0.01s)\n","OutputType":"frame"}
{"Time":"2026-09-30T19:20:08.361387+02:00","Action":"pass","Package":"github.com/otuschhoff/rados-go/internal/msgr","Test":"TestPerformanceIdleConnectionsFixture","Elapsed":0.01}
{"Time":"2026-09-30T19:20:08.361389+02:00","Action":"output","Package":"github.com/otuschhoff/rados-go/internal/msgr","Output":"PASS\n","OutputType":"frame"}
{"Time":"2026-09-30T19:20:08.363433+02:00","Action":"output","Package":"github.com/otuschhoff/rados-go/internal/msgr","Output":"ok  \tgithub.com/otuschhoff/rados-go/internal/msgr\t0.501s\n"}
{"Time":"2026-09-30T19:20:08.363447+02:00","Action":"pass","Package":"github.com/otuschhoff/rados-go/internal/msgr","Elapsed":0.501}
{"Time":"2026-09-30T19:20:08.726541+02:00","Action":"run","Package":"github.com/otuschhoff/rados-go/internal/maps","Test":"TestPerformancePlacementFixtures"}
{"Time":"2026-09-30T19:20:08.726576+02:00","Action":"output","Package":"github.com/otuschhoff/rados-go/internal/maps","Test":"TestPerformancePlacementFixtures","Output":"=== RUN   TestPerformancePlacementFixtures\n","OutputType":"frame"}
{"Time":"2026-09-30T19:20:08.726788+02:00","Action":"run","Package":"github.com/otuschhoff/rados-go/internal/maps","Test":"TestPerformancePlacementFixtures/UnrelatedBuckets=0"}
{"Time":"2026-09-30T19:20:08.726793+02:00","Action":"output","Package":"github.com/otuschhoff/rados-go/internal/maps","Test":"TestPerformancePlacementFixtures/UnrelatedBuckets=0","Output":"=== RUN   TestPerformancePlacementFixtures/UnrelatedBuckets=0\n","OutputType":"frame"}
{"Time":"2026-09-30T19:20:08.727571+02:00","Action":"output","Package":"github.com/otuschhoff/rados-go/internal/maps","Test":"TestPerformancePlacementFixtures/UnrelatedBuckets=0","Output":"--- PASS: TestPerformancePlacementFixtures/UnrelatedBuckets=0 (0.00s)\n","OutputType":"frame"}
{"Time":"2026-09-30T19:20:08.727578+02:00","Action":"pass","Package":"github.com/otuschhoff/rados-go/internal/maps","Test":"TestPerformancePlacementFixtures/UnrelatedBuckets=0","Elapsed":0}
{"Time":"2026-09-30T19:20:08.72758+02:00","Action":"run","Package":"github.com/otuschhoff/rados-go/internal/maps","Test":"TestPerformancePlacementFixtures/UnrelatedBuckets=64"}
{"Time":"2026-09-30T19:20:08.727582+02:00","Action":"output","Package":"github.com/otuschhoff/rados-go/internal/maps","Test":"TestPerformancePlacementFixtures/UnrelatedBuckets=64","Output":"=== RUN   TestPerformancePlacementFixtures/UnrelatedBuckets=64\n","OutputType":"frame"}
{"Time":"2026-09-30T19:20:08.728087+02:00","Action":"output","Package":"github.com/otuschhoff/rados-go/internal/maps","Test":"TestPerformancePlacementFixtures/UnrelatedBuckets=64","Output":"--- PASS: TestPerformancePlacementFixtures/UnrelatedBuckets=64 (0.00s)\n","OutputType":"frame"}
{"Time":"2026-09-30T19:20:08.728093+02:00","Action":"pass","Package":"github.com/otuschhoff/rados-go/internal/maps","Test":"TestPerformancePlacementFixtures/UnrelatedBuckets=64","Elapsed":0}
{"Time":"2026-09-30T19:20:08.728096+02:00","Action":"run","Package":"github.com/otuschhoff/rados-go/internal/maps","Test":"TestPerformancePlacementFixtures/UnrelatedBuckets=1024"}
{"Time":"2026-09-30T19:20:08.728097+02:00","Action":"output","Package":"github.com/otuschhoff/rados-go/internal/maps","Test":"TestPerformancePlacementFixtures/UnrelatedBuckets=1024","Output":"=== RUN   TestPerformancePlacementFixtures/UnrelatedBuckets=1024\n","OutputType":"frame"}
{"Time":"2026-09-30T19:20:08.729243+02:00","Action":"output","Package":"github.com/otuschhoff/rados-go/internal/maps","Test":"TestPerformancePlacementFixtures/UnrelatedBuckets=1024","Output":"--- PASS: TestPerformancePlacementFixtures/UnrelatedBuckets=1024 (0.00s)\n","OutputType":"frame"}
{"Time":"2026-09-30T19:20:08.729251+02:00","Action":"pass","Package":"github.com/otuschhoff/rados-go/internal/maps","Test":"TestPerformancePlacementFixtures/UnrelatedBuckets=1024","Elapsed":0}
{"Time":"2026-09-30T19:20:08.729253+02:00","Action":"run","Package":"github.com/otuschhoff/rados-go/internal/maps","Test":"TestPerformancePlacementFixtures/UnrelatedBuckets=4096"}
{"Time":"2026-09-30T19:20:08.729255+02:00","Action":"output","Package":"github.com/otuschhoff/rados-go/internal/maps","Test":"TestPerformancePlacementFixtures/UnrelatedBuckets=4096","Output":"=== RUN   TestPerformancePlacementFixtures/UnrelatedBuckets=4096\n","OutputType":"frame"}
{"Time":"2026-09-30T19:20:08.732576+02:00","Action":"output","Package":"github.com/otuschhoff/rados-go/internal/maps","Test":"TestPerformancePlacementFixtures/UnrelatedBuckets=4096","Output":"--- PASS: TestPerformancePlacementFixtures/UnrelatedBuckets=4096 (0.00s)\n","OutputType":"frame"}
{"Time":"2026-09-30T19:20:08.732589+02:00","Action":"pass","Package":"github.com/otuschhoff/rados-go/internal/maps","Test":"TestPerformancePlacementFixtures/UnrelatedBuckets=4096","Elapsed":0}
{"Time":"2026-09-30T19:20:08.732593+02:00","Action":"output","Package":"github.com/otuschhoff/rados-go/internal/maps","Test":"TestPerformancePlacementFixtures","Output":"--- PASS: TestPerformancePlacementFixtures (0.01s)\n","OutputType":"frame"}
{"Time":"2026-09-30T19:20:08.732595+02:00","Action":"pass","Package":"github.com/otuschhoff/rados-go/internal/maps","Test":"TestPerformancePlacementFixtures","Elapsed":0.01}
{"Time":"2026-09-30T19:20:08.732598+02:00","Action":"run","Package":"github.com/otuschhoff/rados-go/internal/maps","Test":"TestPerformanceIncrementalFixtures"}
{"Time":"2026-09-30T19:20:08.732599+02:00","Action":"output","Package":"github.com/otuschhoff/rados-go/internal/maps","Test":"TestPerformanceIncrementalFixtures","Output":"=== RUN   TestPerformanceIncrementalFixtures\n","OutputType":"frame"}
{"Time":"2026-09-30T19:20:08.732603+02:00","Action":"run","Package":"github.com/otuschhoff/rados-go/internal/maps","Test":"TestPerformanceIncrementalFixtures/OSDs=4/OverridePGs=0"}
{"Time":"2026-09-30T19:20:08.732605+02:00","Action":"output","Package":"github.com/otuschhoff/rados-go/internal/maps","Test":"TestPerformanceIncrementalFixtures/OSDs=4/OverridePGs=0","Output":"=== RUN   TestPerformanceIncrementalFixtures/OSDs=4/OverridePGs=0\n","OutputType":"frame"}
{"Time":"2026-09-30T19:20:08.732684+02:00","Action":"output","Package":"github.com/otuschhoff/rados-go/internal/maps","Test":"TestPerformanceIncrementalFixtures/OSDs=4/OverridePGs=0","Output":"--- PASS: TestPerformanceIncrementalFixtures/OSDs=4/OverridePGs=0 (0.00s)\n","OutputType":"frame"}
{"Time":"2026-09-30T19:20:08.732688+02:00","Action":"pass","Package":"github.com/otuschhoff/rados-go/internal/maps","Test":"TestPerformanceIncrementalFixtures/OSDs=4/OverridePGs=0","Elapsed":0}
{"Time":"2026-09-30T19:20:08.73269+02:00","Action":"run","Package":"github.com/otuschhoff/rados-go/internal/maps","Test":"TestPerformanceIncrementalFixtures/OSDs=64/OverridePGs=0"}
{"Time":"2026-09-30T19:20:08.732692+02:00","Action":"output","Package":"github.com/otuschhoff/rados-go/internal/maps","Test":"TestPerformanceIncrementalFixtures/OSDs=64/OverridePGs=0","Output":"=== RUN   TestPerformanceIncrementalFixtures/OSDs=64/OverridePGs=0\n","OutputType":"frame"}
{"Time":"2026-09-30T19:20:08.732802+02:00","Action":"output","Package":"github.com/otuschhoff/rados-go/internal/maps","Test":"TestPerformanceIncrementalFixtures/OSDs=64/OverridePGs=0","Output":"--- PASS: TestPerformanceIncrementalFixtures/OSDs=64/OverridePGs=0 (0.00s)\n","OutputType":"frame"}
{"Time":"2026-09-30T19:20:08.732809+02:00","Action":"pass","Package":"github.com/otuschhoff/rados-go/internal/maps","Test":"TestPerformanceIncrementalFixtures/OSDs=64/OverridePGs=0","Elapsed":0}
{"Time":"2026-09-30T19:20:08.732811+02:00","Action":"run","Package":"github.com/otuschhoff/rados-go/internal/maps","Test":"TestPerformanceIncrementalFixtures/OSDs=1024/OverridePGs=0"}
{"Time":"2026-09-30T19:20:08.732812+02:00","Action":"output","Package":"github.com/otuschhoff/rados-go/internal/maps","Test":"TestPerformanceIncrementalFixtures/OSDs=1024/OverridePGs=0","Output":"=== RUN   TestPerformanceIncrementalFixtures/OSDs=1024/OverridePGs=0\n","OutputType":"frame"}
{"Time":"2026-09-30T19:20:08.73435+02:00","Action":"output","Package":"github.com/otuschhoff/rados-go/internal/maps","Test":"TestPerformanceIncrementalFixtures/OSDs=1024/OverridePGs=0","Output":"--- PASS: TestPerformanceIncrementalFixtures/OSDs=1024/OverridePGs=0 (0.00s)\n","OutputType":"frame"}
{"Time":"2026-09-30T19:20:08.734356+02:00","Action":"pass","Package":"github.com/otuschhoff/rados-go/internal/maps","Test":"TestPerformanceIncrementalFixtures/OSDs=1024/OverridePGs=0","Elapsed":0}
{"Time":"2026-09-30T19:20:08.734359+02:00","Action":"run","Package":"github.com/otuschhoff/rados-go/internal/maps","Test":"TestPerformanceIncrementalFixtures/OSDs=4096/OverridePGs=0"}
{"Time":"2026-09-30T19:20:08.73436+02:00","Action":"output","Package":"github.com/otuschhoff/rados-go/internal/maps","Test":"TestPerformanceIncrementalFixtures/OSDs=4096/OverridePGs=0","Output":"=== RUN   TestPerformanceIncrementalFixtures/OSDs=4096/OverridePGs=0\n","OutputType":"frame"}
{"Time":"2026-09-30T19:20:08.739338+02:00","Action":"output","Package":"github.com/otuschhoff/rados-go/internal/maps","Test":"TestPerformanceIncrementalFixtures/OSDs=4096/OverridePGs=0","Output":"--- PASS: TestPerformanceIncrementalFixtures/OSDs=4096/OverridePGs=0 (0.00s)\n","OutputType":"frame"}
{"Time":"2026-09-30T19:20:08.73935+02:00","Action":"pass","Package":"github.com/otuschhoff/rados-go/internal/maps","Test":"TestPerformanceIncrementalFixtures/OSDs=4096/OverridePGs=0","Elapsed":0}
{"Time":"2026-09-30T19:20:08.739353+02:00","Action":"run","Package":"github.com/otuschhoff/rados-go/internal/maps","Test":"TestPerformanceIncrementalFixtures/OSDs=4/OverridePGs=64"}
{"Time":"2026-09-30T19:20:08.739354+02:00","Action":"output","Package":"github.com/otuschhoff/rados-go/internal/maps","Test":"TestPerformanceIncrementalFixtures/OSDs=4/OverridePGs=64","Output":"=== RUN   TestPerformanceIncrementalFixtures/OSDs=4/OverridePGs=64\n","OutputType":"frame"}
{"Time":"2026-09-30T19:20:08.739774+02:00","Action":"output","Package":"github.com/otuschhoff/rados-go/internal/maps","Test":"TestPerformanceIncrementalFixtures/OSDs=4/OverridePGs=64","Output":"--- PASS: TestPerformanceIncrementalFixtures/OSDs=4/OverridePGs=64 (0.00s)\n","OutputType":"frame"}
{"Time":"2026-09-30T19:20:08.739797+02:00","Action":"pass","Package":"github.com/otuschhoff/rados-go/internal/maps","Test":"TestPerformanceIncrementalFixtures/OSDs=4/OverridePGs=64","Elapsed":0}
{"Time":"2026-09-30T19:20:08.739804+02:00","Action":"run","Package":"github.com/otuschhoff/rados-go/internal/maps","Test":"TestPerformanceIncrementalFixtures/OSDs=4/OverridePGs=1024"}
{"Time":"2026-09-30T19:20:08.739806+02:00","Action":"output","Package":"github.com/otuschhoff/rados-go/internal/maps","Test":"TestPerformanceIncrementalFixtures/OSDs=4/OverridePGs=1024","Output":"=== RUN   TestPerformanceIncrementalFixtures/OSDs=4/OverridePGs=1024\n","OutputType":"frame"}
{"Time":"2026-09-30T19:20:08.744558+02:00","Action":"output","Package":"github.com/otuschhoff/rados-go/internal/maps","Test":"TestPerformanceIncrementalFixtures/OSDs=4/OverridePGs=1024","Output":"--- PASS: TestPerformanceIncrementalFixtures/OSDs=4/OverridePGs=1024 (0.00s)\n","OutputType":"frame"}
{"Time":"2026-09-30T19:20:08.74457+02:00","Action":"pass","Package":"github.com/otuschhoff/rados-go/internal/maps","Test":"TestPerformanceIncrementalFixtures/OSDs=4/OverridePGs=1024","Elapsed":0}
{"Time":"2026-09-30T19:20:08.744574+02:00","Action":"run","Package":"github.com/otuschhoff/rados-go/internal/maps","Test":"TestPerformanceIncrementalFixtures/OSDs=4/OverridePGs=4096"}
{"Time":"2026-09-30T19:20:08.744576+02:00","Action":"output","Package":"github.com/otuschhoff/rados-go/internal/maps","Test":"TestPerformanceIncrementalFixtures/OSDs=4/OverridePGs=4096","Output":"=== RUN   TestPerformanceIncrementalFixtures/OSDs=4/OverridePGs=4096\n","OutputType":"frame"}
{"Time":"2026-09-30T19:20:08.763675+02:00","Action":"output","Package":"github.com/otuschhoff/rados-go/internal/maps","Test":"TestPerformanceIncrementalFixtures/OSDs=4/OverridePGs=4096","Output":"--- PASS: TestPerformanceIncrementalFixtures/OSDs=4/OverridePGs=4096 (0.02s)\n","OutputType":"frame"}
{"Time":"2026-09-30T19:20:08.763696+02:00","Action":"pass","Package":"github.com/otuschhoff/rados-go/internal/maps","Test":"TestPerformanceIncrementalFixtures/OSDs=4/OverridePGs=4096","Elapsed":0.02}
{"Time":"2026-09-30T19:20:08.763701+02:00","Action":"output","Package":"github.com/otuschhoff/rados-go/internal/maps","Test":"TestPerformanceIncrementalFixtures","Output":"--- PASS: TestPerformanceIncrementalFixtures (0.03s)\n","OutputType":"frame"}
{"Time":"2026-09-30T19:20:08.763703+02:00","Action":"pass","Package":"github.com/otuschhoff/rados-go/internal/maps","Test":"TestPerformanceIncrementalFixtures","Elapsed":0.03}
{"Time":"2026-09-30T19:20:08.763704+02:00","Action":"output","Package":"github.com/otuschhoff/rados-go/internal/maps","Output":"PASS\n","OutputType":"frame"}
{"Time":"2026-09-30T19:20:08.764606+02:00","Action":"output","Package":"github.com/otuschhoff/rados-go/internal/maps","Output":"ok  \tgithub.com/otuschhoff/rados-go/internal/maps\t0.902s\n"}
{"Time":"2026-09-30T19:20:08.76463+02:00","Action":"pass","Package":"github.com/otuschhoff/rados-go/internal/maps","Elapsed":0.902}
